D/DisplayPowerController(  821): updateAmbientLux:  mLightSensorListener lux is 372.0
D/DisplayPowerController(  821): ZTE_PM updateAutoBrightness: useAutoBrightness = true  mAmbientLuxValid = true  mAmbientLux = 372.0
D/DisplayPowerController(  821): updateAutoBrightness: value=0.4890055 *255 = 124.6964
D/DisplayPowerController(  821): ZTE_PM mPowerRequest.screenState is 2
D/DisplayPowerController(  821): ZTE_PM_PROX disable ProxSensor while NO useProximitySensor 
D/DisplayPowerController(  821): ZTE_PM_PROX setProximitySensorEnabled enable = false
D/DisplayPowerController(  821): ZTE_PM  setLightSensorEnabled enable = true updateAutoBrightness = false
D/ledlog_java_com(  821): Excessive delay setting light: 66ms
D/DisplayPowerState(  821): Updating screen state: onChanged=false, on= true, backlightChanged=true, backlight=65
D/DisplayPowerController(  821): updateAmbientLux:  mLightSensorListener lux is 361.0
D/ledlog_java_com(  821): Excessive delay setting light: 66ms
D/DisplayPowerState(  821): Updating screen state: onChanged=false, on= true, backlightChanged=true, backlight=79
D/ledlog_java_com(  821): Excessive delay setting light: 68ms
D/DisplayPowerState(  821): Updating screen state: onChanged=false, on= true, backlightChanged=true, backlight=95
D/PowerManagerService(  821): sendPendingNotificationsLocked mSendGoToSleepFinishedNotificationWhenReady = false
D/LightsService(  821):  Trun on the button and after 2000s,then turn off the button !
D/DisplayPowerController(  821): updateAmbientLux:  mLightSensorListener lux is 363.0
D/ledlog_java_com(  821): Excessive delay setting light: 65ms
D/DisplayPowerState(  821): Updating screen state: onChanged=false, on= true, backlightChanged=true, backlight=109
D/ledlog_java_com(  821): Excessive delay setting light: 69ms
D/DisplayPowerState(  821): Updating screen state: onChanged=false, on= true, backlightChanged=true, backlight=122
W/RobotCore(21228): Unable to send RobocolDatagram: java.net.SocketException: Socket is closed
W/RobotCore(21228):                RobocolDatagram - type:NONE, addr:null, size:0
I/RobotCore(21228): Battery Checker, Level Remaining: 41.0
D/ledlog_java_com(  821): Excessive delay setting light: 64ms
D/DisplayPowerState(  821): Updating screen state: onChanged=false, on= true, backlightChanged=true, backlight=125
D/DisplayPowerController(  821): updateAmbientLux:  mLightSensorListener lux is 361.0
D/ledlog_java_com(  821): Excessive delay setting light: 83ms
I/ActivityManager(  821): START u0 {act=com.qualcomm.ftccommon.configuration.FtcLoadFileActivity.intent.action.Launch cmp=android/com.android.internal.app.ResolverActivity} from pid 21228
D/WallpaperService(  821): mWallpaperDir=/data/system/users/0, path=package-restrictions.xml
D/WallpaperService(  821): mWallpaperDir=/data/system/users/0, path=package-restrictions-backup.xml
D/PowerManagerService(  821): sendPendingNotificationsLocked mSendGoToSleepFinishedNotificationWhenReady = false
D/LockScreen_KeyguardViewMediator(  975): setHidden false
D/LockScreen_KeyguardUpdateMonitor(  975): sendKeyguardVisibilityChanged(true)
D/LockScreen_KeyguardUpdateMonitor(  975): handleKeyguardVisibilityChanged(1)
D/WallpaperService(  821): mWallpaperDir=/data/system/users/0, path=package-restrictions.xml
D/DisplayPowerController(  821): updateAmbientLux:  mLightSensorListener lux is 363.0
D/WallpaperService(  821): mWallpaperDir=/data/system/users/0, path=package-restrictions-backup.xml
D/LockScreen_KeyguardViewMediator(  975): setHidden false
D/LockScreen_KeyguardUpdateMonitor(  975): sendKeyguardVisibilityChanged(true)
D/LockScreen_KeyguardUpdateMonitor(  975): handleKeyguardVisibilityChanged(1)
D/LockScreen_KeyguardViewMediator(  975): setHidden false
D/LockScreen_KeyguardUpdateMonitor(  975): sendKeyguardVisibilityChanged(true)
D/LockScreen_KeyguardUpdateMonitor(  975): handleKeyguardVisibilityChanged(1)
V/RobotCore(21228): closing logcat file /storage/emulated/0/com.qualcomm.ftcrobotcontroller
D/LockScreen_KeyguardViewMediator(  975): setHidden false
D/LockScreen_KeyguardUpdateMonitor(  975): sendKeyguardVisibilityChanged(true)
D/LockScreen_KeyguardUpdateMonitor(  975): handleKeyguardVisibilityChanged(1)
D/LockScreen_KeyguardViewMediator(  975): setHidden false
D/LockScreen_KeyguardUpdateMonitor(  975): sendKeyguardVisibilityChanged(true)
D/LockScreen_KeyguardUpdateMonitor(  975): handleKeyguardVisibilityChanged(1)
I/ActivityManager(  821): Displayed android/com.android.internal.app.ResolverActivity: +157ms
D/LockScreen_KeyguardViewMediator(  975): setHidden false
D/LockScreen_KeyguardUpdateMonitor(  975): sendKeyguardVisibilityChanged(true)
D/LockScreen_KeyguardUpdateMonitor(  975): handleKeyguardVisibilityChanged(1)
D/dalvikvm(21228): GC_FOR_ALLOC freed 2998K, 57% free 4799K/11144K, paused 28ms, total 28ms
I/Timeline(21519): Timeline: Activity_idle id: android.os.BinderProxy@422a93b0 time:9484841
D/PowerManagerService(  821): sendPendingNotificationsLocked mSendGoToSleepFinishedNotificationWhenReady = false
D/DisplayPowerController(  821): updateAmbientLux:  mLightSensorListener lux is 362.0
V/RobotCore(21228): Killing PID 21621
I/Timeline(  821): Timeline: Activity_windows_visible id: ActivityRecord{422c4048 u0 android/com.android.internal.app.ResolverActivity t41} time:9485062
D/LockScreen_KeyguardViewMediator(  975): setHidden false
D/LockScreen_KeyguardUpdateMonitor(  975): sendKeyguardVisibilityChanged(true)
D/LockScreen_KeyguardUpdateMonitor(  975): handleKeyguardVisibilityChanged(1)
D/LockScreen_KeyguardViewMediator(  975): setHidden false
D/LockScreen_KeyguardUpdateMonitor(  975): sendKeyguardVisibilityChanged(true)
D/LockScreen_KeyguardUpdateMonitor(  975): handleKeyguardVisibilityChanged(1)
D/DisplayPowerController(  821): updateAmbientLux:  mLightSensorListener lux is 363.0
D/LockScreen_KeyguardUpdateMonitor(  975): received broadcast android.intent.action.BATTERY_CHANGED
D/LockScreen_DMLockCodeController(  975): canAcceptIntent - can: false
D/LockScreen_CMASAlertController(  975): canAcceptIntent - can: false
D/WifiApPowerMode(  821): ACTION_BATTERY_CHANGED received. pluggedType=0 mUSBConnected=false
D/LockScreen_KeyguardUpdateMonitor(  975): handleBatteryUpdate
D/BatteryService(  821): ZTE Sending ACTION_BATTERY_CHANGED.  level:40, scale:100, status:3, health:2, present:true, voltage: 3713, temperature: 260, technology: Li-ion, AC powered:false, USB powered:false, Wireless powered:false, icon:17302952, invalid charger:0
D/PowerManagerService(  821): sendPendingNotificationsLocked mSendGoToSleepFinishedNotificationWhenReady = false
D/WifiController(  821): battery changed pluggedType: 0
D/DisplayPowerController(  821): updateAmbientLux:  mLightSensorListener lux is 362.0
D/PowerManagerService(  821): sendPendingNotificationsLocked mSendGoToSleepFinishedNotificationWhenReady = false
D/LightsService(  821):  Trun on the button and after 2000s,then turn off the button !
D/DisplayPowerController(  821): updateAmbientLux:  mLightSensorListener lux is 363.0
I/PackageManager(  821):   Action: "com.qualcomm.ftccommon.configuration.FtcLoadFileActivity.intent.action.Launch"
I/PackageManager(  821):   Category: "android.intent.category.DEFAULT"
D/WallpaperService(  821): mWallpaperDir=/data/system/users/0, path=package-restrictions.xml
D/WallpaperService(  821): mWallpaperDir=/data/system/users/0, path=package-restrictions-backup.xml
I/PackageManager(  821): Adding preferred activity ComponentInfo{com.qualcomm.ftcrobotcontroller/com.qualcomm.ftccommon.configuration.FtcLoadFileActivity} for user 0 :
D/WallpaperService(  821): mWallpaperDir=/data/system/users/0, path=package-restrictions.xml
I/Timeline(21519): Timeline: Activity_launch_request id:com.qualcomm.ftcrobotcontroller time:9485782
D/WallpaperService(  821): mWallpaperDir=/data/system/users/0, path=package-restrictions-backup.xml
I/ActivityManager(  821): START u0 {act=com.qualcomm.ftccommon.configuration.FtcLoadFileActivity.intent.action.Launch flg=0x3000000 cmp=com.qualcomm.ftcrobotcontroller/com.qualcomm.ftccommon.configuration.FtcLoadFileActivity} from pid 21519
D/PowerManagerService(  821): sendPendingNotificationsLocked mSendGoToSleepFinishedNotificationWhenReady = false
D/LockScreen_KeyguardViewMediator(  975): setHidden false
D/LockScreen_KeyguardUpdateMonitor(  975): sendKeyguardVisibilityChanged(true)
D/LockScreen_KeyguardUpdateMonitor(  975): handleKeyguardVisibilityChanged(1)
D/LockScreen_KeyguardViewMediator(  975): setHidden false
D/LockScreen_KeyguardUpdateMonitor(  975): sendKeyguardVisibilityChanged(true)
D/LockScreen_KeyguardUpdateMonitor(  975): handleKeyguardVisibilityChanged(1)
D/LockScreen_KeyguardViewMediator(  975): setHidden false
D/LockScreen_KeyguardUpdateMonitor(  975): sendKeyguardVisibilityChanged(true)
D/LockScreen_KeyguardUpdateMonitor(  975): handleKeyguardVisibilityChanged(1)
D/DisplayPowerController(  821): updateAmbientLux:  mLightSensorListener lux is 362.0
D/LockScreen_KeyguardViewMediator(  975): setHidden false
D/LockScreen_KeyguardUpdateMonitor(  975): sendKeyguardVisibilityChanged(true)
D/LockScreen_KeyguardUpdateMonitor(  975): handleKeyguardVisibilityChanged(1)
D/LockScreen_KeyguardViewMediator(  975): setHidden false
D/LockScreen_KeyguardUpdateMonitor(  975): sendKeyguardVisibilityChanged(true)
D/LockScreen_KeyguardUpdateMonitor(  975): handleKeyguardVisibilityChanged(1)
D/LockScreen_KeyguardViewMediator(  975): setHidden false
D/LockScreen_KeyguardUpdateMonitor(  975): sendKeyguardVisibilityChanged(true)
D/LockScreen_KeyguardUpdateMonitor(  975): handleKeyguardVisibilityChanged(1)
D/LockScreen_KeyguardViewMediator(  975): setHidden false
D/LockScreen_KeyguardUpdateMonitor(  975): sendKeyguardVisibilityChanged(true)
D/LockScreen_KeyguardUpdateMonitor(  975): handleKeyguardVisibilityChanged(1)
I/ActivityManager(  821): Displayed com.qualcomm.ftcrobotcontroller/com.qualcomm.ftccommon.configuration.FtcLoadFileActivity: +221ms
D/DisplayPowerController(  821): updateAmbientLux:  mLightSensorListener lux is 363.0
D/LockScreen_KeyguardViewMediator(  975): setHidden false
D/LockScreen_KeyguardUpdateMonitor(  975): sendKeyguardVisibilityChanged(true)
D/LockScreen_KeyguardUpdateMonitor(  975): handleKeyguardVisibilityChanged(1)
D/LockScreen_KeyguardViewMediator(  975): setHidden false
D/LockScreen_KeyguardUpdateMonitor(  975): sendKeyguardVisibilityChanged(true)
D/LockScreen_KeyguardUpdateMonitor(  975): handleKeyguardVisibilityChanged(1)
D/DisplayPowerController(  821): updateAmbientLux:  mLightSensorListener lux is 362.0
D/LockScreen_KeyguardViewMediator(  975): setHidden false
D/LockScreen_KeyguardUpdateMonitor(  975): sendKeyguardVisibilityChanged(true)
D/LockScreen_KeyguardUpdateMonitor(  975): handleKeyguardVisibilityChanged(1)
I/Timeline(21228): Timeline: Activity_idle id: android.os.BinderProxy@4217cff8 time:9486199
D/PowerManagerService(  821): sendPendingNotificationsLocked mSendGoToSleepFinishedNotificationWhenReady = false
D/LockScreen_KeyguardViewMediator(  975): setHidden false
D/LockScreen_KeyguardUpdateMonitor(  975): sendKeyguardVisibilityChanged(true)
D/LockScreen_KeyguardUpdateMonitor(  975): handleKeyguardVisibilityChanged(1)
I/Timeline(  821): Timeline: Activity_windows_visible id: ActivityRecord{4239c010 u0 com.qualcomm.ftcrobotcontroller/com.qualcomm.ftccommon.configuration.FtcLoadFileActivity t41} time:9486356
D/LockScreen_KeyguardViewMediator(  975): setHidden false
D/LockScreen_KeyguardUpdateMonitor(  975): sendKeyguardVisibilityChanged(true)
D/LockScreen_KeyguardUpdateMonitor(  975): handleKeyguardVisibilityChanged(1)
D/DisplayPowerController(  821): updateAmbientLux:  mLightSensorListener lux is 363.0
W/SurfaceFlinger(  260): couldn't log to binary event log: overflow.
D/LockScreen_KeyguardViewMediator(  975): setHidden false
D/LockScreen_KeyguardUpdateMonitor(  975): sendKeyguardVisibilityChanged(true)
D/LockScreen_KeyguardUpdateMonitor(  975): handleKeyguardVisibilityChanged(1)
D/LockScreen_KeyguardViewMediator(  975): setHidden false
D/LockScreen_KeyguardUpdateMonitor(  975): sendKeyguardVisibilityChanged(true)
D/LockScreen_KeyguardUpdateMonitor(  975): handleKeyguardVisibilityChanged(1)
D/LockScreen_KeyguardViewMediator(  975): setHidden false
D/LockScreen_KeyguardUpdateMonitor(  975): sendKeyguardVisibilityChanged(true)
D/LockScreen_KeyguardUpdateMonitor(  975): handleKeyguardVisibilityChanged(1)
D/DisplayPowerController(  821): updateAmbientLux:  mLightSensorListener lux is 362.0
D/DisplayPowerController(  821): updateAmbientLux:  mLightSensorListener lux is 363.0
D/WifiStateMachine(  821): handleMessage: E msg.what=131155
D/WifiStateMachine(  821): processMsg: ConnectedState
D/WifiStateMachine(  821): processMsg: L2ConnectedState
E/WifiManager(  821): calculateSignalLevel(), enter. rssi=-73 numLevels=5 getNameForPid(821)=system_server
D/WifiStateMachine(  821): handleMessage: X
D/DisplayPowerController(  821): updateAmbientLux:  mLightSensorListener lux is 362.0
D/PowerManagerService(  821): sendPendingNotificationsLocked mSendGoToSleepFinishedNotificationWhenReady = false
D/LightsService(  821):  Trun on the button and after 2000s,then turn off the button !
D/DisplayPowerController(  821): updateAmbientLux:  mLightSensorListener lux is 361.0
D/DisplayPowerController(  821): updateAmbientLux:  mLightSensorListener lux is 362.0
D/DisplayPowerController(  821): updateAmbientLux:  mLightSensorListener lux is 361.0
D/PowerManagerService(  821): sendPendingNotificationsLocked mSendGoToSleepFinishedNotificationWhenReady = false
D/LightsService(  821):  Trun on the button and after 2000s,then turn off the button !
D/DisplayPowerController(  821): updateAmbientLux:  mLightSensorListener lux is 362.0
D/DisplayPowerController(  821): updateAmbientLux:  mLightSensorListener lux is 361.0
D/StatusBar.NetworkController(  975): refreshViews: Data not connected!! Set no data type icon / Roaming
D/DisplayPowerController(  821): updateAmbientLux:  mLightSensorListener lux is 363.0
D/DisplayPowerController(  821): updateAmbientLux:  mLightSensorListener lux is 361.0
D/DisplayPowerController(  821): updateAmbientLux:  mLightSensorListener lux is 362.0
D/vibrator_java(  821): mPackageName=android
D/PowerManagerService(  821): sendPendingNotificationsLocked mSendGoToSleepFinishedNotificationWhenReady = false
W/ContextImpl(  821): Calling a method in the system process without a qualified user: android.app.ContextImpl.sendBroadcast:1213 com.android.internal.policy.impl.PhoneWindowManager.interceptKeyBeforeQueueing:4268 com.android.server.wm.InputMonitor.interceptKeyBeforeQueueing:357 com.android.server.input.InputManagerService.interceptKeyBeforeQueueing:1343 dalvik.system.NativeStart.run:-2 
D/PowerManagerService(  821): sendPendingNotificationsLocked mSendGoToSleepFinishedNotificationWhenReady = false
D/LightsService(  821):  Trun on the button and after 2000s,then turn off the button !
D/vibrator_java(  821): mPackageName=android
D/vibrator_java(  821): doVibratorOn  uid= 1000  millis=40ms
D/PowerManagerService(  821): sendPendingNotificationsLocked mSendGoToSleepFinishedNotificationWhenReady = false
D/DisplayPowerController(  821): updateAmbientLux:  mLightSensorListener lux is 360.0
W/ContextImpl(  821): Calling a method in the system process without a qualified user: android.app.ContextImpl.sendBroadcast:1213 com.android.internal.policy.impl.PhoneWindowManager.interceptKeyBeforeQueueing:4268 com.android.server.wm.InputMonitor.interceptKeyBeforeQueueing:357 com.android.server.input.InputManagerService.interceptKeyBeforeQueueing:1343 dalvik.system.NativeStart.run:-2 
D/PowerManagerService(  821): sendPendingNotificationsLocked mSendGoToSleepFinishedNotificationWhenReady = false
D/LockScreen_KeyguardViewMediator(  975): setHidden false
D/LockScreen_KeyguardUpdateMonitor(  975): sendKeyguardVisibilityChanged(true)
D/LockScreen_KeyguardUpdateMonitor(  975): handleKeyguardVisibilityChanged(1)
D/LockScreen_KeyguardViewMediator(  975): setHidden false
D/LockScreen_KeyguardUpdateMonitor(  975): sendKeyguardVisibilityChanged(true)
D/LockScreen_KeyguardUpdateMonitor(  975): handleKeyguardVisibilityChanged(1)
D/LockScreen_KeyguardViewMediator(  975): setHidden false
D/LockScreen_KeyguardUpdateMonitor(  975): sendKeyguardVisibilityChanged(true)
D/LockScreen_KeyguardUpdateMonitor(  975): handleKeyguardVisibilityChanged(1)
D/LockScreen_KeyguardViewMediator(  975): setHidden false
D/LockScreen_KeyguardUpdateMonitor(  975): sendKeyguardVisibilityChanged(true)
D/LockScreen_KeyguardUpdateMonitor(  975): handleKeyguardVisibilityChanged(1)
D/LockScreen_KeyguardViewMediator(  975): setHidden false
D/LockScreen_KeyguardUpdateMonitor(  975): sendKeyguardVisibilityChanged(true)
D/LockScreen_KeyguardUpdateMonitor(  975): handleKeyguardVisibilityChanged(1)
D/LockScreen_KeyguardViewMediator(  975): setHidden false
D/LockScreen_KeyguardUpdateMonitor(  975): sendKeyguardVisibilityChanged(true)
D/LockScreen_KeyguardUpdateMonitor(  975): handleKeyguardVisibilityChanged(1)
D/LockScreen_KeyguardViewMediator(  975): setHidden false
D/LockScreen_KeyguardUpdateMonitor(  975): sendKeyguardVisibilityChanged(true)
D/LockScreen_KeyguardUpdateMonitor(  975): handleKeyguardVisibilityChanged(1)
I/Timeline(21228): Timeline: Activity_idle id: android.os.BinderProxy@4282d800 time:9488457
D/PowerManagerService(  821): sendPendingNotificationsLocked mSendGoToSleepFinishedNotificationWhenReady = false
D/DisplayPowerController(  821): updateAmbientLux:  mLightSensorListener lux is 362.0
I/Timeline(  821): Timeline: Activity_windows_visible id: ActivityRecord{42cbcd80 u0 com.qualcomm.ftcrobotcontroller/com.qualcomm.ftccommon.FtcRobotControllerSettingsActivity t41} time:9488748
D/LockScreen_KeyguardViewMediator(  975): setHidden false
D/LockScreen_KeyguardUpdateMonitor(  975): sendKeyguardVisibilityChanged(true)
D/LockScreen_KeyguardUpdateMonitor(  975): handleKeyguardVisibilityChanged(1)
D/LockScreen_KeyguardViewMediator(  975): setHidden false
D/LockScreen_KeyguardUpdateMonitor(  975): sendKeyguardVisibilityChanged(true)
D/LockScreen_KeyguardUpdateMonitor(  975): handleKeyguardVisibilityChanged(1)
W/SurfaceFlinger(  260): couldn't log to binary event log: overflow.
D/LockScreen_KeyguardViewMediator(  975): setHidden false
D/LockScreen_KeyguardUpdateMonitor(  975): sendKeyguardVisibilityChanged(true)
D/LockScreen_KeyguardUpdateMonitor(  975): handleKeyguardVisibilityChanged(1)
D/LockScreen_KeyguardViewMediator(  975): setHidden false
D/LockScreen_KeyguardUpdateMonitor(  975): sendKeyguardVisibilityChanged(true)
D/LockScreen_KeyguardUpdateMonitor(  975): handleKeyguardVisibilityChanged(1)
D/StatusBar.NetworkController(  975): refreshViews: Data not connected!! Set no data type icon / Roaming
D/vibrator_java(  821): mPackageName=android
D/PowerManagerService(  821): sendPendingNotificationsLocked mSendGoToSleepFinishedNotificationWhenReady = false
W/ContextImpl(  821): Calling a method in the system process without a qualified user: android.app.ContextImpl.sendBroadcast:1213 com.android.internal.policy.impl.PhoneWindowManager.interceptKeyBeforeQueueing:4268 com.android.server.wm.InputMonitor.interceptKeyBeforeQueueing:357 com.android.server.input.InputManagerService.interceptKeyBeforeQueueing:1343 dalvik.system.NativeStart.run:-2 
D/PowerManagerService(  821): sendPendingNotificationsLocked mSendGoToSleepFinishedNotificationWhenReady = false
D/LightsService(  821):  Trun on the button and after 2000s,then turn off the button !
D/vibrator_java(  821): mPackageName=android
D/vibrator_java(  821): doVibratorOn  uid= 1000  millis=40ms
D/PowerManagerService(  821): sendPendingNotificationsLocked mSendGoToSleepFinishedNotificationWhenReady = false
W/ContextImpl(  821): Calling a method in the system process without a qualified user: android.app.ContextImpl.sendBroadcast:1213 com.android.internal.policy.impl.PhoneWindowManager.interceptKeyBeforeQueueing:4268 com.android.server.wm.InputMonitor.interceptKeyBeforeQueueing:357 com.android.server.input.InputManagerService.interceptKeyBeforeQueueing:1343 dalvik.system.NativeStart.run:-2 
D/DisplayPowerController(  821): updateAmbientLux:  mLightSensorListener lux is 361.0
D/LockScreen_KeyguardViewMediator(  975): setHidden false
D/LockScreen_KeyguardUpdateMonitor(  975): sendKeyguardVisibilityChanged(true)
D/LockScreen_KeyguardViewMediator(  975): setHidden false
D/LockScreen_KeyguardUpdateMonitor(  975): sendKeyguardVisibilityChanged(true)
D/LockScreen_KeyguardUpdateMonitor(  975): handleKeyguardVisibilityChanged(1)
D/LockScreen_KeyguardUpdateMonitor(  975): handleKeyguardVisibilityChanged(1)
D/PowerManagerService(  821): sendPendingNotificationsLocked mSendGoToSleepFinishedNotificationWhenReady = false
I/FIRST   (21228): Wifi Direct - disconnected
D/WifiService(  821): acquireWifiLockLocked: WifiLock{ type=3 binder=android.os.BinderProxy@42842aa8}
V/RobotCore(21228): saving logcat to /storage/emulated/0/com.qualcomm.ftcrobotcontroller.logcat
D/LockScreen_KeyguardViewMediator(  975): setHidden false
D/LockScreen_KeyguardUpdateMonitor(  975): sendKeyguardVisibilityChanged(true)
D/LockScreen_KeyguardUpdateMonitor(  975): handleKeyguardVisibilityChanged(1)
D/SensorManager(  821): android: unregisterListenerImpl: all sensors
D/SensorService(  821): xym SensorService::disable---on 0
D/PowerManagerService(  821): sendPendingNotificationsLocked mSendGoToSleepFinishedNotificationWhenReady = false
D/DisplayPowerController(  821): ZTE_PM mPowerRequest.screenState is 2
D/DisplayPowerController(  821): ZTE_PM_PROX disable ProxSensor while NO useProximitySensor 
D/DisplayPowerController(  821): ZTE_PM_PROX setProximitySensorEnabled enable = false
D/DisplayPowerController(  821): ZTE_PM  setLightSensorEnabled enable = false updateAutoBrightness = false
D/SensorService(  821): xym 0 active sensors
E/SensorManager(  821): SensorListener android: 
D/PowerManagerService(  821): sendPendingNotificationsLocked mSendGoToSleepFinishedNotificationWhenReady = false
D/dalvikvm(21228): GC_FOR_ALLOC freed 2204K, 60% free 4478K/11144K, paused 47ms, total 50ms
D/DisplayPowerState(  821): Updating screen state: onChanged=false, on= true, backlightChanged=true, backlight=121
I/FIRST   (21228): Starting FTC Controller Service
I/FIRST   (21228): Android device is zte, N9130
V/RobotCore(21228): There are 1 Wifi Direct Assistant Clients (+)
V/RobotCore(21228): Enabling Wifi Direct Assistant
D/WifiP2pService(  821): GroupCreatedState{ when=0 what=139277 arg1=-2 arg2=13 target=com.android.internal.util.StateMachine$SmHandler }  > CREATE_GROUP
D/WifiP2pService(  821): P2pEnabledState{ when=-2ms what=139277 arg1=-2 arg2=13 target=com.android.internal.util.StateMachine$SmHandler }  > CREATE_GROUP
D/WifiP2pService(  821): DefaultState =139277
D/DisplayPowerState(  821): Updating screen state: onChanged=false, on= true, backlightChanged=true, backlight=115
D/LockScreen_KeyguardViewMediator(  975): setHidden false
D/LockScreen_KeyguardUpdateMonitor(  975): sendKeyguardVisibilityChanged(true)
D/LockScreen_KeyguardUpdateMonitor(  975): handleKeyguardVisibilityChanged(1)
D/LockScreen_KeyguardViewMediator(  975): setHidden false
D/LockScreen_KeyguardUpdateMonitor(  975): sendKeyguardVisibilityChanged(true)
D/LockScreen_KeyguardUpdateMonitor(  975): handleKeyguardVisibilityChanged(1)
D/RobotCore(21228): Wifi Direct state - enabled: true
D/RobotCore(21228): Wifi Direct connection changed - connected: true
D/LockScreen_KeyguardViewMediator(  975): setHidden false
D/LockScreen_KeyguardUpdateMonitor(  975): sendKeyguardVisibilityChanged(true)
D/LockScreen_KeyguardUpdateMonitor(  975): handleKeyguardVisibilityChanged(1)
D/RobotCore(21228): Wifi Direct this device changed
V/RobotCore(21228): Wifi Direct device information: 8397-RC 36:de:34:78:17:f8
D/RobotCore(21228): Wifi Direct cannot create group, does group already exist?
I/FIRST   (21228): Bound to Ftc Controller Service
I/FIRST   (21228): Wifi Direct - disconnected
I/FIRST   (21228): Robot Status: null
D/LockScreen_KeyguardViewMediator(  975): setHidden false
D/LockScreen_KeyguardUpdateMonitor(  975): sendKeyguardVisibilityChanged(true)
D/LockScreen_KeyguardUpdateMonitor(  975): handleKeyguardVisibilityChanged(1)
D/WifiP2pService(  821): GroupCreatedState{ when=0 what=139285 arg2=14 target=com.android.internal.util.StateMachine$SmHandler }  > REQUEST_CONNECTION_INFO
D/WifiP2pService(  821): P2pEnabledState{ when=0 what=139285 arg2=14 target=com.android.internal.util.StateMachine$SmHandler }  > REQUEST_CONNECTION_INFO
D/WifiP2pService(  821): DefaultState =139285
D/WifiP2pService(  821): GroupCreatedState{ when=0 what=139268 target=com.android.internal.util.StateMachine$SmHandler }  > STOP_DISCOVERY
D/WifiP2pService(  821): P2pEnabledState{ when=-1ms what=139268 target=com.android.internal.util.StateMachine$SmHandler }  > STOP_DISCOVERY
I/FIRST   (21228): Processing robot setup
V/RobotCore(21228): thread: 'RobotSetupRunnable.run()' starting...
I/FIRST   (21228): Robot Status: scanning for USB devices
D/LockScreen_KeyguardViewMediator(  975): setHidden false
D/LockScreen_KeyguardUpdateMonitor(  975): sendKeyguardVisibilityChanged(true)
D/LockScreen_KeyguardUpdateMonitor(  975): handleKeyguardVisibilityChanged(1)
D/RobotCore(21228): Group owners address: /192.168.49.1
D/RobotCore(21228): Wifi Direct group formed, this device is the group owner (GO)
I/FIRST   (21228): Wifi Direct - Group Owner
D/RobotCore(21228): Wifi Direct stop discovering peers
D/WifiP2pService(  821): GroupCreatedState{ when=0 what=139287 arg2=15 target=com.android.internal.util.StateMachine$SmHandler }  > REQUEST_GROUP_INFO
D/WifiP2pService(  821): P2pEnabledState{ when=0 what=139287 arg2=15 target=com.android.internal.util.StateMachine$SmHandler }  > REQUEST_GROUP_INFO
D/WifiP2pService(  821): DefaultState =139287
D/WifiP2pService(  821): GroupCreatedState{ when=0 what=139268 target=com.android.internal.util.StateMachine$SmHandler }  > STOP_DISCOVERY
D/WifiP2pService(  821): P2pEnabledState{ when=0 what=139268 target=com.android.internal.util.StateMachine$SmHandler }  > STOP_DISCOVERY
I/FIRST   (21228): Wifi Direct - enabled
D/DisplayPowerState(  821): Updating screen state: onChanged=false, on= true, backlightChanged=true, backlight=105
D/LockScreen_KeyguardViewMediator(  975): setHidden false
D/LockScreen_KeyguardUpdateMonitor(  975): sendKeyguardVisibilityChanged(true)
D/LockScreen_KeyguardUpdateMonitor(  975): handleKeyguardVisibilityChanged(1)
V/RobotCore(21228): Wifi Direct connection information available
I/FIRST   (21228): Wifi Direct Passphrase: ZrKAgl2B
I/Timeline(21228): Timeline: Activity_idle id: android.os.BinderProxy@42185098 time:9489628
D/PowerManagerService(  821): sendPendingNotificationsLocked mSendGoToSleepFinishedNotificationWhenReady = false
D/WifiStateMachine(  821): handleMessage: E msg.what=131155
D/WifiStateMachine(  821): processMsg: ConnectedState
D/WifiStateMachine(  821): processMsg: L2ConnectedState
E/WifiManager(  821): calculateSignalLevel(), enter. rssi=-73 numLevels=5 getNameForPid(821)=system_server
D/WifiStateMachine(  821): handleMessage: X
D/ledlog_java_com(  821): Excessive delay setting light: 66ms
D/DisplayPowerState(  821): Updating screen state: onChanged=false, on= true, backlightChanged=true, backlight=92
D/ledlog_java_com(  821): Excessive delay setting light: 66ms
D/DisplayPowerState(  821): Updating screen state: onChanged=false, on= true, backlightChanged=true, backlight=78
D/ledlog_java_com(  821): Excessive delay setting light: 66ms
D/DisplayPowerState(  821): Updating screen state: onChanged=false, on= true, backlightChanged=true, backlight=65
D/ledlog_java_com(  821): Excessive delay setting light: 66ms
D/DisplayPowerState(  821): Updating screen state: onChanged=false, on= true, backlightChanged=true, backlight=48
I/Timeline(  821): Timeline: Activity_windows_visible id: ActivityRecord{42218ff8 u0 com.qualcomm.ftcrobotcontroller/.FtcRobotControllerActivity t41} time:9489913
D/LockScreen_KeyguardViewMediator(  975): setHidden false
D/LockScreen_KeyguardUpdateMonitor(  975): sendKeyguardVisibilityChanged(true)
D/LockScreen_KeyguardUpdateMonitor(  975): handleKeyguardVisibilityChanged(1)
D/LockScreen_KeyguardViewMediator(  975): setHidden false
D/LockScreen_KeyguardUpdateMonitor(  975): sendKeyguardVisibilityChanged(true)
D/LockScreen_KeyguardUpdateMonitor(  975): handleKeyguardVisibilityChanged(1)
D/LockScreen_KeyguardViewMediator(  975): setHidden false
D/LockScreen_KeyguardUpdateMonitor(  975): sendKeyguardVisibilityChanged(true)
D/LockScreen_KeyguardUpdateMonitor(  975): handleKeyguardVisibilityChanged(1)
D/LockScreen_KeyguardViewMediator(  975): setHidden false
D/LockScreen_KeyguardUpdateMonitor(  975): sendKeyguardVisibilityChanged(true)
D/LockScreen_KeyguardUpdateMonitor(  975): handleKeyguardVisibilityChanged(1)
D/DisplayPowerState(  821): Updating screen state: onChanged=false, on= true, backlightChanged=true, backlight=42
D/DisplayPowerState(  821): Updating screen state: onChanged=false, on= true, backlightChanged=true, backlight=32
D/ledlog_java_com(  821): Excessive delay setting light: 66ms
D/DisplayPowerState(  821): Updating screen state: onChanged=false, on= true, backlightChanged=true, backlight=15
D/ledlog_java_com(  821): Excessive delay setting light: 66ms
D/DisplayPowerState(  821): Updating screen state: onChanged=false, on= true, backlightChanged=true, backlight=12
D/ledlog_java_com(  821): Excessive delay setting light: 67ms
W/System.err(  821): android.provider.Settings$SettingNotFoundException: light_duration
W/System.err(  821): 	at android.provider.Settings$System.getIntForUser(Settings.java:1250)
W/System.err(  821): 	at android.provider.Settings$System.getInt(Settings.java:1240)
W/System.err(  821): 	at com.android.server.LightsService.turnOffButtonLight(LightsService.java:96)
W/System.err(  821): 	at com.android.server.LightsService$2.handleMessage(LightsService.java:301)
W/System.err(  821): 	at android.os.Handler.dispatchMessage(Handler.java:102)
W/System.err(  821): 	at android.os.Looper.loop(Looper.java:136)
W/System.err(  821): 	at com.android.server.ServerThread.initAndLoop(SystemServer.java:1181)
W/System.err(  821): 	at com.android.server.SystemServer.main(SystemServer.java:1306)
W/System.err(  821): 	at java.lang.reflect.Method.invokeNative(Native Method)
W/System.err(  821): 	at java.lang.reflect.Method.invoke(Method.java:515)
W/System.err(  821): 	at com.android.internal.os.ZygoteInit$MethodAndArgsCaller.run(ZygoteInit.java:786)
W/System.err(  821): 	at com.android.internal.os.ZygoteInit.main(ZygoteInit.java:602)
W/System.err(  821): 	at dalvik.system.NativeStart.main(Native Method)
D/LightsService(  821):  turnOffButtonLight   mButtonLightTimeout = 2000
D/WifiStateMachine(  821): handleMessage: E msg.what=131155
D/WifiStateMachine(  821): processMsg: ConnectedState
D/WifiStateMachine(  821): processMsg: L2ConnectedState
E/WifiManager(  821): calculateSignalLevel(), enter. rssi=-74 numLevels=5 getNameForPid(821)=system_server
D/WifiStateMachine(  821): handleMessage: X
V/RobotCore(21228): EventLoopManager state is NOT_STARTED
I/FIRST   (21228): Robot Status: waiting on network
I/FIRST   (21228): Robot Status: starting robot
I/RobotCore(21228): Battery Checker, Level Remaining: 40.0
D/RobotCore(21228): RobocolDatagramSocket binding to /192.168.49.1:20884
V/RobotCore(21228): thread: 'ScheduledSendRunnable.run()' starting...
V/RobotCore(21228): thread: 'RecvRunnable.run()' starting...
V/RobotCore(21228): EventLoopManager state is STOPPED
I/FIRST   (21228): Robot Status: stopped
V/RobotCore(21228): EventLoopManager state is INIT
I/FIRST   (21228): Robot Status: init
I/FIRST   (21228): ======= INIT START =======
V/RobotCore(21228): Starting Modern Robotics device manager
V/RobotCore(21228): Creating Modern Robotics USB DC Motor Controller - AL00VXQT
V/D2xx::  (21228): Vendor: 0403, Product: 6001
V/D2xx::  (21228): Vendor: 0403, Product: 6001
V/D2xx::  (21228): Vendor: 0403, Product: 6001
V/D2xx::  (21228): Vendor: 0403, Product: 6001
V/D2xx::  (21228): Vendor: 0403, Product: 6001
D/FTDI_Device::(21228): open SUCCESS
I/FTDI_Device::(21228): EP: 0x81
I/FTDI_Device::(21228): EP: 0x02
D/UsbRequestJNI(21228): init
D/D2XX::  (21228): **********************Device Opened**********************
D/dalvikvm(21228): GC_CONCURRENT freed 1593K, 56% free 4917K/11144K, paused 2ms+13ms, total 61ms
D/dalvikvm(21228): WAIT_FOR_CONCURRENT_GC blocked 5ms
I/RobotCore(21228): new remote peer discovered: 192.168.49.20
D/RobotCore(21228): RobocolDatagramSocket connected to /192.168.49.20:20884
V/RobotCore(21228): sending peer discovery packet(10216)
V/RobotCore(21228): Starting up device AL00VXQT
V/RobotCore(21228): thread: 'r/w loop for device AL00VXQT' starting...
V/RobotCore(21228): Creating Modern Robotics USB DC Motor Controller - AL00VWAX
V/D2xx::  (21228): Vendor: 0403, Product: 6001
V/D2xx::  (21228): Vendor: 0403, Product: 6001
V/D2xx::  (21228): Vendor: 0403, Product: 6001
V/D2xx::  (21228): Vendor: 0403, Product: 6001
V/D2xx::  (21228): Vendor: 0403, Product: 6001
D/FTDI_Device::(21228): open SUCCESS
I/FTDI_Device::(21228): EP: 0x81
I/FTDI_Device::(21228): EP: 0x02
D/UsbRequestJNI(21228): init
D/D2XX::  (21228): **********************Device Opened**********************
D/WifiStateMachine(  821): handleMessage: E msg.what=131155
D/WifiStateMachine(  821): processMsg: ConnectedState
D/WifiStateMachine(  821): processMsg: L2ConnectedState
E/WifiManager(  821): calculateSignalLevel(), enter. rssi=-74 numLevels=5 getNameForPid(821)=system_server
D/WifiStateMachine(  821): handleMessage: X
V/RobotCore(21228): Starting up device AL00VWAX
V/RobotCore(21228): thread: 'r/w loop for device AL00VWAX' starting...
V/RobotCore(21228): Creating Modern Robotics USB DC Motor Controller - AL00VW59
V/D2xx::  (21228): Vendor: 0403, Product: 6001
V/D2xx::  (21228): Vendor: 0403, Product: 6001
V/D2xx::  (21228): Vendor: 0403, Product: 6001
V/D2xx::  (21228): Vendor: 0403, Product: 6001
V/D2xx::  (21228): Vendor: 0403, Product: 6001
D/FTDI_Device::(21228): open SUCCESS
I/FTDI_Device::(21228): EP: 0x81
I/FTDI_Device::(21228): EP: 0x02
D/UsbRequestJNI(21228): init
D/D2XX::  (21228): **********************Device Opened**********************
V/RobotCore(21228): Starting up device AL00VW59
V/RobotCore(21228): thread: 'r/w loop for device AL00VW59' starting...
V/RobotCore(21228): Creating Modern Robotics USB Servo Controller - AL00XP1Z
V/D2xx::  (21228): Vendor: 0403, Product: 6001
V/D2xx::  (21228): Vendor: 0403, Product: 6001
V/D2xx::  (21228): Vendor: 0403, Product: 6001
V/D2xx::  (21228): Vendor: 0403, Product: 6001
V/D2xx::  (21228): Vendor: 0403, Product: 6001
D/FTDI_Device::(21228): open SUCCESS
I/FTDI_Device::(21228): EP: 0x81
I/FTDI_Device::(21228): EP: 0x02
D/UsbRequestJNI(21228): init
D/D2XX::  (21228): **********************Device Opened**********************
V/RobotCore(21228): Starting up device AL00XP1Z
V/RobotCore(21228): thread: 'r/w loop for device AL00XP1Z' starting...
I/RobotCore(21228): ========= Device Information ===================================================
I/RobotCore(21228): Type                                          Name                           Connection
I/RobotCore(21228): Modern Robotics USB DC Motor Controller       Motor Controller 3             USB AL00VW59
I/RobotCore(21228): Modern Robotics USB DC Motor Controller       Motor Controller 1             USB AL00VXQT
I/RobotCore(21228): Modern Robotics USB DC Motor Controller       Motor Controller 2             USB AL00VWAX
I/RobotCore(21228): DC Motor                                      AM1                            USB AL00VWAX; port 2
I/RobotCore(21228): DC Motor                                      AM2                            USB AL00VW59; port 1
I/RobotCore(21228): DC Motor                                      AM3                            USB AL00VW59; port 2
I/RobotCore(21228): DC Motor                                      RM1                            USB AL00VXQT; port 2
I/RobotCore(21228): DC Motor                                      LM1                            USB AL00VXQT; port 1
I/RobotCore(21228): DC Motor                                      MM1                            USB AL00VWAX; port 1
I/RobotCore(21228): Modern Robotics USB Servo Controller          Servo Controller 4             USB AL00XP1Z
I/RobotCore(21228): Servo                                         DS1                            USB AL00XP1Z; port 2
I/RobotCore(21228): Servo                                         TS1                            USB AL00XP1Z; port 1
I/RobotCore(21228): Modern Robotics USB DC Motor Controller       Motor Controller 3             USB AL00VW59
I/RobotCore(21228): Modern Robotics USB DC Motor Controller       Motor Controller 1             USB AL00VXQT
I/RobotCore(21228): Modern Robotics USB DC Motor Controller       Motor Controller 2             USB AL00VWAX
I/FIRST   (21228): ======= INIT FINISH =======
V/RobotCore(21228): EventLoopManager state is RUNNING
I/FIRST   (21228): Robot Status: running
V/RobotCore(21228): thread: ...terminating 'RobotSetupRunnable.run()'
V/RobotCore(21228): thread: 'EventLoopRunnable.run()' starting...
I/FIRST   (21228): Processing Command: CMD_RUN_OP_MODE(19949) TeleOp
I/FIRST   (21228): Processing Command: CMD_REQUEST_OP_MODE_LIST(19951) 
I/FIRST   (21228): Processing Command: CMD_INIT_OP_MODE(19947) Stop Robot
I/FIRST   (21228): Processing Command: CMD_INIT_OP_MODE(19948) TeleOp
V/RobotCore(21228): sending CMD_RUN_OP_MODE_RESP(10221), attempt 0
V/RobotCore(21228): sending CMD_REQUEST_OP_MODE_LIST_RESP(10225), attempt 0
V/RobotCore(21228): sending CMD_INIT_OP_MODE_RESP(10229), attempt 0
V/RobotCore(21228): sending CMD_INIT_OP_MODE_RESP(10233), attempt 0
I/FIRST   (21228): Processing Command: CMD_INIT_OP_MODE(10024) Stop Robot
V/RobotCore(21228): sending CMD_INIT_OP_MODE_RESP(10276), attempt 0
I/RobotCore(21228): Attempting to switch to op mode Stop Robot
D/dalvikvm(21228): GC_CONCURRENT freed 1069K, 48% free 5838K/11144K, paused 2ms+3ms, total 39ms
D/dalvikvm(21228): GC_CONCURRENT freed 1956K, 48% free 5842K/11144K, paused 2ms+4ms, total 35ms
D/WifiStateMachine(  821): handleMessage: E msg.what=131155
D/WifiStateMachine(  821): processMsg: ConnectedState
D/WifiStateMachine(  821): processMsg: L2ConnectedState
E/WifiManager(  821): calculateSignalLevel(), enter. rssi=-73 numLevels=5 getNameForPid(821)=system_server
D/WifiStateMachine(  821): handleMessage: X
D/StatusBar.NetworkController(  975): refreshViews: Data not connected!! Set no data type icon / Roaming
I/FIRST   (21228): Processing Command: CMD_INIT_OP_MODE(10107) Stop Robot
I/RobotCore(21228): Attempting to switch to op mode Stop Robot
V/RobotCore(21228): sending CMD_INIT_OP_MODE_RESP(10345), attempt 0
D/PowerManagerService_DumpWakeLock(  821): Dump interval is: 29 s
D/PowerManagerService_DumpWakeLock(  821):  Current State is: Awake
D/PowerManagerService_DumpWakeLock(  821): Screen off timeout: 300000 ms
D/PowerManagerService_DumpWakeLock(  821): Screen dim duration: 7000 ms
D/PowerManagerService_DumpWakeLock(  821): Wake Locks: size=1
D/PowerManagerService_DumpWakeLock(  821):   SCREEN_BRIGHT_WAKE_LOCK        'WindowManager' ON_AFTER_RELEASE (uid=1000, pid=821, ws=WorkSource{10111})
D/PowerManagerService_DumpWakeLock(  821): Suspend Blockers: size=5
D/PowerManagerService_DumpWakeLock(  821):   PowerManagerService.WakeLocks: ref count=1
D/PowerManagerService_DumpWakeLock(  821):   PowerManagerService.Display: ref count=1
D/PowerManagerService_DumpWakeLock(  821):   PowerManagerService.Proximity: ref count=0
D/PowerManagerService_DumpWakeLock(  821):   PowerManagerService.Broadcasts: ref count=0
D/PowerManagerService_DumpWakeLock(  821):   PowerManagerService.WirelessChargerDetector: ref count=0
D/PowerManagerService_DumpWakeLock(  821): Screen On Blocker: held=false, mNestCount=0
D/PowerManagerService_DumpWakeLock(  821): Display Blanker: blanked=false
D/dalvikvm(21228): GC_CONCURRENT freed 1969K, 48% free 5847K/11144K, paused 3ms+5ms, total 44ms
D/dalvikvm(21228): GC_CONCURRENT freed 1986K, 48% free 5837K/11144K, paused 3ms+4ms, total 44ms
D/WifiStateMachine(  821): handleMessage: E msg.what=131155
D/WifiStateMachine(  821): processMsg: ConnectedState
D/WifiStateMachine(  821): processMsg: L2ConnectedState
E/WifiManager(  821): calculateSignalLevel(), enter. rssi=-74 numLevels=5 getNameForPid(821)=system_server
D/WifiStateMachine(  821): handleMessage: X
D/dalvikvm(21228): GC_CONCURRENT freed 1967K, 48% free 5829K/11144K, paused 3ms+4ms, total 41ms
D/StatusBar.NetworkController(  975): refreshViews: Data not connected!! Set no data type icon / Roaming
I/FIRST   (21228): Processing Command: CMD_INIT_OP_MODE(10156) TeleOp
I/RobotCore(21228): Attempting to switch to op mode TeleOp
V/RobotCore(21228): sending CMD_INIT_OP_MODE_RESP(10382), attempt 0
I/FIRST   (21228): Processing Command: CMD_RUN_OP_MODE(10162) TeleOp
V/RobotCore(21228): sending CMD_RUN_OP_MODE_RESP(10391), attempt 0
D/dalvikvm(21228): GC_CONCURRENT freed 1980K, 48% free 5825K/11144K, paused 4ms+3ms, total 54ms
D/dalvikvm(21228): GC_CONCURRENT freed 1944K, 48% free 5829K/11144K, paused 3ms+6ms, total 46ms
D/WifiStateMachine(  821): handleMessage: E msg.what=131155
D/WifiStateMachine(  821): processMsg: ConnectedState
D/WifiStateMachine(  821): processMsg: L2ConnectedState
E/WifiManager(  821): calculateSignalLevel(), enter. rssi=-74 numLevels=5 getNameForPid(821)=system_server
D/WifiStateMachine(  821): handleMessage: X
D/dalvikvm(21228): GC_CONCURRENT freed 1961K, 48% free 5846K/11144K, paused 3ms+4ms, total 48ms
D/dalvikvm(21228): GC_CONCURRENT freed 1966K, 48% free 5864K/11144K, paused 3ms+4ms, total 52ms
D/dalvikvm(21228): GC_CONCURRENT freed 1990K, 48% free 5838K/11144K, paused 4ms+6ms, total 42ms
D/dalvikvm(21228): GC_CONCURRENT freed 1950K, 48% free 5853K/11144K, paused 2ms+4ms, total 40ms
D/WifiStateMachine(  821): handleMessage: E msg.what=131155
D/WifiStateMachine(  821): processMsg: ConnectedState
D/WifiStateMachine(  821): processMsg: L2ConnectedState
E/WifiManager(  821): calculateSignalLevel(), enter. rssi=-75 numLevels=5 getNameForPid(821)=system_server
D/WifiStateMachine(  821): handleMessage: X
D/dalvikvm(21228): GC_CONCURRENT freed 1974K, 48% free 5853K/11144K, paused 3ms+6ms, total 41ms
D/dalvikvm(21228): GC_CONCURRENT freed 1962K, 48% free 5869K/11144K, paused 3ms+3ms, total 50ms
D/dalvikvm(21228): GC_CONCURRENT freed 1998K, 48% free 5852K/11144K, paused 3ms+3ms, total 49ms
D/WifiStateMachine(  821): handleMessage: E msg.what=131155
D/WifiStateMachine(  821): processMsg: ConnectedState
D/WifiStateMachine(  821): processMsg: L2ConnectedState
E/WifiManager(  821): calculateSignalLevel(), enter. rssi=-76 numLevels=5 getNameForPid(821)=system_server
D/WifiStateMachine(  821): handleMessage: X
D/dalvikvm(21228): GC_CONCURRENT freed 1972K, 48% free 5852K/11144K, paused 3ms+5ms, total 47ms
D/dalvikvm(21228): GC_CONCURRENT freed 1965K, 48% free 5848K/11144K, paused 3ms+4ms, total 37ms
D/dalvikvm(21228): GC_CONCURRENT freed 1962K, 48% free 5856K/11144K, paused 4ms+2ms, total 40ms
D/WifiStateMachine(  821): handleMessage: E msg.what=131155
D/WifiStateMachine(  821): processMsg: ConnectedState
D/WifiStateMachine(  821): processMsg: L2ConnectedState
E/WifiManager(  821): calculateSignalLevel(), enter. rssi=-75 numLevels=5 getNameForPid(821)=system_server
D/WifiStateMachine(  821): handleMessage: X
D/dalvikvm(21228): GC_CONCURRENT freed 1974K, 48% free 5867K/11144K, paused 3ms+8ms, total 47ms
D/dalvikvm(21228): GC_CONCURRENT freed 1994K, 48% free 5848K/11144K, paused 3ms+2ms, total 46ms
D/dalvikvm(21228): GC_CONCURRENT freed 1979K, 48% free 5849K/11144K, paused 3ms+4ms, total 45ms
D/WifiStateMachine(  821): handleMessage: E msg.what=131155
D/WifiStateMachine(  821): processMsg: ConnectedState
D/WifiStateMachine(  821): processMsg: L2ConnectedState
E/WifiManager(  821): calculateSignalLevel(), enter. rssi=-74 numLevels=5 getNameForPid(821)=system_server
D/WifiStateMachine(  821): handleMessage: X
D/dalvikvm(21228): GC_CONCURRENT freed 1967K, 48% free 5850K/11144K, paused 4ms+5ms, total 38ms
D/dalvikvm(21228): GC_CONCURRENT freed 1957K, 48% free 5862K/11144K, paused 3ms+3ms, total 40ms
D/dalvikvm(21228): GC_CONCURRENT freed 1985K, 48% free 5846K/11144K, paused 3ms+3ms, total 40ms
D/WifiStateMachine(  821): handleMessage: E msg.what=131155
D/WifiStateMachine(  821): processMsg: ConnectedState
D/WifiStateMachine(  821): processMsg: L2ConnectedState
E/WifiManager(  821): calculateSignalLevel(), enter. rssi=-76 numLevels=5 getNameForPid(821)=system_server
D/WifiStateMachine(  821): handleMessage: X
D/LockScreen_KeyguardUpdateMonitor(  975): received broadcast android.intent.action.TIME_TICK
D/LockScreen_DMLockCodeController(  975): canAcceptIntent - can: false
D/LockScreen_CMASAlertController(  975): canAcceptIntent - can: false
D/LockScreen_KeyguardUpdateMonitor(  975): handleTimeUpdate
W/AlarmManager(  821): Alarm triggering: Alarm{42b893e8 type 3 android}
D/PowerManagerService(  821): sendPendingNotificationsLocked mSendGoToSleepFinishedNotificationWhenReady = false
E/niejiyong(  975): WeatherService is Running
E/niejiyong(  975): Weather process is Running
E/niejiyong(  975): WeatherService is Running
E/niejiyong(  975): Weather process is Running
D/haha    ( 1045): mDateTimeReceiver intent::Intent { act=android.intent.action.TIME_TICK flg=0x50000014 (has extras) }
E/niejiyong( 1045): TypeBWeatherWidget :: performUpdate..
E/niejiyong( 1045): TypeBWeatherWidget :: performUpdate..cityLocationId = cityId:2127968
D/haha    ( 1045): WeatherWidget update  AmPm=1,  Hour=6,  Minute=3
D/PowerManagerService(  821): sendPendingNotificationsLocked mSendGoToSleepFinishedNotificationWhenReady = false
D/dalvikvm(21228): GC_CONCURRENT freed 1954K, 48% free 5847K/11144K, paused 2ms+3ms, total 31ms
D/dalvikvm(21228): GC_CONCURRENT freed 1970K, 48% free 5862K/11144K, paused 3ms+3ms, total 42ms
D/dalvikvm(21228): GC_CONCURRENT freed 1970K, 48% free 5856K/11144K, paused 2ms+4ms, total 40ms
D/WifiStateMachine(  821): handleMessage: E msg.what=131155
D/WifiStateMachine(  821): processMsg: ConnectedState
D/WifiStateMachine(  821): processMsg: L2ConnectedState
E/WifiManager(  821): calculateSignalLevel(), enter. rssi=-76 numLevels=5 getNameForPid(821)=system_server
D/WifiStateMachine(  821): handleMessage: X
D/dalvikvm(21228): GC_CONCURRENT freed 1968K, 48% free 5848K/11144K, paused 3ms+4ms, total 41ms
D/dalvikvm(21228): GC_CONCURRENT freed 1967K, 48% free 5858K/11144K, paused 3ms+5ms, total 45ms
D/dalvikvm(21228): GC_CONCURRENT freed 1982K, 48% free 5847K/11144K, paused 2ms+2ms, total 36ms
D/dalvikvm(21228): GC_CONCURRENT freed 1959K, 48% free 5849K/11144K, paused 2ms+5ms, total 41ms
D/WifiStateMachine(  821): handleMessage: E msg.what=131155
D/WifiStateMachine(  821): processMsg: ConnectedState
D/WifiStateMachine(  821): processMsg: L2ConnectedState
E/WifiManager(  821): calculateSignalLevel(), enter. rssi=-75 numLevels=5 getNameForPid(821)=system_server
D/WifiStateMachine(  821): handleMessage: X
D/dalvikvm(21228): GC_CONCURRENT freed 1987K, 48% free 5858K/11144K, paused 3ms+5ms, total 51ms
D/dalvikvm(21228): GC_CONCURRENT freed 1992K, 48% free 5843K/11144K, paused 2ms+4ms, total 44ms
D/dalvikvm(21228): GC_CONCURRENT freed 1968K, 48% free 5854K/11144K, paused 3ms+3ms, total 42ms
D/WifiStateMachine(  821): handleMessage: E msg.what=131155
D/WifiStateMachine(  821): processMsg: ConnectedState
D/WifiStateMachine(  821): processMsg: L2ConnectedState
E/WifiManager(  821): calculateSignalLevel(), enter. rssi=-74 numLevels=5 getNameForPid(821)=system_server
D/WifiStateMachine(  821): handleMessage: X
D/dalvikvm(21228): GC_CONCURRENT freed 1984K, 48% free 5855K/11144K, paused 3ms+4ms, total 53ms
D/StatusBar.NetworkController(  975): refreshViews: Data not connected!! Set no data type icon / Roaming
D/PowerManagerService_DumpWakeLock(  821): Dump interval is: 30 s
D/PowerManagerService_DumpWakeLock(  821):  Current State is: Awake
D/PowerManagerService_DumpWakeLock(  821): Screen off timeout: 300000 ms
D/PowerManagerService_DumpWakeLock(  821): Screen dim duration: 7000 ms
D/PowerManagerService_DumpWakeLock(  821): Wake Locks: size=1
D/PowerManagerService_DumpWakeLock(  821):   SCREEN_BRIGHT_WAKE_LOCK        'WindowManager' ON_AFTER_RELEASE (uid=1000, pid=821, ws=WorkSource{10111})
D/PowerManagerService_DumpWakeLock(  821): Suspend Blockers: size=5
D/PowerManagerService_DumpWakeLock(  821):   PowerManagerService.WakeLocks: ref count=1
D/PowerManagerService_DumpWakeLock(  821):   PowerManagerService.Display: ref count=1
D/PowerManagerService_DumpWakeLock(  821):   PowerManagerService.Proximity: ref count=0
D/PowerManagerService_DumpWakeLock(  821):   PowerManagerService.Broadcasts: ref count=0
D/PowerManagerService_DumpWakeLock(  821):   PowerManagerService.WirelessChargerDetector: ref count=0
D/PowerManagerService_DumpWakeLock(  821): Screen On Blocker: held=false, mNestCount=0
D/PowerManagerService_DumpWakeLock(  821): Display Blanker: blanked=false
D/dalvikvm(21228): GC_CONCURRENT freed 1968K, 48% free 5851K/11144K, paused 2ms+5ms, total 40ms
D/dalvikvm(21228): GC_CONCURRENT freed 1964K, 48% free 5857K/11144K, paused 4ms+2ms, total 39ms
D/WifiStateMachine(  821): handleMessage: E msg.what=131155
