D/WifiStateMachine(  821): processMsg: ConnectedState
D/WifiStateMachine(  821): processMsg: L2ConnectedState
E/WifiManager(  821): calculateSignalLevel(), enter. rssi=-76 numLevels=5 getNameForPid(821)=system_server
D/WifiStateMachine(  821): handleMessage: X
D/StatusBar.NetworkController(  975): refreshViews: Data not connected!! Set no data type icon / Roaming
D/dalvikvm(21228): GC_CONCURRENT freed 1965K, 48% free 5849K/11144K, paused 4ms+4ms, total 39ms
D/dalvikvm(21228): GC_CONCURRENT freed 1962K, 48% free 5850K/11144K, paused 3ms+3ms, total 39ms
D/StatusBar.NetworkController(  975): refreshViews: Data not connected!! Set no data type icon / Roaming
D/dalvikvm(21228): GC_CONCURRENT freed 1964K, 48% free 5845K/11144K, paused 3ms+4ms, total 42ms
D/WifiStateMachine(  821): handleMessage: E msg.what=131155
D/WifiStateMachine(  821): processMsg: ConnectedState
D/WifiStateMachine(  821): processMsg: L2ConnectedState
E/WifiManager(  821): calculateSignalLevel(), enter. rssi=-75 numLevels=5 getNameForPid(821)=system_server
D/WifiStateMachine(  821): handleMessage: X
D/dalvikvm(21228): GC_CONCURRENT freed 1968K, 48% free 5864K/11144K, paused 3ms+5ms, total 52ms
D/dalvikvm(21228): GC_CONCURRENT freed 1982K, 48% free 5863K/11144K, paused 3ms+5ms, total 48ms
D/dalvikvm(21228): GC_CONCURRENT freed 1975K, 48% free 5855K/11144K, paused 4ms+4ms, total 41ms
D/WifiStateMachine(  821): handleMessage: E msg.what=131155
D/WifiStateMachine(  821): processMsg: ConnectedState
D/WifiStateMachine(  821): processMsg: L2ConnectedState
E/WifiManager(  821): calculateSignalLevel(), enter. rssi=-74 numLevels=5 getNameForPid(821)=system_server
D/WifiStateMachine(  821): handleMessage: X
D/dalvikvm(21228): GC_CONCURRENT freed 1984K, 48% free 5851K/11144K, paused 3ms+5ms, total 45ms
D/dalvikvm(21228): GC_CONCURRENT freed 1981K, 48% free 5853K/11144K, paused 3ms+5ms, total 48ms
D/StatusBar.NetworkController(  975): refreshViews: Data not connected!! Set no data type icon / Roaming
D/dalvikvm(21228): GC_CONCURRENT freed 1971K, 48% free 5846K/11144K, paused 2ms+5ms, total 36ms
D/LockScreen_KeyguardUpdateMonitor(  975): received broadcast android.intent.action.BATTERY_CHANGED
D/LockScreen_DMLockCodeController(  975): canAcceptIntent - can: false
D/LockScreen_CMASAlertController(  975): canAcceptIntent - can: false
D/LockScreen_KeyguardUpdateMonitor(  975): handleBatteryUpdate
D/WifiApPowerMode(  821): ACTION_BATTERY_CHANGED received. pluggedType=0 mUSBConnected=false
D/BatteryService(  821): ZTE Sending ACTION_BATTERY_CHANGED.  level:40, scale:100, status:3, health:2, present:true, voltage: 3714, temperature: 260, technology: Li-ion, AC powered:false, USB powered:false, Wireless powered:false, icon:17302952, invalid charger:0
D/PowerManagerService(  821): sendPendingNotificationsLocked mSendGoToSleepFinishedNotificationWhenReady = false
D/WifiController(  821): battery changed pluggedType: 0
D/WifiStateMachine(  821): handleMessage: E msg.what=131155
D/WifiStateMachine(  821): processMsg: ConnectedState
D/WifiStateMachine(  821): processMsg: L2ConnectedState
E/WifiManager(  821): calculateSignalLevel(), enter. rssi=-74 numLevels=5 getNameForPid(821)=system_server
D/WifiStateMachine(  821): handleMessage: X
D/dalvikvm(21228): GC_CONCURRENT freed 1966K, 48% free 5844K/11144K, paused 3ms+5ms, total 42ms
D/StatusBar.NetworkController(  975): refreshViews: Data not connected!! Set no data type icon / Roaming
D/dalvikvm(21228): GC_CONCURRENT freed 1962K, 48% free 5855K/11144K, paused 2ms+5ms, total 48ms
D/dalvikvm(21228): GC_CONCURRENT freed 1980K, 48% free 5845K/11144K, paused 4ms+4ms, total 44ms
D/WifiStateMachine(  821): handleMessage: E msg.what=131155
D/WifiStateMachine(  821): processMsg: ConnectedState
D/WifiStateMachine(  821): processMsg: L2ConnectedState
E/WifiManager(  821): calculateSignalLevel(), enter. rssi=-73 numLevels=5 getNameForPid(821)=system_server
D/WifiStateMachine(  821): handleMessage: X
D/StatusBar.NetworkController(  975): refreshViews: Data not connected!! Set no data type icon / Roaming
D/dalvikvm(21228): GC_CONCURRENT freed 1957K, 48% free 5844K/11144K, paused 3ms+4ms, total 41ms
D/dalvikvm(21228): GC_CONCURRENT freed 1962K, 48% free 5871K/11144K, paused 3ms+7ms, total 52ms
D/WifiApPowerMode(  821): ACTION_BATTERY_CHANGED received. pluggedType=0 mUSBConnected=false
D/LockScreen_KeyguardUpdateMonitor(  975): received broadcast android.intent.action.BATTERY_CHANGED
D/LockScreen_DMLockCodeController(  975): canAcceptIntent - can: false
D/LockScreen_CMASAlertController(  975): canAcceptIntent - can: false
D/LockScreen_KeyguardUpdateMonitor(  975): handleBatteryUpdate
D/BatteryService(  821): ZTE Sending ACTION_BATTERY_CHANGED.  level:40, scale:100, status:3, health:2, present:true, voltage: 3724, temperature: 260, technology: Li-ion, AC powered:false, USB powered:false, Wireless powered:false, icon:17302952, invalid charger:0
D/PowerManagerService(  821): sendPendingNotificationsLocked mSendGoToSleepFinishedNotificationWhenReady = false
D/WifiController(  821): battery changed pluggedType: 0
D/dalvikvm(21228): GC_CONCURRENT freed 1994K, 48% free 5854K/11144K, paused 3ms+4ms, total 48ms
D/WifiStateMachine(  821): handleMessage: E msg.what=131155
D/WifiStateMachine(  821): processMsg: ConnectedState
D/WifiStateMachine(  821): processMsg: L2ConnectedState
E/WifiManager(  821): calculateSignalLevel(), enter. rssi=-74 numLevels=5 getNameForPid(821)=system_server
D/WifiStateMachine(  821): handleMessage: X
D/dalvikvm(21228): GC_CONCURRENT freed 1980K, 48% free 5860K/11144K, paused 3ms+4ms, total 47ms
D/dalvikvm(21228): GC_CONCURRENT freed 1975K, 48% free 5854K/11144K, paused 3ms+2ms, total 42ms
D/dalvikvm(21228): GC_CONCURRENT freed 1972K, 48% free 5846K/11144K, paused 3ms+3ms, total 39ms
D/dalvikvm(21228): GC_CONCURRENT freed 1952K, 48% free 5845K/11144K, paused 2ms+4ms, total 38ms
D/WifiStateMachine(  821): handleMessage: E msg.what=131155
D/WifiStateMachine(  821): processMsg: ConnectedState
D/WifiStateMachine(  821): processMsg: L2ConnectedState
E/WifiManager(  821): calculateSignalLevel(), enter. rssi=-75 numLevels=5 getNameForPid(821)=system_server
D/WifiStateMachine(  821): handleMessage: X
D/dalvikvm(21228): GC_CONCURRENT freed 1950K, 48% free 5850K/11144K, paused 4ms+4ms, total 39ms
D/dalvikvm(21228): GC_CONCURRENT freed 1972K, 48% free 5859K/11144K, paused 4ms+4ms, total 48ms
D/dalvikvm(21228): GC_CONCURRENT freed 1973K, 48% free 5865K/11144K, paused 4ms+4ms, total 42ms
D/WifiStateMachine(  821): handleMessage: E msg.what=131155
D/WifiStateMachine(  821): processMsg: ConnectedState
D/WifiStateMachine(  821): processMsg: L2ConnectedState
E/WifiManager(  821): calculateSignalLevel(), enter. rssi=-75 numLevels=5 getNameForPid(821)=system_server
D/WifiStateMachine(  821): handleMessage: X
D/dalvikvm(21228): GC_CONCURRENT freed 1973K, 48% free 5853K/11144K, paused 3ms+5ms, total 38ms
D/dalvikvm(21228): GC_CONCURRENT freed 1975K, 48% free 5852K/11144K, paused 2ms+4ms, total 41ms
D/dalvikvm(21228): GC_CONCURRENT freed 1969K, 48% free 5866K/11144K, paused 2ms+5ms, total 46ms
D/WifiStateMachine(  821): handleMessage: E msg.what=131155
D/WifiStateMachine(  821): processMsg: ConnectedState
D/WifiStateMachine(  821): processMsg: L2ConnectedState
E/WifiManager(  821): calculateSignalLevel(), enter. rssi=-75 numLevels=5 getNameForPid(821)=system_server
D/WifiStateMachine(  821): handleMessage: X
D/dalvikvm(21228): GC_CONCURRENT freed 1973K, 48% free 5863K/11144K, paused 3ms+5ms, total 48ms
D/dalvikvm(21228): GC_CONCURRENT freed 1982K, 48% free 5847K/11144K, paused 2ms+3ms, total 40ms
D/dalvikvm(21228): GC_CONCURRENT freed 1964K, 48% free 5850K/11144K, paused 3ms+4ms, total 43ms
D/WifiStateMachine(  821): handleMessage: E msg.what=131155
D/WifiStateMachine(  821): processMsg: ConnectedState
D/WifiStateMachine(  821): processMsg: L2ConnectedState
E/WifiManager(  821): calculateSignalLevel(), enter. rssi=-73 numLevels=5 getNameForPid(821)=system_server
D/WifiStateMachine(  821): handleMessage: X
D/dalvikvm(21228): GC_CONCURRENT freed 1961K, 48% free 5848K/11144K, paused 6ms+4ms, total 43ms
D/dalvikvm(21228): GC_CONCURRENT freed 1974K, 48% free 5853K/11144K, paused 3ms+4ms, total 44ms
D/dalvikvm(21228): GC_CONCURRENT freed 1969K, 48% free 5865K/11144K, paused 3ms+3ms, total 42ms
D/WifiStateMachine(  821): handleMessage: E msg.what=131155
D/WifiStateMachine(  821): processMsg: ConnectedState
D/WifiStateMachine(  821): processMsg: L2ConnectedState
E/WifiManager(  821): calculateSignalLevel(), enter. rssi=-74 numLevels=5 getNameForPid(821)=system_server
D/WifiStateMachine(  821): handleMessage: X
D/dalvikvm(21228): GC_CONCURRENT freed 1983K, 48% free 5851K/11144K, paused 3ms+3ms, total 40ms
D/dalvikvm(21228): GC_CONCURRENT freed 1974K, 48% free 5854K/11144K, paused 3ms+3ms, total 48ms
D/dalvikvm(21228): GC_CONCURRENT freed 1980K, 48% free 5843K/11144K, paused 3ms+4ms, total 42ms
D/WifiStateMachine(  821): handleMessage: E msg.what=131155
D/WifiStateMachine(  821): processMsg: ConnectedState
D/WifiStateMachine(  821): processMsg: L2ConnectedState
E/WifiManager(  821): calculateSignalLevel(), enter. rssi=-73 numLevels=5 getNameForPid(821)=system_server
D/WifiStateMachine(  821): handleMessage: X
D/StatusBar.NetworkController(  975): refreshViews: Data not connected!! Set no data type icon / Roaming
D/dalvikvm(21228): GC_CONCURRENT freed 1966K, 48% free 5855K/11144K, paused 3ms+5ms, total 42ms
D/StatusBar.NetworkController(  975): refreshViews: Data not connected!! Set no data type icon / Roaming
D/dalvikvm(21228): GC_CONCURRENT freed 1966K, 48% free 5851K/11144K, paused 3ms+4ms, total 37ms
D/StatusBar.NetworkController(  975): refreshViews: Data not connected!! Set no data type icon / Roaming
D/dalvikvm(21228): GC_CONCURRENT freed 1963K, 48% free 5872K/11144K, paused 3ms+5ms, total 50ms
D/WifiStateMachine(  821): handleMessage: E msg.what=131155
D/WifiStateMachine(  821): processMsg: ConnectedState
D/WifiStateMachine(  821): processMsg: L2ConnectedState
E/WifiManager(  821): calculateSignalLevel(), enter. rssi=-74 numLevels=5 getNameForPid(821)=system_server
D/WifiStateMachine(  821): handleMessage: X
D/StatusBar.NetworkController(  975): refreshViews: Data not connected!! Set no data type icon / Roaming
D/dalvikvm(21228): GC_CONCURRENT freed 1997K, 48% free 5869K/11144K, paused 3ms+5ms, total 56ms
D/dalvikvm(21228): GC_CONCURRENT freed 1982K, 48% free 5858K/11144K, paused 3ms+5ms, total 41ms
D/dalvikvm(21228): GC_CONCURRENT freed 1991K, 48% free 5854K/11144K, paused 4ms+5ms, total 46ms
D/dalvikvm(21228): GC_CONCURRENT freed 1965K, 48% free 5853K/11144K, paused 4ms+4ms, total 44ms
D/WifiStateMachine(  821): handleMessage: E msg.what=131155
D/WifiStateMachine(  821): processMsg: ConnectedState
D/WifiStateMachine(  821): processMsg: L2ConnectedState
E/WifiManager(  821): calculateSignalLevel(), enter. rssi=-74 numLevels=5 getNameForPid(821)=system_server
D/WifiStateMachine(  821): handleMessage: X
D/dalvikvm(21228): GC_CONCURRENT freed 1968K, 48% free 5854K/11144K, paused 3ms+2ms, total 38ms
D/StatusBar.NetworkController(  975): refreshViews: Data not connected!! Set no data type icon / Roaming
D/dalvikvm(21228): GC_CONCURRENT freed 1966K, 48% free 5866K/11144K, paused 3ms+5ms, total 46ms
D/StatusBar.NetworkController(  975): refreshViews: Data not connected!! Set no data type icon / Roaming
D/dalvikvm(21228): GC_CONCURRENT freed 1992K, 48% free 5848K/11144K, paused 3ms+5ms, total 46ms
D/WifiStateMachine(  821): handleMessage: E msg.what=131155
D/WifiStateMachine(  821): processMsg: ConnectedState
D/WifiStateMachine(  821): processMsg: L2ConnectedState
E/WifiManager(  821): calculateSignalLevel(), enter. rssi=-74 numLevels=5 getNameForPid(821)=system_server
D/WifiStateMachine(  821): handleMessage: X
D/dalvikvm(21228): GC_CONCURRENT freed 1985K, 48% free 5847K/11144K, paused 3ms+3ms, total 51ms
D/dalvikvm(21228): GC_CONCURRENT freed 1956K, 48% free 5849K/11144K, paused 2ms+5ms, total 38ms
D/dalvikvm(21228): GC_CONCURRENT freed 1968K, 48% free 5845K/11144K, paused 3ms+5ms, total 40ms
D/WifiStateMachine(  821): handleMessage: E msg.what=131155
D/WifiStateMachine(  821): processMsg: ConnectedState
D/WifiStateMachine(  821): processMsg: L2ConnectedState
E/WifiManager(  821): calculateSignalLevel(), enter. rssi=-73 numLevels=5 getNameForPid(821)=system_server
D/WifiStateMachine(  821): handleMessage: X
W/RobotCore(21228): Unable to send RobocolDatagram: java.net.SocketException: Socket is closed
W/RobotCore(21228):                RobocolDatagram - type:NONE, addr:null, size:0
I/RobotCore(21228): Battery Checker, Level Remaining: 40.0
D/dalvikvm(21228): GC_CONCURRENT freed 1961K, 48% free 5870K/11144K, paused 3ms+3ms, total 43ms
D/dalvikvm(21228): GC_CONCURRENT freed 1976K, 48% free 5855K/11144K, paused 3ms+2ms, total 37ms
D/dalvikvm(21228): GC_CONCURRENT freed 1974K, 48% free 5859K/11144K, paused 3ms+4ms, total 44ms
D/WifiStateMachine(  821): handleMessage: E msg.what=131155
D/WifiStateMachine(  821): processMsg: ConnectedState
D/WifiStateMachine(  821): processMsg: L2ConnectedState
E/WifiManager(  821): calculateSignalLevel(), enter. rssi=-76 numLevels=5 getNameForPid(821)=system_server
D/WifiStateMachine(  821): handleMessage: X
D/LockScreen_KeyguardUpdateMonitor(  975): received broadcast android.intent.action.TIME_TICK
D/LockScreen_DMLockCodeController(  975): canAcceptIntent - can: false
D/LockScreen_CMASAlertController(  975): canAcceptIntent - can: false
D/LockScreen_KeyguardUpdateMonitor(  975): handleTimeUpdate
W/AlarmManager(  821): Alarm triggering: Alarm{42f744e8 type 3 android}
D/PowerManagerService(  821): sendPendingNotificationsLocked mSendGoToSleepFinishedNotificationWhenReady = false
E/niejiyong(  975): WeatherService is Running
E/niejiyong(  975): Weather process is Running
E/niejiyong(  975): WeatherService is Running
E/niejiyong(  975): Weather process is Running
D/haha    ( 1045): mDateTimeReceiver intent::Intent { act=android.intent.action.TIME_TICK flg=0x50000014 (has extras) }
E/niejiyong( 1045): TypeBWeatherWidget :: performUpdate..
E/niejiyong( 1045): TypeBWeatherWidget :: performUpdate..cityLocationId = cityId:2127968
D/haha    ( 1045): WeatherWidget update  AmPm=1,  Hour=6,  Minute=4
D/PowerManagerService(  821): sendPendingNotificationsLocked mSendGoToSleepFinishedNotificationWhenReady = false
D/dalvikvm(21228): GC_CONCURRENT freed 1971K, 48% free 5865K/11144K, paused 4ms+5ms, total 50ms
D/dalvikvm(21228): GC_CONCURRENT freed 1980K, 48% free 5838K/11144K, paused 3ms+5ms, total 36ms
D/dalvikvm(21228): GC_CONCURRENT freed 1952K, 48% free 5852K/11144K, paused 3ms+3ms, total 44ms
D/WifiStateMachine(  821): handleMessage: E msg.what=131155
D/WifiStateMachine(  821): processMsg: ConnectedState
D/WifiStateMachine(  821): processMsg: L2ConnectedState
E/WifiManager(  821): calculateSignalLevel(), enter. rssi=-73 numLevels=5 getNameForPid(821)=system_server
D/WifiStateMachine(  821): handleMessage: X
D/dalvikvm(21228): GC_CONCURRENT freed 1977K, 48% free 5870K/11144K, paused 4ms+5ms, total 51ms
D/dalvikvm(21228): GC_CONCURRENT freed 1984K, 48% free 5862K/11144K, paused 3ms+3ms, total 45ms
D/dalvikvm(21228): GC_CONCURRENT freed 1971K, 48% free 5838K/11144K, paused 3ms+4ms, total 30ms
D/WifiStateMachine(  821): handleMessage: E msg.what=131155
D/WifiStateMachine(  821): processMsg: ConnectedState
D/WifiStateMachine(  821): processMsg: L2ConnectedState
E/WifiManager(  821): calculateSignalLevel(), enter. rssi=-72 numLevels=5 getNameForPid(821)=system_server
D/WifiStateMachine(  821): handleMessage: X
D/dalvikvm(21228): GC_CONCURRENT freed 1951K, 48% free 5854K/11144K, paused 3ms+5ms, total 51ms
D/dalvikvm(21228): GC_CONCURRENT freed 1987K, 48% free 5858K/11144K, paused 3ms+5ms, total 53ms
W/AlarmManager(  821): Alarm triggering: Alarm{42ecd560 type 3 android}
W/AlarmManager(  821): Alarm triggering: Alarm{42ecd640 type 2 com.google.android.gms}
W/AlarmManager(  821): Alarm triggering: Alarm{42ecd698 type 1 com.cootek.smartinputv5}
W/AlarmManager(  821): Alarm triggering: Alarm{42ecd748 type 1 com.cootek.smartinputv5}
W/AlarmManager(  821): Alarm triggering: Alarm{42ecd6f0 type 1 com.cootek.smartinputv5}
D/PowerManagerService(  821): sendPendingNotificationsLocked mSendGoToSleepFinishedNotificationWhenReady = false
D/PowerManagerService(  821): sendPendingNotificationsLocked mSendGoToSleepFinishedNotificationWhenReady = false
W/AlarmManager(  821): +++Alarm  wakeup phone ,pkg=com.google.android.gms
D/PowerManagerService(  821): sendPendingNotificationsLocked mSendGoToSleepFinishedNotificationWhenReady = false
W/AlarmManager(  821): +++alarm onSendFinished ,action=com.android.server.action.NETWORK_STATS_POLL
D/PowerManagerService(  821): sendPendingNotificationsLocked mSendGoToSleepFinishedNotificationWhenReady = false
D/PowerManagerService(  821): sendPendingNotificationsLocked mSendGoToSleepFinishedNotificationWhenReady = false
I/PresentConfigUpdater( 3024): delay time: 24.218102
D/PowerManagerService(  821): sendPendingNotificationsLocked mSendGoToSleepFinishedNotificationWhenReady = false
D/PowerManagerService(  821): sendPendingNotificationsLocked mSendGoToSleepFinishedNotificationWhenReady = false
D/ConnectivityServiceHSM(  821): Actual State: DefaultConnectivityState, Current State: DefaultConnectivityState.processMessage what=104
D/ConnectivityServiceHSM(  821): Actual State: DefaultConnectivityState, Current State: DefaultConnectivityState.processMessage what=5006
D/PowerManagerService(  821): sendPendingNotificationsLocked mSendGoToSleepFinishedNotificationWhenReady = false
D/ConnectivityServiceHSM(  821): Actual State: DefaultConnectivityState, Current State: DefaultConnectivityState.processMessage what=105
D/ConnectivityServiceHSM(  821): Actual State: DefaultConnectivityState, Current State: DefaultConnectivityState.processMessage what=5007
E/SignalClusterController(  975): onUpdateDataNetType()
E/miva    (  975): onUpdateDataIcon() ::   -->  IDLE 
E/SprintSignalClusterController(  975): onUpdateDataIcon() dataActivity = 0, mAloneDataIconId = 0
D/TelephonyIcons(  975): null signal icon name: drawable/stat_sys_signal_null
D/StatusBar.NetworkController(  975): refreshViews: Data not connected!! Set no data type icon / Roaming
D/QcConnectivityService(  821): handleInetConditionHoldEnd: net=1, condition=100, published condition=100
D/QcConnectivityService(  821): makeGeneralIntent:NetwrokInfo NetworkInfo: type: WIFI[], state: CONNECTED/CONNECTED, reason: (unspecified), extra: "Meerkat", roaming: false, failover: false, isAvailable: true, isConnectedToProvisioningNetwork: false, subscription: 0
D/dalvikvm(21228): GC_CONCURRENT freed 1970K, 48% free 5872K/11144K, paused 3ms+5ms, total 46ms
D/StatusBar.NetworkController(  975): refreshViews: Data not connected!! Set no data type icon / Roaming
D/dalvikvm(21228): GC_CONCURRENT freed 1986K, 48% free 5845K/11144K, paused 2ms+4ms, total 40ms
D/WifiStateMachine(  821): handleMessage: E msg.what=131155
D/WifiStateMachine(  821): processMsg: ConnectedState
D/WifiStateMachine(  821): processMsg: L2ConnectedState
E/WifiManager(  821): calculateSignalLevel(), enter. rssi=-72 numLevels=5 getNameForPid(821)=system_server
D/WifiStateMachine(  821): handleMessage: X
D/StatusBar.NetworkController(  975): refreshViews: Data not connected!! Set no data type icon / Roaming
D/dalvikvm(21228): GC_CONCURRENT freed 1959K, 48% free 5849K/11144K, paused 4ms+4ms, total 40ms
D/dalvikvm(21228): GC_CONCURRENT freed 1961K, 48% free 5847K/11144K, paused 5ms+5ms, total 42ms
D/dalvikvm(21228): GC_CONCURRENT freed 1964K, 48% free 5848K/11144K, paused 4ms+3ms, total 39ms
D/WifiStateMachine(  821): handleMessage: E msg.what=131155
D/WifiStateMachine(  821): processMsg: ConnectedState
D/WifiStateMachine(  821): processMsg: L2ConnectedState
E/WifiManager(  821): calculateSignalLevel(), enter. rssi=-73 numLevels=5 getNameForPid(821)=system_server
D/WifiStateMachine(  821): handleMessage: X
D/dalvikvm(21228): GC_CONCURRENT freed 1961K, 48% free 5847K/11144K, paused 2ms+4ms, total 39ms
D/dalvikvm(21228): GC_CONCURRENT freed 1982K, 48% free 5855K/11144K, paused 3ms+4ms, total 52ms
D/dalvikvm(21228): GC_CONCURRENT freed 2002K, 48% free 5858K/11144K, paused 3ms+4ms, total 52ms
D/WifiStateMachine(  821): handleMessage: E msg.what=131155
D/WifiStateMachine(  821): processMsg: ConnectedState
D/WifiStateMachine(  821): processMsg: L2ConnectedState
E/WifiManager(  821): calculateSignalLevel(), enter. rssi=-73 numLevels=5 getNameForPid(821)=system_server
D/WifiStateMachine(  821): handleMessage: X
D/dalvikvm(21228): GC_CONCURRENT freed 1978K, 48% free 5854K/11144K, paused 3ms+3ms, total 45ms
D/dalvikvm(21228): GC_CONCURRENT freed 1965K, 48% free 5862K/11144K, paused 3ms+4ms, total 47ms
D/StatusBar.NetworkController(  975): refreshViews: Data not connected!! Set no data type icon / Roaming
D/PowerManagerService_DumpWakeLock(  821): Dump interval is: 67 s
D/PowerManagerService_DumpWakeLock(  821):  Current State is: Awake
D/PowerManagerService_DumpWakeLock(  821): Screen off timeout: 300000 ms
D/PowerManagerService_DumpWakeLock(  821): Screen dim duration: 7000 ms
D/PowerManagerService_DumpWakeLock(  821): Wake Locks: size=1
D/PowerManagerService_DumpWakeLock(  821):   SCREEN_BRIGHT_WAKE_LOCK        'WindowManager' ON_AFTER_RELEASE (uid=1000, pid=821, ws=WorkSource{10111})
D/PowerManagerService_DumpWakeLock(  821): Suspend Blockers: size=5
D/PowerManagerService_DumpWakeLock(  821):   PowerManagerService.WakeLocks: ref count=1
D/PowerManagerService_DumpWakeLock(  821):   PowerManagerService.Display: ref count=1
D/PowerManagerService_DumpWakeLock(  821):   PowerManagerService.Proximity: ref count=0
D/PowerManagerService_DumpWakeLock(  821):   PowerManagerService.Broadcasts: ref count=0
D/PowerManagerService_DumpWakeLock(  821):   PowerManagerService.WirelessChargerDetector: ref count=0
D/PowerManagerService_DumpWakeLock(  821): Screen On Blocker: held=false, mNestCount=0
D/PowerManagerService_DumpWakeLock(  821): Display Blanker: blanked=false
D/dalvikvm(21228): GC_CONCURRENT freed 1991K, 48% free 5848K/11144K, paused 3ms+5ms, total 43ms
D/WifiStateMachine(  821): handleMessage: E msg.what=131155
D/WifiStateMachine(  821): processMsg: ConnectedState
D/WifiStateMachine(  821): processMsg: L2ConnectedState
E/WifiManager(  821): calculateSignalLevel(), enter. rssi=-73 numLevels=5 getNameForPid(821)=system_server
D/WifiStateMachine(  821): handleMessage: X
D/dalvikvm(21228): GC_CONCURRENT freed 1960K, 48% free 5844K/11144K, paused 3ms+3ms, total 37ms
D/StatusBar.NetworkController(  975): refreshViews: Data not connected!! Set no data type icon / Roaming
D/dalvikvm(21228): GC_CONCURRENT freed 1961K, 48% free 5851K/11144K, paused 2ms+4ms, total 37ms
D/dalvikvm(21228): GC_CONCURRENT freed 1958K, 48% free 5855K/11144K, paused 3ms+5ms, total 44ms
D/WifiStateMachine(  821): handleMessage: E msg.what=131155
D/WifiStateMachine(  821): processMsg: ConnectedState
D/WifiStateMachine(  821): processMsg: L2ConnectedState
E/WifiManager(  821): calculateSignalLevel(), enter. rssi=-72 numLevels=5 getNameForPid(821)=system_server
D/WifiStateMachine(  821): handleMessage: X
D/dalvikvm(21228): GC_CONCURRENT freed 1991K, 48% free 5851K/11144K, paused 2ms+3ms, total 46ms
D/dalvikvm(21228): GC_CONCURRENT freed 1973K, 48% free 5848K/11144K, paused 3ms+4ms, total 43ms
D/dalvikvm(21228): GC_CONCURRENT freed 1966K, 48% free 5843K/11144K, paused 2ms+4ms, total 37ms
D/WifiStateMachine(  821): handleMessage: E msg.what=131155
D/WifiStateMachine(  821): processMsg: ConnectedState
D/WifiStateMachine(  821): processMsg: L2ConnectedState
E/WifiManager(  821): calculateSignalLevel(), enter. rssi=-74 numLevels=5 getNameForPid(821)=system_server
D/WifiStateMachine(  821): handleMessage: X
D/dalvikvm(21228): GC_CONCURRENT freed 1951K, 48% free 5852K/11144K, paused 3ms+3ms, total 39ms
D/WifiApPowerMode(  821): ACTION_BATTERY_CHANGED received. pluggedType=0 mUSBConnected=false
D/LockScreen_KeyguardUpdateMonitor(  975): received broadcast android.intent.action.BATTERY_CHANGED
D/LockScreen_DMLockCodeController(  975): canAcceptIntent - can: false
D/LockScreen_CMASAlertController(  975): canAcceptIntent - can: false
D/LockScreen_KeyguardUpdateMonitor(  975): handleBatteryUpdate
D/BatteryService(  821): ZTE Sending ACTION_BATTERY_CHANGED.  level:40, scale:100, status:3, health:2, present:true, voltage: 3723, temperature: 260, technology: Li-ion, AC powered:false, USB powered:false, Wireless powered:false, icon:17302952, invalid charger:0
D/WifiController(  821): battery changed pluggedType: 0
D/PowerManagerService(  821): sendPendingNotificationsLocked mSendGoToSleepFinishedNotificationWhenReady = false
D/dalvikvm(21228): GC_CONCURRENT freed 1985K, 48% free 5854K/11144K, paused 3ms+2ms, total 47ms
D/dalvikvm(21228): GC_CONCURRENT freed 1965K, 48% free 5856K/11144K, paused 3ms+5ms, total 45ms
D/WifiStateMachine(  821): handleMessage: E msg.what=131155
D/WifiStateMachine(  821): processMsg: ConnectedState
D/WifiStateMachine(  821): processMsg: L2ConnectedState
E/WifiManager(  821): calculateSignalLevel(), enter. rssi=-75 numLevels=5 getNameForPid(821)=system_server
D/WifiStateMachine(  821): handleMessage: X
D/dalvikvm(21228): GC_CONCURRENT freed 1963K, 48% free 5856K/11144K, paused 3ms+5ms, total 47ms
D/dalvikvm(21228): GC_CONCURRENT freed 1970K, 48% free 5848K/11144K, paused 4ms+7ms, total 44ms
W/RobotCore(21228): Unable to send RobocolDatagram: java.net.SocketException: Socket is closed
W/RobotCore(21228):                RobocolDatagram - type:NONE, addr:null, size:0
I/RobotCore(21228): Battery Checker, Level Remaining: 40.0
D/dalvikvm(21228): GC_CONCURRENT freed 1979K, 48% free 5852K/11144K, paused 3ms+2ms, total 48ms
D/WifiStateMachine(  821): handleMessage: E msg.what=131155
D/WifiStateMachine(  821): processMsg: ConnectedState
D/WifiStateMachine(  821): processMsg: L2ConnectedState
E/WifiManager(  821): calculateSignalLevel(), enter. rssi=-75 numLevels=5 getNameForPid(821)=system_server
D/WifiStateMachine(  821): handleMessage: X
D/dalvikvm(21228): GC_CONCURRENT freed 1968K, 48% free 5855K/11144K, paused 3ms+4ms, total 43ms
D/dalvikvm(21228): GC_CONCURRENT freed 1967K, 48% free 5859K/11144K, paused 2ms+4ms, total 47ms
D/dalvikvm(21228): GC_CONCURRENT freed 1982K, 48% free 5865K/11144K, paused 3ms+4ms, total 45ms
D/WifiStateMachine(  821): handleMessage: E msg.what=131155
D/WifiStateMachine(  821): processMsg: ConnectedState
D/WifiStateMachine(  821): processMsg: L2ConnectedState
E/WifiManager(  821): calculateSignalLevel(), enter. rssi=-73 numLevels=5 getNameForPid(821)=system_server
D/WifiStateMachine(  821): handleMessage: X
D/dalvikvm(21228): GC_CONCURRENT freed 1989K, 48% free 5845K/11144K, paused 2ms+2ms, total 38ms
D/dalvikvm(21228): GC_CONCURRENT freed 1958K, 48% free 5849K/11144K, paused 3ms+4ms, total 39ms
D/dalvikvm(21228): GC_CONCURRENT freed 1963K, 48% free 5855K/11144K, paused 3ms+6ms, total 45ms
D/WifiStateMachine(  821): handleMessage: E msg.what=131155
D/WifiStateMachine(  821): processMsg: ConnectedState
D/WifiStateMachine(  821): processMsg: L2ConnectedState
E/WifiManager(  821): calculateSignalLevel(), enter. rssi=-69 numLevels=5 getNameForPid(821)=system_server
D/WifiStateMachine(  821): handleMessage: X
E/WifiManager(  975): calculateSignalLevel(), enter. rssi=-69 numLevels=5 getNameForPid(975)=com.android.systemui
D/StatusBar.NetworkController(  975): refreshViews: Data not connected!! Set no data type icon / Roaming
E/niejiyong(  975): SignalClusterView::mMobileType = android.widget.ImageView{422ad018 G.ED.... ......I. 0,0-0,0 #7f07002c app:id/mobile_type}
E/niejiyong(  975): SignalClusterView::mMobileActivity = android.widget.ImageView{422ad2e8 G.ED.... ......I. 0,0-0,0 #7f07002d app:id/mobile_inout}
E/SignalClusterController(  975): onUpdateSignalClusterView mAloneDataIconId = 0
E/sunwei  (  975): netType = 0
E/niejiyong(  975): SignalClusterView::mMobileType = android.widget.ImageView{422ad018 G.ED.... ......I. 0,0-0,0 #7f07002c app:id/mobile_type}
E/niejiyong(  975): SignalClusterView::mMobileActivity = android.widget.ImageView{422ad2e8 G.ED.... ......I. 0,0-0,0 #7f07002d app:id/mobile_inout}
E/SignalClusterController(  975): onUpdateSignalClusterView mAloneDataIconId = 0
E/sunwei  (  975): netType = 0
E/niejiyong(  975): SignalClusterView::mMobileType = android.widget.ImageView{422ad018 G.ED.... ......I. 0,0-0,0 #7f07002c app:id/mobile_type}
E/niejiyong(  975): SignalClusterView::mMobileActivity = android.widget.ImageView{422ad2e8 G.ED.... ......I. 0,0-0,0 #7f07002d app:id/mobile_inout}
D/dalvikvm(21228): GC_CONCURRENT freed 1983K, 48% free 5855K/11144K, paused 4ms+4ms, total 51ms
E/SignalClusterController(  975): onUpdateSignalClusterView mAloneDataIconId = 0
E/sunwei  (  975): netType = 0
D/dalvikvm(21228): GC_CONCURRENT freed 1967K, 48% free 5849K/11144K, paused 3ms+4ms, total 42ms
D/dalvikvm(21228): GC_CONCURRENT freed 1973K, 48% free 5864K/11144K, paused 3ms+4ms, total 55ms
D/dalvikvm(21228): GC_CONCURRENT freed 1969K, 48% free 5843K/11144K, paused 2ms+4ms, total 35ms
D/WifiStateMachine(  821): handleMessage: E msg.what=131155
D/WifiStateMachine(  821): processMsg: ConnectedState
D/WifiStateMachine(  821): processMsg: L2ConnectedState
E/WifiManager(  821): calculateSignalLevel(), enter. rssi=-69 numLevels=5 getNameForPid(821)=system_server
D/WifiStateMachine(  821): handleMessage: X
D/dalvikvm(21228): GC_CONCURRENT freed 1961K, 48% free 5869K/11144K, paused 2ms+4ms, total 53ms
D/dalvikvm(21228): GC_CONCURRENT freed 1975K, 48% free 5841K/11144K, paused 3ms+4ms, total 33ms
D/dalvikvm(21228): GC_CONCURRENT freed 1952K, 48% free 5868K/11144K, paused 3ms+5ms, total 48ms
D/WifiStateMachine(  821): handleMessage: E msg.what=131155
D/WifiStateMachine(  821): processMsg: ConnectedState
D/WifiStateMachine(  821): processMsg: L2ConnectedState
E/WifiManager(  821): calculateSignalLevel(), enter. rssi=-70 numLevels=5 getNameForPid(821)=system_server
D/WifiStateMachine(  821): handleMessage: X
D/dalvikvm(21228): GC_CONCURRENT freed 1992K, 48% free 5853K/11144K, paused 4ms+4ms, total 66ms
D/dalvikvm(21228): GC_CONCURRENT freed 1958K, 48% free 5860K/11144K, paused 3ms+3ms, total 41ms
D/dalvikvm(21228): GC_CONCURRENT freed 1977K, 48% free 5859K/11144K, paused 2ms+5ms, total 42ms
D/WifiStateMachine(  821): handleMessage: E msg.what=131155
D/WifiStateMachine(  821): processMsg: ConnectedState
D/WifiStateMachine(  821): processMsg: L2ConnectedState
E/WifiManager(  821): calculateSignalLevel(), enter. rssi=-69 numLevels=5 getNameForPid(821)=system_server
D/WifiStateMachine(  821): handleMessage: X
D/dalvikvm(21228): GC_CONCURRENT freed 1978K, 48% free 5845K/11144K, paused 3ms+3ms, total 44ms
D/dalvikvm(21228): GC_CONCURRENT freed 1964K, 48% free 5864K/11144K, paused 2ms+3ms, total 48ms
D/dalvikvm(21228): GC_CONCURRENT freed 1976K, 48% free 5852K/11144K, paused 3ms+7ms, total 44ms
D/WifiStateMachine(  821): handleMessage: E msg.what=131155
D/WifiStateMachine(  821): processMsg: ConnectedState
D/WifiStateMachine(  821): processMsg: L2ConnectedState
E/WifiManager(  821): calculateSignalLevel(), enter. rssi=-69 numLevels=5 getNameForPid(821)=system_server
D/WifiStateMachine(  821): handleMessage: X
D/dalvikvm(21228): GC_CONCURRENT freed 1967K, 48% free 5854K/11144K, paused 3ms+3ms, total 41ms
D/dalvikvm(21228): GC_CONCURRENT freed 1971K, 48% free 5862K/11144K, paused 3ms+4ms, total 42ms
D/dalvikvm(21228): GC_CONCURRENT freed 1970K, 48% free 5863K/11144K, paused 3ms+4ms, total 46ms
D/WifiStateMachine(  821): handleMessage: E msg.what=131155
D/WifiStateMachine(  821): processMsg: ConnectedState
D/WifiStateMachine(  821): processMsg: L2ConnectedState
E/WifiManager(  821): calculateSignalLevel(), enter. rssi=-70 numLevels=5 getNameForPid(821)=system_server
D/WifiStateMachine(  821): handleMessage: X
D/dalvikvm(21228): GC_CONCURRENT freed 1994K, 48% free 5859K/11144K, paused 2ms+5ms, total 48ms
D/dalvikvm(21228): GC_CONCURRENT freed 1978K, 48% free 5843K/11144K, paused 3ms+3ms, total 41ms
D/dalvikvm(21228): GC_CONCURRENT freed 1957K, 48% free 5872K/11144K, paused 3ms+6ms, total 46ms
D/WifiStateMachine(  821): handleMessage: E msg.what=131155
D/WifiStateMachine(  821): processMsg: ConnectedState
D/WifiStateMachine(  821): processMsg: L2ConnectedState
E/WifiManager(  821): calculateSignalLevel(), enter. rssi=-71 numLevels=5 getNameForPid(821)=system_server
D/WifiStateMachine(  821): handleMessage: X
E/WifiManager(  975): calculateSignalLevel(), enter. rssi=-71 numLevels=5 getNameForPid(975)=com.android.systemui
D/StatusBar.NetworkController(  975): refreshViews: Data not connected!! Set no data type icon / Roaming
E/niejiyong(  975): SignalClusterView::mMobileType = android.widget.ImageView{422ad018 G.ED.... ......I. 0,0-0,0 #7f07002c app:id/mobile_type}
E/niejiyong(  975): SignalClusterView::mMobileActivity = android.widget.ImageView{422ad2e8 G.ED.... ......I. 0,0-0,0 #7f07002d app:id/mobile_inout}
E/SignalClusterController(  975): onUpdateSignalClusterView mAloneDataIconId = 0
E/sunwei  (  975): netType = 0
E/niejiyong(  975): SignalClusterView::mMobileType = android.widget.ImageView{422ad018 G.ED.... ......I. 0,0-0,0 #7f07002c app:id/mobile_type}
E/niejiyong(  975): SignalClusterView::mMobileActivity = android.widget.ImageView{422ad2e8 G.ED.... ......I. 0,0-0,0 #7f07002d app:id/mobile_inout}
E/SignalClusterController(  975): onUpdateSignalClusterView mAloneDataIconId = 0
E/sunwei  (  975): netType = 0
E/niejiyong(  975): SignalClusterView::mMobileType = android.widget.ImageView{422ad018 G.ED.... ......I. 0,0-0,0 #7f07002c app:id/mobile_type}
E/niejiyong(  975): SignalClusterView::mMobileActivity = android.widget.ImageView{422ad2e8 G.ED.... ......I. 0,0-0,0 #7f07002d app:id/mobile_inout}
E/SignalClusterController(  975): onUpdateSignalClusterView mAloneDataIconId = 0
E/sunwei  (  975): netType = 0
D/dalvikvm(21228): GC_CONCURRENT freed 1991K, 48% free 5853K/11144K, paused 3ms+5ms, total 43ms
D/dalvikvm(21228): GC_CONCURRENT freed 1983K, 48% free 5851K/11144K, paused 2ms+6ms, total 46ms
D/dalvikvm(21228): GC_CONCURRENT freed 1969K, 48% free 5843K/11144K, paused 3ms+3ms, total 38ms
D/WifiStateMachine(  821): handleMessage: E msg.what=131155
D/WifiStateMachine(  821): processMsg: ConnectedState
D/WifiStateMachine(  821): processMsg: L2ConnectedState
E/WifiManager(  821): calculateSignalLevel(), enter. rssi=-70 numLevels=5 getNameForPid(821)=system_server
D/WifiStateMachine(  821): handleMessage: X
E/WifiManager(  975): calculateSignalLevel(), enter. rssi=-70 numLevels=5 getNameForPid(975)=com.android.systemui
D/StatusBar.NetworkController(  975): refreshViews: Data not connected!! Set no data type icon / Roaming
E/niejiyong(  975): SignalClusterView::mMobileType = android.widget.ImageView{422ad018 G.ED.... ......I. 0,0-0,0 #7f07002c app:id/mobile_type}
E/niejiyong(  975): SignalClusterView::mMobileActivity = android.widget.ImageView{422ad2e8 G.ED.... ......I. 0,0-0,0 #7f07002d app:id/mobile_inout}
E/SignalClusterController(  975): onUpdateSignalClusterView mAloneDataIconId = 0
E/sunwei  (  975): netType = 0
E/niejiyong(  975): SignalClusterView::mMobileType = android.widget.ImageView{422ad018 G.ED.... ......I. 0,0-0,0 #7f07002c app:id/mobile_type}
E/niejiyong(  975): SignalClusterView::mMobileActivity = android.widget.ImageView{422ad2e8 G.ED.... ......I. 0,0-0,0 #7f07002d app:id/mobile_inout}
E/SignalClusterController(  975): onUpdateSignalClusterView mAloneDataIconId = 0
E/sunwei  (  975): netType = 0
E/niejiyong(  975): SignalClusterView::mMobileType = android.widget.ImageView{422ad018 G.ED.... ......I. 0,0-0,0 #7f07002c app:id/mobile_type}
E/niejiyong(  975): SignalClusterView::mMobileActivity = android.widget.ImageView{422ad2e8 G.ED.... ......I. 0,0-0,0 #7f07002d app:id/mobile_inout}
E/SignalClusterController(  975): onUpdateSignalClusterView mAloneDataIconId = 0
E/sunwei  (  975): netType = 0
D/dalvikvm(21228): GC_CONCURRENT freed 1957K, 48% free 5847K/11144K, paused 3ms+5ms, total 44ms
D/dalvikvm(21228): GC_CONCURRENT freed 1961K, 48% free 5861K/11144K, paused 3ms+5ms, total 43ms
D/dalvikvm(21228): GC_CONCURRENT freed 1963K, 48% free 5849K/11144K, paused 3ms+3ms, total 34ms
D/LockScreen_KeyguardUpdateMonitor(  975): received broadcast android.intent.action.TIME_TICK
D/LockScreen_DMLockCodeController(  975): canAcceptIntent - can: false
D/LockScreen_CMASAlertController(  975): canAcceptIntent - can: false
D/LockScreen_KeyguardUpdateMonitor(  975): handleTimeUpdate
W/AlarmManager(  821): Alarm triggering: Alarm{424986f8 type 3 android}
D/PowerManagerService(  821): sendPendingNotificationsLocked mSendGoToSleepFinishedNotificationWhenReady = false
E/niejiyong(  975): WeatherService is Running
E/niejiyong(  975): Weather process is Running
E/niejiyong(  975): WeatherService is Running
E/niejiyong(  975): Weather process is Running
D/haha    ( 1045): mDateTimeReceiver intent::Intent { act=android.intent.action.TIME_TICK flg=0x50000014 (has extras) }
E/niejiyong( 1045): TypeBWeatherWidget :: performUpdate..
E/niejiyong( 1045): TypeBWeatherWidget :: performUpdate..cityLocationId = cityId:2127968
D/haha    ( 1045): WeatherWidget update  AmPm=1,  Hour=6,  Minute=5
D/PowerManagerService(  821): sendPendingNotificationsLocked mSendGoToSleepFinishedNotificationWhenReady = false
D/WifiStateMachine(  821): handleMessage: E msg.what=131155
D/WifiStateMachine(  821): processMsg: ConnectedState
D/WifiStateMachine(  821): processMsg: L2ConnectedState
E/WifiManager(  821): calculateSignalLevel(), enter. rssi=-72 numLevels=5 getNameForPid(821)=system_server
D/WifiStateMachine(  821): handleMessage: X
E/WifiManager(  975): calculateSignalLevel(), enter. rssi=-72 numLevels=5 getNameForPid(975)=com.android.systemui
D/StatusBar.NetworkController(  975): refreshViews: Data not connected!! Set no data type icon / Roaming
E/niejiyong(  975): SignalClusterView::mMobileType = android.widget.ImageView{422ad018 G.ED.... ......I. 0,0-0,0 #7f07002c app:id/mobile_type}
E/niejiyong(  975): SignalClusterView::mMobileActivity = android.widget.ImageView{422ad2e8 G.ED.... ......I. 0,0-0,0 #7f07002d app:id/mobile_inout}
E/SignalClusterController(  975): onUpdateSignalClusterView mAloneDataIconId = 0
E/sunwei  (  975): netType = 0
E/niejiyong(  975): SignalClusterView::mMobileType = android.widget.ImageView{422ad018 G.ED.... ......I. 0,0-0,0 #7f07002c app:id/mobile_type}
E/niejiyong(  975): SignalClusterView::mMobileActivity = android.widget.ImageView{422ad2e8 G.ED.... ......I. 0,0-0,0 #7f07002d app:id/mobile_inout}
E/SignalClusterController(  975): onUpdateSignalClusterView mAloneDataIconId = 0
E/sunwei  (  975): netType = 0
E/niejiyong(  975): SignalClusterView::mMobileType = android.widget.ImageView{422ad018 G.ED.... ......I. 0,0-0,0 #7f07002c app:id/mobile_type}
E/niejiyong(  975): SignalClusterView::mMobileActivity = android.widget.ImageView{422ad2e8 G.ED.... ......I. 0,0-0,0 #7f07002d app:id/mobile_inout}
E/SignalClusterController(  975): onUpdateSignalClusterView mAloneDataIconId = 0
E/sunwei  (  975): netType = 0
D/dalvikvm(21228): GC_CONCURRENT freed 1982K, 48% free 5847K/11144K, paused 3ms+6ms, total 47ms
D/dalvikvm(21228): GC_CONCURRENT freed 1961K, 48% free 5859K/11144K, paused 3ms+5ms, total 47ms
D/dalvikvm(21228): GC_CONCURRENT freed 1979K, 48% free 5869K/11144K, paused 3ms+5ms, total 53ms
D/WifiStateMachine(  821): handleMessage: E msg.what=131155
D/WifiStateMachine(  821): processMsg: ConnectedState
D/WifiStateMachine(  821): processMsg: L2ConnectedState
E/WifiManager(  821): calculateSignalLevel(), enter. rssi=-73 numLevels=5 getNameForPid(821)=system_server
D/WifiStateMachine(  821): handleMessage: X
D/dalvikvm(21228): GC_CONCURRENT freed 1986K, 48% free 5866K/11144K, paused 3ms+3ms, total 43ms
D/dalvikvm(21228): GC_CONCURRENT freed 2004K, 48% free 5865K/11144K, paused 3ms+5ms, total 56ms
D/dalvikvm(21228): GC_CONCURRENT freed 1993K, 48% free 5854K/11144K, paused 3ms+4ms, total 51ms
D/WifiStateMachine(  821): handleMessage: E msg.what=131155
D/WifiStateMachine(  821): processMsg: ConnectedState
D/WifiStateMachine(  821): processMsg: L2ConnectedState
E/WifiManager(  821): calculateSignalLevel(), enter. rssi=-73 numLevels=5 getNameForPid(821)=system_server
D/WifiStateMachine(  821): handleMessage: X
D/dalvikvm(21228): GC_CONCURRENT freed 1971K, 48% free 5853K/11144K, paused 3ms+4ms, total 43ms
D/dalvikvm(21228): GC_CONCURRENT freed 1978K, 48% free 5855K/11144K, paused 3ms+4ms, total 53ms
D/dalvikvm(21228): GC_CONCURRENT freed 1978K, 48% free 5859K/11144K, paused 3ms+4ms, total 49ms
D/WifiStateMachine(  821): handleMessage: E msg.what=131155
D/WifiStateMachine(  821): processMsg: ConnectedState
D/WifiStateMachine(  821): processMsg: L2ConnectedState
E/WifiManager(  821): calculateSignalLevel(), enter. rssi=-73 numLevels=5 getNameForPid(821)=system_server
D/WifiStateMachine(  821): handleMessage: X
D/dalvikvm(21228): GC_CONCURRENT freed 1972K, 48% free 5856K/11144K, paused 1ms+4ms, total 44ms
D/PowerManagerService_DumpWakeLock(  821): Dump interval is: 52 s
D/PowerManagerService_DumpWakeLock(  821):  Current State is: Awake
D/PowerManagerService_DumpWakeLock(  821): Screen off timeout: 300000 ms
D/PowerManagerService_DumpWakeLock(  821): Screen dim duration: 7000 ms
D/PowerManagerService_DumpWakeLock(  821): Wake Locks: size=1
D/PowerManagerService_DumpWakeLock(  821):   SCREEN_BRIGHT_WAKE_LOCK        'WindowManager' ON_AFTER_RELEASE (uid=1000, pid=821, ws=WorkSource{10111})
D/PowerManagerService_DumpWakeLock(  821): Suspend Blockers: size=5
D/PowerManagerService_DumpWakeLock(  821):   PowerManagerService.WakeLocks: ref count=1
D/PowerManagerService_DumpWakeLock(  821):   PowerManagerService.Display: ref count=1
D/PowerManagerService_DumpWakeLock(  821):   PowerManagerService.Proximity: ref count=0
D/PowerManagerService_DumpWakeLock(  821):   PowerManagerService.Broadcasts: ref count=0
D/PowerManagerService_DumpWakeLock(  821):   PowerManagerService.WirelessChargerDetector: ref count=0
D/PowerManagerService_DumpWakeLock(  821): Screen On Blocker: held=false, mNestCount=0
D/PowerManagerService_DumpWakeLock(  821): Display Blanker: blanked=false
D/dalvikvm(21228): GC_CONCURRENT freed 1972K, 48% free 5852K/11144K, paused 3ms+5ms, total 47ms
D/dalvikvm(21228): GC_CONCURRENT freed 1971K, 48% free 5850K/11144K, paused 4ms+6ms, total 46ms
W/RobotCore(21228): Unable to send RobocolDatagram: java.net.SocketException: Socket is closed
W/RobotCore(21228):                RobocolDatagram - type:NONE, addr:null, size:0
I/RobotCore(21228): Battery Checker, Level Remaining: 40.0
D/WifiStateMachine(  821): handleMessage: E msg.what=131155
D/WifiStateMachine(  821): processMsg: ConnectedState
D/WifiStateMachine(  821): processMsg: L2ConnectedState
E/WifiManager(  821): calculateSignalLevel(), enter. rssi=-73 numLevels=5 getNameForPid(821)=system_server
D/WifiStateMachine(  821): handleMessage: X
D/StatusBar.NetworkController(  975): refreshViews: Data not connected!! Set no data type icon / Roaming
D/dalvikvm(21228): GC_CONCURRENT freed 1959K, 48% free 5849K/11144K, paused 3ms+4ms, total 41ms
D/dalvikvm(21228): GC_CONCURRENT freed 1979K, 48% free 5855K/11144K, paused 4ms+2ms, total 52ms
D/dalvikvm(21228): GC_CONCURRENT freed 1965K, 48% free 5862K/11144K, paused 3ms+2ms, total 40ms
D/StatusBar.NetworkController(  975): refreshViews: Data not connected!! Set no data type icon / Roaming
D/WifiStateMachine(  821): handleMessage: E msg.what=131155
D/WifiStateMachine(  821): processMsg: ConnectedState
D/WifiStateMachine(  821): processMsg: L2ConnectedState
E/WifiManager(  821): calculateSignalLevel(), enter. rssi=-73 numLevels=5 getNameForPid(821)=system_server
D/WifiStateMachine(  821): handleMessage: X
D/dalvikvm(21228): GC_CONCURRENT freed 1976K, 48% free 5850K/11144K, paused 3ms+3ms, total 36ms
D/dalvikvm(21228): GC_CONCURRENT freed 1963K, 48% free 5864K/11144K, paused 3ms+5ms, total 46ms
D/dalvikvm(21228): GC_CONCURRENT freed 1980K, 48% free 5857K/11144K, paused 3ms+4ms, total 40ms
D/dalvikvm(21228): GC_CONCURRENT freed 1963K, 48% free 5858K/11144K, paused 2ms+3ms, total 46ms
D/WifiStateMachine(  821): handleMessage: E msg.what=131155
D/WifiStateMachine(  821): processMsg: ConnectedState
D/WifiStateMachine(  821): processMsg: L2ConnectedState
E/WifiManager(  821): calculateSignalLevel(), enter. rssi=-72 numLevels=5 getNameForPid(821)=system_server
D/WifiStateMachine(  821): handleMessage: X
D/dalvikvm(21228): GC_CONCURRENT freed 1975K, 48% free 5858K/11144K, paused 3ms+5ms, total 39ms
D/dalvikvm(21228): GC_CONCURRENT freed 1975K, 48% free 5854K/11144K, paused 3ms+5ms, total 43ms
D/dalvikvm(21228): GC_CONCURRENT freed 1978K, 48% free 5855K/11144K, paused 2ms+4ms, total 44ms
D/WifiStateMachine(  821): handleMessage: E msg.what=131155
D/WifiStateMachine(  821): processMsg: ConnectedState
D/WifiStateMachine(  821): processMsg: L2ConnectedState
E/WifiManager(  821): calculateSignalLevel(), enter. rssi=-72 numLevels=5 getNameForPid(821)=system_server
D/WifiStateMachine(  821): handleMessage: X
D/StatusBar.NetworkController(  975): refreshViews: Data not connected!! Set no data type icon / Roaming
D/dalvikvm(21228): GC_CONCURRENT freed 1962K, 48% free 5846K/11144K, paused 3ms+4ms, total 39ms
D/dalvikvm(21228): GC_CONCURRENT freed 1967K, 48% free 5863K/11144K, paused 2ms+3ms, total 53ms
D/dalvikvm(21228): GC_CONCURRENT freed 1979K, 48% free 5853K/11144K, paused 2ms+4ms, total 43ms
D/WifiStateMachine(  821): handleMessage: E msg.what=131155
D/WifiStateMachine(  821): processMsg: ConnectedState
D/WifiStateMachine(  821): processMsg: L2ConnectedState
E/WifiManager(  821): calculateSignalLevel(), enter. rssi=-74 numLevels=5 getNameForPid(821)=system_server
D/WifiStateMachine(  821): handleMessage: X
D/StatusBar.NetworkController(  975): refreshViews: Data not connected!! Set no data type icon / Roaming
W/RobotCore(21228): Unable to send RobocolDatagram: java.net.SocketException: Socket is closed
W/RobotCore(21228):                RobocolDatagram - type:NONE, addr:null, size:0
I/RobotCore(21228): Battery Checker, Level Remaining: 40.0
D/dalvikvm(21228): GC_CONCURRENT freed 1973K, 48% free 5847K/11144K, paused 3ms+5ms, total 41ms
D/WifiApPowerMode(  821): ACTION_BATTERY_CHANGED received. pluggedType=0 mUSBConnected=false
D/LockScreen_KeyguardUpdateMonitor(  975): received broadcast android.intent.action.BATTERY_CHANGED
D/LockScreen_DMLockCodeController(  975): canAcceptIntent - can: false
D/LockScreen_CMASAlertController(  975): canAcceptIntent - can: false
D/LockScreen_KeyguardUpdateMonitor(  975): handleBatteryUpdate
D/BatteryService(  821): ZTE Sending ACTION_BATTERY_CHANGED.  level:40, scale:100, status:3, health:2, present:true, voltage: 3720, temperature: 260, technology: Li-ion, AC powered:false, USB powered:false, Wireless powered:false, icon:17302952, invalid charger:0
D/WifiController(  821): battery changed pluggedType: 0
D/PowerManagerService(  821): sendPendingNotificationsLocked mSendGoToSleepFinishedNotificationWhenReady = false
D/StatusBar.NetworkController(  975): refreshViews: Data not connected!! Set no data type icon / Roaming
D/dalvikvm(21228): GC_CONCURRENT freed 1958K, 48% free 5869K/11144K, paused 3ms+4ms, total 47ms
D/dalvikvm(21228): GC_CONCURRENT freed 1976K, 48% free 5853K/11144K, paused 3ms+3ms, total 43ms
D/WifiStateMachine(  821): handleMessage: E msg.what=131155
D/WifiStateMachine(  821): processMsg: ConnectedState
D/WifiStateMachine(  821): processMsg: L2ConnectedState
E/WifiManager(  821): calculateSignalLevel(), enter. rssi=-76 numLevels=5 getNameForPid(821)=system_server
D/WifiStateMachine(  821): handleMessage: X
D/StatusBar.NetworkController(  975): refreshViews: Data not connected!! Set no data type icon / Roaming
D/dalvikvm(21228): GC_CONCURRENT freed 1974K, 48% free 5852K/11144K, paused 4ms+5ms, total 44ms
D/StatusBar.NetworkController(  975): refreshViews: Data not connected!! Set no data type icon / Roaming
D/dalvikvm(21228): GC_CONCURRENT freed 1984K, 48% free 5863K/11144K, paused 3ms+6ms, total 50ms
D/StatusBar.NetworkController(  975): refreshViews: Data not connected!! Set no data type icon / Roaming
D/dalvikvm(21228): GC_CONCURRENT freed 1969K, 48% free 5864K/11144K, paused 3ms+4ms, total 43ms
D/WifiStateMachine(  821): handleMessage: E msg.what=131155
D/WifiStateMachine(  821): processMsg: ConnectedState
D/WifiStateMachine(  821): processMsg: L2ConnectedState
E/WifiManager(  821): calculateSignalLevel(), enter. rssi=-78 numLevels=5 getNameForPid(821)=system_server
D/WifiStateMachine(  821): handleMessage: X
D/dalvikvm(21228): GC_CONCURRENT freed 1971K, 48% free 5858K/11144K, paused 4ms+5ms, total 42ms
D/dalvikvm(21228): GC_CONCURRENT freed 1974K, 48% free 5851K/11144K, paused 3ms+6ms, total 42ms
D/dalvikvm(21228): GC_CONCURRENT freed 1969K, 48% free 5856K/11144K, paused 2ms+4ms, total 40ms
D/WifiStateMachine(  821): handleMessage: E msg.what=131155
D/WifiStateMachine(  821): processMsg: ConnectedState
D/WifiStateMachine(  821): processMsg: L2ConnectedState
E/WifiManager(  821): calculateSignalLevel(), enter. rssi=-77 numLevels=5 getNameForPid(821)=system_server
D/WifiStateMachine(  821): handleMessage: X
D/dalvikvm(21228): GC_CONCURRENT freed 1969K, 48% free 5873K/11144K, paused 3ms+5ms, total 52ms
I/RobotCore(21228): Battery Checker, Level Remaining: 40.0
