D/UsbDeviceManager(  821): updateUsbNotification();   1
E/UsbDeviceManager(  821): ++++++++++++++++mConnectedtrue
E/UsbDeviceManager(  821): ++++++++++++++++mUseUsbNotificationtrue
D/PowerManagerService(  821): sendPendingNotificationsLocked mSendGoToSleepFinishedNotificationWhenReady = false
E/UsbDeviceManager(  821): ++++++++++++++++mUsbNotificationId17040539
E/UsbDeviceManager(  821): ++++++++++++++++id17040539
D/PowerManagerService(  821): sendPendingNotificationsLocked mSendGoToSleepFinishedNotificationWhenReady = false
E/AUD_MediaButtonIntentReceiver(21434): receive action: android.hardware.usb.action.USB_STATE
E/AUD_MediaButtonIntentReceiver(21434): usbState.equals(intentAction)
D/LockScreen_KeyguardUpdateMonitor(  975): received broadcast android.intent.action.BATTERY_CHANGED
D/LockScreen_DMLockCodeController(  975): canAcceptIntent - can: false
D/LockScreen_CMASAlertController(  975): canAcceptIntent - can: false
D/LBSSystemMonitorService(  821): handleMessage what - 14
D/DeviceContext(  821): handleMessage what - 1
D/Ulp_jni (  821): JNI:system_update. Event-2
D/PowerUI (  975): playing charger insert/remove sound. enabledtrue
E/RingtoneManager(  975): lgn getRingtone ringtoneUri: ,streamType: -1
E/MediaPlayer-JNI(  975): QCMediaPlayer mediaplayer NOT present
E/MediaPlayer(  975): Uri is  /system/media/audio/ui/ChargerInsert.ogg
D/Sonivox (  267): file[-1206573408]: EAS_HWOpenFile ---->. mDrmManagerClient[0], mDrmBufOffset[0], mDrmBufSize[0], mDrmBuf[0]
D/Sonivox (  267): wangchong: path is NULL
D/PRDrmPlugIn(  264): PRDrmPlugin::onInitialize, uniqueId = 8095
D/PRDrmPlugIn(  264): PRDrmPlugin::onSetOnInfoListener: starts! uniqueId = 8095
D/PRDrmPlugIn(  264): PRDrmPlugin::onSetOnInfoListener: ends!
D/Sonivox (  267): [qwu ]FileSource::canHandle()begin 
D/Sonivox (  267): [qwu ]FileSource::canHandle()end 
I/iu.Environment( 1566): update battery state; isPlugged? true*
D/Sonivox (  267): [qwu ]FileSource::canHandle() OK 
D/Sonivox (  267): [qwu ]FileSource::canHandle() failed 
D/PRDrmPlugIn(  264): PRDrmPlugin::onTerminate, uniqueId = 8095
D/Sonivox (  267): file[-1206573408]: EAS_HWOpenFile <----. mDrmManagerClient[0], mDrmBufOffset[0], mDrmBufSize[0], mDrmBuf[0]
D/Sonivox (  267): file[-1206573408]: EAS_HWCloseFile ---->. mDrmManagerClient[0], mDrmBufOffset[0], mDrmBufSize[0], mDrmBuf[0]
D/Sonivox (  267): file[-1206573408]: EAS_HWCloseFile <----. mDrmManagerClient[0], mDrmBufOffset[0], mDrmBufSize[0], mDrmBuf[0]
I/ExtendedUtils(  267): AV Sync late margin : Intended=40ms Using=0ms
D/Utils   (  267): printFileName fd(26) -> /system/media/audio/ui/ChargerInsert.ogg
E/NetworkScheduler.SchedulerReceiver( 1248): Invalid parameter app
E/NetworkScheduler.SchedulerReceiver( 1248): Invalid package name : Perhaps you didn't include a PendingIntent in the extras?
D/PRDrmPlugIn(  264): PRDrmPlugin::onInitialize, uniqueId = 7744
D/PRDrmPlugIn(  264): PRDrmPlugin::onSetOnInfoListener: starts! uniqueId = 7744
D/PRDrmPlugIn(  264): PRDrmPlugin::onSetOnInfoListener: ends!
D/PRDrmPlugIn(  264): PRDrmPlugin::onTerminate, uniqueId = 7744
D/PowerManagerService(  821): sendPendingNotificationsLocked mSendGoToSleepFinishedNotificationWhenReady = false
D/PowerManagerService(  821): sendPendingNotificationsLocked mSendGoToSleepFinishedNotificationWhenReady = false
I/iu.UploadsManager( 1566): num queued entries: 0
D/ExtendedUtils(  267): extended extractor not needed, return default
I/iu.UploadsManager( 1566): num updated entries: 0
I/GCoreUlr( 1098): Starting service, intent=Intent { act=com.google.android.location.reporting.ACTION_UPDATE_WORLD cmp=com.google.android.gms/com.google.android.location.reporting.service.DispatchingService (has extras) }, extras=Bundle[{receiverAction=android.intent.action.ACTION_POWER_CONNECTED}]
D/AudioPolicyManager(  267): copl: isOffloadSupported: SR=44100, CM=0x3, Format=0x7000000, StreamType=2, BitRate=4294967295, duration=605555 us, has_video=0
D/AudioPolicyManager(  267): copl: isOffloadSupported: stream_type != MUSIC, returning false
D/OMXCodec(  267): Successfully allocated OMX node 'OMX.google.vorbis.decoder'
I/AwesomePlayer(  267): Could not offload audio decode, try pcm offload
D/AudioPolicyManager(  267): copl: isOffloadSupported: SR=44100, CM=0x1, Format=0x17000001, StreamType=2, BitRate=4294967295, duration=605555 us, has_video=0
D/AudioPolicyManager(  267): copl: isOffloadSupported: stream_type != MUSIC, returning false
I/iu.FingerprintManager( 1566): Start processing all media
D/PowerManagerService(  821): sendPendingNotificationsLocked mSendGoToSleepFinishedNotificationWhenReady = false
D/PowerManagerService(  821): sendPendingNotificationsLocked mSendGoToSleepFinishedNotificationWhenReady = false
D/Ringtone(  975): Successfully created local player
E/MediaPlayer-JNI(  975): QCMediaPlayer mediaplayer NOT present
E/MediaPlayer(  975): Uri is  /system/media/audio/ui/ChargerInsert.ogg
I/iu.SyncManager( 1566): NEXT; no task
I/GCoreUlr( 1098): DispatchingService.onCreate()
D/Sonivox (  267): file[-1206573408]: EAS_HWOpenFile ---->. mDrmManagerClient[0], mDrmBufOffset[0], mDrmBufSize[0], mDrmBuf[0]
D/Sonivox (  267): wangchong: path is NULL
I/iu.FingerprintManager( 1566): Start processing media store URI: content://media/external/images/media
D/PRDrmPlugIn(  264): PRDrmPlugin::onInitialize, uniqueId = 6779
D/PRDrmPlugIn(  264): PRDrmPlugin::onSetOnInfoListener: starts! uniqueId = 6779
D/PRDrmPlugIn(  264): PRDrmPlugin::onSetOnInfoListener: ends!
D/Sonivox (  267): [qwu ]FileSource::canHandle()begin 
D/Sonivox (  267): [qwu ]FileSource::canHandle()end 
D/Sonivox (  267): [qwu ]FileSource::canHandle() OK 
D/Sonivox (  267): [qwu ]FileSource::canHandle() failed 
D/PRDrmPlugIn(  264): PRDrmPlugin::onTerminate, uniqueId = 6779
D/Sonivox (  267): file[-1206573408]: EAS_HWOpenFile <----. mDrmManagerClient[0], mDrmBufOffset[0], mDrmBufSize[0], mDrmBuf[0]
D/Sonivox (  267): file[-1206573408]: EAS_HWCloseFile ---->. mDrmManagerClient[0], mDrmBufOffset[0], mDrmBufSize[0], mDrmBuf[0]
D/Sonivox (  267): file[-1206573408]: EAS_HWCloseFile <----. mDrmManagerClient[0], mDrmBufOffset[0], mDrmBufSize[0], mDrmBuf[0]
I/ExtendedUtils(  267): AV Sync late margin : Intended=40ms Using=0ms
D/Utils   (  267): printFileName fd(26) -> /system/media/audio/ui/ChargerInsert.ogg
D/PowerManagerService(  821): sendPendingNotificationsLocked mSendGoToSleepFinishedNotificationWhenReady = false
D/PowerManagerService(  821): sendPendingNotificationsLocked mSendGoToSleepFinishedNotificationWhenReady = false
I/iu.FingerprintManager( 1566): Start processing media store URI: content://media/external/video/media
D/PRDrmPlugIn(  264): PRDrmPlugin::onInitialize, uniqueId = 5405
D/PRDrmPlugIn(  264): PRDrmPlugin::onSetOnInfoListener: starts! uniqueId = 5405
D/PRDrmPlugIn(  264): PRDrmPlugin::onSetOnInfoListener: ends!
D/PRDrmPlugIn(  264): PRDrmPlugin::onTerminate, uniqueId = 5405
D/ExtendedUtils(  267): extended extractor not needed, return default
D/PowerManagerService(  821): sendPendingNotificationsLocked mSendGoToSleepFinishedNotificationWhenReady = false
D/AudioPolicyManager(  267): copl: isOffloadSupported: SR=44100, CM=0x3, Format=0x7000000, StreamType=5, BitRate=4294967295, duration=605555 us, has_video=0
D/AudioPolicyManager(  267): copl: isOffloadSupported: stream_type != MUSIC, returning false
D/OMXCodec(  267): Successfully allocated OMX node 'OMX.google.vorbis.decoder'
I/AwesomePlayer(  267): Could not offload audio decode, try pcm offload
D/AudioPolicyManager(  267): copl: isOffloadSupported: SR=44100, CM=0x1, Format=0x17000001, StreamType=5, BitRate=4294967295, duration=605555 us, has_video=0
D/AudioPolicyManager(  267): copl: isOffloadSupported: stream_type != MUSIC, returning false
D/Ringtone(  975): Successfully created local player
I/iu.FingerprintManager( 1566): Start processing media store URI: content://media/phoneStorage/images/media
I/iu.FingerprintManager( 1566): Start processing media store URI: content://media/phoneStorage/video/media
D/PowerUI (  975): paly enable=true
I/iu.FingerprintManager( 1566): Finished generating fingerprints; 0.059 seconds
I/iu.FingerprintManager( 1566):   numSeen=12 numGenerated=0 numDeleted=0 numFailed=0
D/PowerManagerService(  821): sendPendingNotificationsLocked mSendGoToSleepFinishedNotificationWhenReady = false
E/MP_MtpReceiver( 3292): On Mtp connected, start to scan volume:/storage/emulated/0
D/LockScreen_KeyguardUpdateMonitor(  975): handleBatteryUpdate
E/MediaPlayer(  975): Should have subtitle controller already set
D/PowerManagerService(  821): sendPendingNotificationsLocked mSendGoToSleepFinishedNotificationWhenReady = false
D/PowerManagerService(  821): sendPendingNotificationsLocked mSendGoToSleepFinishedNotificationWhenReady = false
D/PowerManagerService(  821): sendPendingNotificationsLocked mSendGoToSleepFinishedNotificationWhenReady = false
E/AUD_MediaButtonIntentReceiver(21434): receive action: android.hardware.usb.action.USB_STATE
E/AUD_MediaButtonIntentReceiver(21434): usbState.equals(intentAction)
D/MP_MtpService( 3292): updating state; isCurrentUser=true, mMtpLocked=false
D/MP_MtpService( 3292): addStorageLocked 65537 /storage/emulated/0
D/MP_MtpService( 3292): updating state; isCurrentUser=true, mMtpLocked=false
D/MP_MtpService( 3292): starting MTP server in MTP mode
D/MP_MtpService( 3292): starting MTP server in MTP mode
D/MP_MtpService( 3292): addStorageLocked 65537 /storage/emulated/0
D/PowerManagerService(  821): sendPendingNotificationsLocked mSendGoToSleepFinishedNotificationWhenReady = false
D/PowerManagerService(  821): sendPendingNotificationsLocked mSendGoToSleepFinishedNotificationWhenReady = false
D/PowerManagerService(  821): sendPendingNotificationsLocked mSendGoToSleepFinishedNotificationWhenReady = false
D/PowerManagerService(  821): sendPendingNotificationsLocked mSendGoToSleepFinishedNotificationWhenReady = false
D/DisplayPowerController(  821): updateAmbientLux:  mLightSensorListener lux is 60.0
D/PowerManagerService(  821): sendPendingNotificationsLocked mSendGoToSleepFinishedNotificationWhenReady = false
I/GCoreUlr( 1098): WorldUpdater received intent Intent { act=com.google.android.location.reporting.ACTION_UPDATE_WORLD cmp=com.google.android.gms/com.google.android.location.reporting.service.DispatchingService (has extras) } with receiverAction android.intent.action.ACTION_POWER_CONNECTED
D/MediaScannerService( 3292): start scanning volume external: [/storage/emulated/0]
D/PowerManagerService(  821): sendPendingNotificationsLocked mSendGoToSleepFinishedNotificationWhenReady = false
E/MP_MediaProvider( 3292): case VOLUMES:
E/MP_MediaProvider( 3292): ProcessLastMountVolumeFile  begin
E/storagevolume( 3292): peijian null or ,return -1
E/MP_MediaProvider( 3292): ProcessLastMountVolumeFile() currentVolumeId ==-1
E/storagevolume( 3292): peijian null or ,return -1
D/PowerManagerService(  821): sendPendingNotificationsLocked mSendGoToSleepFinishedNotificationWhenReady = false
D/PowerManagerService(  821): sendPendingNotificationsLocked mSendGoToSleepFinishedNotificationWhenReady = false
D/DisplayPowerController(  821): updateAmbientLux:  mLightSensorListener lux is 10.0
E/MP_MediaProvider( 3292): mount volume id:-1
E/MP_MediaProvider( 3292): mount volume path = /storage/emulated/0
I/GCoreUlr( 1098): WorldUpdater:android.intent.action.ACTION_POWER_CONNECTED: Ensuring that reporting is stopped because of reasons: {account#15#=[InactiveReason{mVersionCode=0, mIdentifier=12, mName='LocationDisabled'}, InactiveReason{mVersionCode=0, mIdentifier=6, mName='ReportingNotEnabled'}, InactiveReason{mVersionCode=0, mIdentifier=14, mName='HistoryNotEnabled'}]}
E/MP_MediaProvider( 3292): print the processdatabase  begin
E/MP_MediaProvider( 3292): print the volumeidUpdateTime clumecount = 1
I/ActivityManager(  821): Start proc com.google.android.music:main for broadcast com.google.android.music/.store.MediaStoreImportService$Receiver: pid=21798 uid=10069 gids={50069, 9997, 3003, 1028, 1015}
E/MP_MediaProvider( 3292): processdatabase  UPDATE volumeidUpdateTime 
D/PowerManagerService(  821): sendPendingNotificationsLocked mSendGoToSleepFinishedNotificationWhenReady = false
D/PowerManagerService(  821): sendPendingNotificationsLocked mSendGoToSleepFinishedNotificationWhenReady = false
I/GCoreUlr( 1098): Unbound from all location providers
I/GCoreUlr( 1098): Place inference reporting - stopped
D/ActivityThread(21798): handleBindApplication:com.google.android.music:main
D/ActivityThread(21798): setTargetHeapUtilization:0.75
D/ActivityThread(21798): setTargetHeapMinFree:2097152
D/PowerManagerService(  821): sendPendingNotificationsLocked mSendGoToSleepFinishedNotificationWhenReady = false
D/PowerManagerService(  821): sendPendingNotificationsLocked mSendGoToSleepFinishedNotificationWhenReady = false
I/GCoreUlr( 1098): DispatchingService.onDestroy()
I/GCoreUlr( 1098): Stopping handler for UlrDispSvcFast
I/GCoreUlr( 1098): Unbound from all location providers
I/GCoreUlr( 1098): Place inference reporting - stopped
D/PowerManagerService(  821): sendPendingNotificationsLocked mSendGoToSleepFinishedNotificationWhenReady = false
D/PowerManagerService(  821): sendPendingNotificationsLocked mSendGoToSleepFinishedNotificationWhenReady = false
D/SnetService( 1566): snet destroyed
I/MultiDex(21798): VM with version 1.6.0 does not have multidex support
I/MultiDex(21798): install
I/MultiDex(21798): MultiDexExtractor.load(/data/app/com.google.android.music-1.apk, false)
D/DisplayPowerController(  821): updateAmbientLux:  mLightSensorListener lux is 15.0
I/MultiDex(21798): loading existing secondary dex files
I/MultiDex(21798): load found 1 secondary dex files
I/MultiDex(21798): install done
D/StatusBar.NetworkController(  975): refreshViews: Data not connected!! Set no data type icon / Roaming
D/PowerManagerService(  821): sendPendingNotificationsLocked mSendGoToSleepFinishedNotificationWhenReady = false
I/iu.UploadsManager( 1566): End new media; added: 0, uploading: 0, time: 111 ms
D/PowerManagerService(  821): sendPendingNotificationsLocked mSendGoToSleepFinishedNotificationWhenReady = false
D/Sonivox (  267): file[-1206569264]: EAS_HWOpenFile ---->. mDrmManagerClient[0], mDrmBufOffset[0], mDrmBufSize[0], mDrmBuf[0]
D/Sonivox (  267): wangchong: path is NULL
D/PRDrmPlugIn(  264): PRDrmPlugin::onInitialize, uniqueId = 6521
D/PRDrmPlugIn(  264): PRDrmPlugin::onSetOnInfoListener: starts! uniqueId = 6521
D/PRDrmPlugIn(  264): PRDrmPlugin::onSetOnInfoListener: ends!
D/Sonivox (  267): [qwu ]FileSource::canHandle()begin 
D/Sonivox (  267): [qwu ]FileSource::canHandle()end 
D/Sonivox (  267): [qwu ]FileSource::canHandle() OK 
D/Sonivox (  267): [qwu ]FileSource::canHandle() failed 
D/PRDrmPlugIn(  264): PRDrmPlugin::onTerminate, uniqueId = 6521
D/Sonivox (  267): file[-1206569264]: EAS_HWOpenFile <----. mDrmManagerClient[0], mDrmBufOffset[0], mDrmBufSize[0], mDrmBuf[0]
D/Sonivox (  267): file[-1206569264]: EAS_HWCloseFile ---->. mDrmManagerClient[0], mDrmBufOffset[0], mDrmBufSize[0], mDrmBuf[0]
D/Sonivox (  267): file[-1206569264]: EAS_HWCloseFile <----. mDrmManagerClient[0], mDrmBufOffset[0], mDrmBufSize[0], mDrmBuf[0]
D/PRDrmPlugIn(  264): PRDrmPlugin::onInitialize, uniqueId = 5888
D/PRDrmPlugIn(  264): PRDrmPlugin::onSetOnInfoListener: starts! uniqueId = 5888
D/PRDrmPlugIn(  264): PRDrmPlugin::onSetOnInfoListener: ends!
D/PRDrmPlugIn(  264): PRDrmPlugin::onTerminate, uniqueId = 5888
D/ExtendedUtils(  267): extended extractor not needed, return default
D/Sonivox (  267): file[-1206569264]: EAS_HWOpenFile ---->. mDrmManagerClient[0], mDrmBufOffset[0], mDrmBufSize[0], mDrmBuf[0]
D/Sonivox (  267): wangchong: path is NULL
D/PRDrmPlugIn(  264): PRDrmPlugin::onInitialize, uniqueId = 5767
D/PRDrmPlugIn(  264): PRDrmPlugin::onSetOnInfoListener: starts! uniqueId = 5767
D/PRDrmPlugIn(  264): PRDrmPlugin::onSetOnInfoListener: ends!
D/DisplayPowerController(  821): updateAmbientLux:  mLightSensorListener lux is 4.0
D/Sonivox (  267): [qwu ]FileSource::canHandle()begin 
D/Sonivox (  267): [qwu ]FileSource::canHandle()end 
D/Sonivox (  267): [qwu ]FileSource::canHandle() OK 
D/Sonivox (  267): [qwu ]FileSource::canHandle() failed 
I/BaseStore(21798): Store database version: 131
D/PRDrmPlugIn(  264): PRDrmPlugin::onTerminate, uniqueId = 5767
D/Sonivox (  267): file[-1206569264]: EAS_HWOpenFile <----. mDrmManagerClient[0], mDrmBufOffset[0], mDrmBufSize[0], mDrmBuf[0]
D/Sonivox (  267): file[-1206569264]: EAS_HWCloseFile ---->. mDrmManagerClient[0], mDrmBufOffset[0], mDrmBufSize[0], mDrmBuf[0]
D/Sonivox (  267): file[-1206569264]: EAS_HWCloseFile <----. mDrmManagerClient[0], mDrmBufOffset[0], mDrmBufSize[0], mDrmBuf[0]
D/PRDrmPlugIn(  264): PRDrmPlugin::onInitialize, uniqueId = 7180
D/PRDrmPlugIn(  264): PRDrmPlugin::onSetOnInfoListener: starts! uniqueId = 7180
D/PRDrmPlugIn(  264): PRDrmPlugin::onSetOnInfoListener: ends!
I/dalvikvm(21798): Could not find method android.app.Notification$Builder.setLocalOnly, referenced from method com.google.android.gms.common.GooglePlayServicesUtil.zza
W/dalvikvm(21798): VFY: unable to resolve virtual method 419: Landroid/app/Notification$Builder;.setLocalOnly (Z)Landroid/app/Notification$Builder;
D/dalvikvm(21798): VFY: replacing opcode 0x6e at 0x00c8
D/PRDrmPlugIn(  264): PRDrmPlugin::onTerminate, uniqueId = 7180
D/ExtendedUtils(  267): extended extractor not needed, return default
I/dalvikvm(21798): Could not find method android.content.pm.PackageManager.getPackageInstaller, referenced from method com.google.android.gms.common.GooglePlayServicesUtil.zzi
W/dalvikvm(21798): VFY: unable to resolve virtual method 791: Landroid/content/pm/PackageManager;.getPackageInstaller ()Landroid/content/pm/PackageInstaller;
D/dalvikvm(21798): VFY: replacing opcode 0x6e at 0x000b
D/Sonivox (  267): file[-1206569264]: EAS_HWOpenFile ---->. mDrmManagerClient[0], mDrmBufOffset[0], mDrmBufSize[0], mDrmBuf[0]
D/Sonivox (  267): wangchong: path is NULL
D/PRDrmPlugIn(  264): PRDrmPlugin::onInitialize, uniqueId = 8164
D/PRDrmPlugIn(  264): PRDrmPlugin::onSetOnInfoListener: starts! uniqueId = 8164
D/PRDrmPlugIn(  264): PRDrmPlugin::onSetOnInfoListener: ends!
D/Sonivox (  267): [qwu ]FileSource::canHandle()begin 
D/Sonivox (  267): [qwu ]FileSource::canHandle()end 
D/Sonivox (  267): [qwu ]FileSource::canHandle() OK 
D/Sonivox (  267): [qwu ]FileSource::canHandle() failed 
D/PRDrmPlugIn(  264): PRDrmPlugin::onTerminate, uniqueId = 8164
D/Sonivox (  267): file[-1206569264]: EAS_HWOpenFile <----. mDrmManagerClient[0], mDrmBufOffset[0], mDrmBufSize[0], mDrmBuf[0]
D/Sonivox (  267): file[-1206569264]: EAS_HWCloseFile ---->. mDrmManagerClient[0], mDrmBufOffset[0], mDrmBufSize[0], mDrmBuf[0]
D/Sonivox (  267): file[-1206569264]: EAS_HWCloseFile <----. mDrmManagerClient[0], mDrmBufOffset[0], mDrmBufSize[0], mDrmBuf[0]
D/PRDrmPlugIn(  264): PRDrmPlugin::onInitialize, uniqueId = 6638
D/PRDrmPlugIn(  264): PRDrmPlugin::onSetOnInfoListener: starts! uniqueId = 6638
D/PRDrmPlugIn(  264): PRDrmPlugin::onSetOnInfoListener: ends!
D/PRDrmPlugIn(  264): PRDrmPlugin::onTerminate, uniqueId = 6638
D/ExtendedUtils(  267): extended extractor not needed, return default
D/Sonivox (  267): file[-1206569264]: EAS_HWOpenFile ---->. mDrmManagerClient[0], mDrmBufOffset[0], mDrmBufSize[0], mDrmBuf[0]
D/Sonivox (  267): wangchong: path is NULL
D/PRDrmPlugIn(  264): PRDrmPlugin::onInitialize, uniqueId = 5879
D/PRDrmPlugIn(  264): PRDrmPlugin::onSetOnInfoListener: starts! uniqueId = 5879
D/PRDrmPlugIn(  264): PRDrmPlugin::onSetOnInfoListener: ends!
D/Sonivox (  267): [qwu ]FileSource::canHandle()begin 
D/Sonivox (  267): [qwu ]FileSource::canHandle()end 
D/Sonivox (  267): [qwu ]FileSource::canHandle() OK 
D/Sonivox (  267): [qwu ]FileSource::canHandle() failed 
D/PRDrmPlugIn(  264): PRDrmPlugin::onTerminate, uniqueId = 5879
D/Sonivox (  267): file[-1206569264]: EAS_HWOpenFile <----. mDrmManagerClient[0], mDrmBufOffset[0], mDrmBufSize[0], mDrmBuf[0]
D/Sonivox (  267): file[-1206569264]: EAS_HWCloseFile ---->. mDrmManagerClient[0], mDrmBufOffset[0], mDrmBufSize[0], mDrmBuf[0]
D/Sonivox (  267): file[-1206569264]: EAS_HWCloseFile <----. mDrmManagerClient[0], mDrmBufOffset[0], mDrmBufSize[0], mDrmBuf[0]
W/dalvikvm(21798): VFY: unable to find class referenced in signature (Landroid/net/Network;)
W/dalvikvm(21798): VFY: unable to find class referenced in signature (Landroid/net/Network;)
I/dalvikvm(21798): Could not find method android.net.Network.openConnection, referenced from method com.google.android.gms.http.GoogleURLConnectionFactory.openConnection
W/dalvikvm(21798): VFY: unable to resolve virtual method 1589: Landroid/net/Network;.openConnection (Ljava/net/URL;)Ljava/net/URLConnection;
D/dalvikvm(21798): VFY: replacing opcode 0x6e at 0x00a0
I/GoogleURLConnFactory(21798): Using platform SSLCertificateSocketFactory
I/GoogleHttpClient(21798): Using GMS GoogleHttpClient
W/ActivityThread(21798): ClassLoader.loadClass: The class loader returned by Thread.getContextClassLoader() may fail for processes that host multiple applications. You should explicitly specify a context class loader. For example: Thread.setContextClassLoader(getClass().getClassLoader());
D/PRDrmPlugIn(  264): PRDrmPlugin::onInitialize, uniqueId = 5148
D/PRDrmPlugIn(  264): PRDrmPlugin::onSetOnInfoListener: starts! uniqueId = 5148
D/PRDrmPlugIn(  264): PRDrmPlugin::onSetOnInfoListener: ends!
D/PRDrmPlugIn(  264): PRDrmPlugin::onTerminate, uniqueId = 5148
D/ExtendedUtils(  267): extended extractor not needed, return default
D/Sonivox (  267): file[-1206569264]: EAS_HWOpenFile ---->. mDrmManagerClient[0], mDrmBufOffset[0], mDrmBufSize[0], mDrmBuf[0]
D/Sonivox (  267): wangchong: path is NULL
D/PRDrmPlugIn(  264): PRDrmPlugin::onInitialize, uniqueId = 4988
D/PRDrmPlugIn(  264): PRDrmPlugin::onSetOnInfoListener: starts! uniqueId = 4988
D/PRDrmPlugIn(  264): PRDrmPlugin::onSetOnInfoListener: ends!
D/Sonivox (  267): [qwu ]FileSource::canHandle()begin 
D/Sonivox (  267): [qwu ]FileSource::canHandle()end 
D/Sonivox (  267): [qwu ]FileSource::canHandle() OK 
D/Sonivox (  267): [qwu ]FileSource::canHandle() failed 
D/PRDrmPlugIn(  264): PRDrmPlugin::onTerminate, uniqueId = 4988
D/Sonivox (  267): file[-1206569264]: EAS_HWOpenFile <----. mDrmManagerClient[0], mDrmBufOffset[0], mDrmBufSize[0], mDrmBuf[0]
D/Sonivox (  267): file[-1206569264]: EAS_HWCloseFile ---->. mDrmManagerClient[0], mDrmBufOffset[0], mDrmBufSize[0], mDrmBuf[0]
D/Sonivox (  267): file[-1206569264]: EAS_HWCloseFile <----. mDrmManagerClient[0], mDrmBufOffset[0], mDrmBufSize[0], mDrmBuf[0]
D/PRDrmPlugIn(  264): PRDrmPlugin::onInitialize, uniqueId = 8012
D/PRDrmPlugIn(  264): PRDrmPlugin::onSetOnInfoListener: starts! uniqueId = 8012
D/PRDrmPlugIn(  264): PRDrmPlugin::onSetOnInfoListener: ends!
D/PRDrmPlugIn(  264): PRDrmPlugin::onTerminate, uniqueId = 8012
D/ExtendedUtils(  267): extended extractor not needed, return default
D/Sonivox (  267): file[-1206569264]: EAS_HWOpenFile ---->. mDrmManagerClient[0], mDrmBufOffset[0], mDrmBufSize[0], mDrmBuf[0]
D/Sonivox (  267): wangchong: path is NULL
D/PRDrmPlugIn(  264): PRDrmPlugin::onInitialize, uniqueId = 4734
D/PRDrmPlugIn(  264): PRDrmPlugin::onSetOnInfoListener: starts! uniqueId = 4734
D/PRDrmPlugIn(  264): PRDrmPlugin::onSetOnInfoListener: ends!
D/Sonivox (  267): [qwu ]FileSource::canHandle()begin 
D/Sonivox (  267): [qwu ]FileSource::canHandle()end 
D/Sonivox (  267): [qwu ]FileSource::canHandle() OK 
D/Sonivox (  267): [qwu ]FileSource::canHandle() failed 
D/PRDrmPlugIn(  264): PRDrmPlugin::onTerminate, uniqueId = 4734
D/Sonivox (  267): file[-1206569264]: EAS_HWOpenFile <----. mDrmManagerClient[0], mDrmBufOffset[0], mDrmBufSize[0], mDrmBuf[0]
D/Sonivox (  267): file[-1206569264]: EAS_HWCloseFile ---->. mDrmManagerClient[0], mDrmBufOffset[0], mDrmBufSize[0], mDrmBuf[0]
D/Sonivox (  267): file[-1206569264]: EAS_HWCloseFile <----. mDrmManagerClient[0], mDrmBufOffset[0], mDrmBufSize[0], mDrmBuf[0]
D/PRDrmPlugIn(  264): PRDrmPlugin::onInitialize, uniqueId = 5569
D/PRDrmPlugIn(  264): PRDrmPlugin::onSetOnInfoListener: starts! uniqueId = 5569
D/PRDrmPlugIn(  264): PRDrmPlugin::onSetOnInfoListener: ends!
D/PRDrmPlugIn(  264): PRDrmPlugin::onTerminate, uniqueId = 5569
D/ExtendedUtils(  267): extended extractor not needed, return default
I/GHttpClientFactory(21798): Using our fixed implementation of GMSCore's GoogleHttpClient
I/GoogleURLConnFactory(21798): Using platform SSLCertificateSocketFactory
E/cutils  (  249): Failed to mkdirat(/storage/sdcard1/Android): Read-only file system
W/ContextImpl(21798): Failed to ensure directory: /storage/sdcard1/Android/data/com.google.android.music/files
D/VoldCmdListener(  249): volume mkdirs /storage/sdcard1/Android/data/com.google.android.music/files/
W/Vold    (  249): Returning OperationFailed - no handler for errno 30
D/Sonivox (  267): file[-1206569264]: EAS_HWOpenFile ---->. mDrmManagerClient[0], mDrmBufOffset[0], mDrmBufSize[0], mDrmBuf[0]
D/Sonivox (  267): wangchong: path is NULL
D/PRDrmPlugIn(  264): PRDrmPlugin::onInitialize, uniqueId = 4364
D/PRDrmPlugIn(  264): PRDrmPlugin::onSetOnInfoListener: starts! uniqueId = 4364
D/PRDrmPlugIn(  264): PRDrmPlugin::onSetOnInfoListener: ends!
D/Sonivox (  267): [qwu ]FileSource::canHandle()begin 
D/Sonivox (  267): [qwu ]FileSource::canHandle()end 
D/Sonivox (  267): [qwu ]FileSource::canHandle() OK 
D/Sonivox (  267): [qwu ]FileSource::canHandle() failed 
D/PRDrmPlugIn(  264): PRDrmPlugin::onTerminate, uniqueId = 4364
D/Sonivox (  267): file[-1206569264]: EAS_HWOpenFile <----. mDrmManagerClient[0], mDrmBufOffset[0], mDrmBufSize[0], mDrmBuf[0]
D/Sonivox (  267): file[-1206569264]: EAS_HWCloseFile ---->. mDrmManagerClient[0], mDrmBufOffset[0], mDrmBufSize[0], mDrmBuf[0]
D/Sonivox (  267): file[-1206569264]: EAS_HWCloseFile <----. mDrmManagerClient[0], mDrmBufOffset[0], mDrmBufSize[0], mDrmBuf[0]
D/dalvikvm( 1248): GC_EXPLICIT freed 1222K, 63% free 4222K/11144K, paused 2ms+3ms, total 36ms
D/PRDrmPlugIn(  264): PRDrmPlugin::onInitialize, uniqueId = 5660
D/PRDrmPlugIn(  264): PRDrmPlugin::onSetOnInfoListener: starts! uniqueId = 5660
D/PRDrmPlugIn(  264): PRDrmPlugin::onSetOnInfoListener: ends!
D/PRDrmPlugIn(  264): PRDrmPlugin::onTerminate, uniqueId = 5660
D/ExtendedUtils(  267): extended extractor not needed, return default
E/cutils  (  249): Failed to mkdirat(/storage/sdcard1/Android): Read-only file system
W/ContextImpl(21798): Failed to ensure directory: /storage/sdcard1/Android/data/com.google.android.music/files
E/cutils  (  249): Failed to mkdirat(/storage/sdcard1/Android): Read-only file system
W/ContextImpl(21798): Failed to ensure directory: /storage/sdcard1/Android/data/com.google.android.music/files
D/VoldCmdListener(  249): volume mkdirs /storage/sdcard1/Android/data/com.google.android.music/files/
W/Vold    (  249): Returning OperationFailed - no handler for errno 30
D/VoldCmdListener(  249): volume mkdirs /storage/sdcard1/Android/data/com.google.android.music/files/
W/Vold    (  249): Returning OperationFailed - no handler for errno 30
D/MusicLifecycle(21798): com.google.android.music.MusicApplication generated event: Application created
D/dalvikvm(21798): DexOpt: couldn't find static field Landroid/os/Build;.SUPPORTED_ABIS
W/dalvikvm(21798): VFY: unable to resolve static field 120 (SUPPORTED_ABIS) in Landroid/os/Build;
D/dalvikvm(21798): VFY: replacing opcode 0x62 at 0x000a
D/dalvikvm(21798): DexOpt: couldn't find field Landroid/content/pm/ApplicationInfo;.splitSourceDirs
W/dalvikvm(21798): VFY: unable to resolve instance field 36
D/dalvikvm(21798): VFY: replacing opcode 0x54 at 0x005f
D/dalvikvm(21798): DexOpt: couldn't find static field Landroid/os/Build;.SUPPORTED_ABIS
W/dalvikvm(21798): VFY: unable to resolve static field 120 (SUPPORTED_ABIS) in Landroid/os/Build;
D/dalvikvm(21798): VFY: replacing opcode 0x62 at 0x0047
D/dalvikvm(21798): DexOpt: couldn't find field Landroid/content/pm/ApplicationInfo;.splitSourceDirs
I/dalvikvm(21798): DexOpt: unable to optimize instance field ref 0x0024 at 0x63 in Lcom/google/android/gms/common/util/ay;.b
D/dalvikvm(21798): Trying to load lib /data/app-lib/com.google.android.gms-2/libgmscore.so 0x4230a4b0
D/dalvikvm(21798): Added shared lib /data/app-lib/com.google.android.gms-2/libgmscore.so 0x4230a4b0
D/dalvikvm(21798): No JNI_OnLoad found in /data/app-lib/com.google.android.gms-2/libgmscore.so 0x4230a4b0, skipping init
D/dalvikvm(21798): Trying to load lib /data/app-lib/com.google.android.gms-2/libconscrypt_gmscore_jni.so 0x4230a4b0
D/dalvikvm(21798): Added shared lib /data/app-lib/com.google.android.gms-2/libconscrypt_gmscore_jni.so 0x4230a4b0
V/JNIHelp (21798): Registering com/google/android/gms/org/conscrypt/NativeCrypto's 254 native methods...
E/MP_MediaScanner.java ( 3292): File has been modified:/storage/emulated/0/Android/data/com.google.android.music/files, lastModified:1455923382, modified in db:1455921342
D/dalvikvm(21798): Trying to load lib /data/app-lib/com.google.android.gms-2/libgmscore.so 0x4230a4b0
D/dalvikvm(21798): Shared lib '/data/app-lib/com.google.android.gms-2/libgmscore.so' already loaded in same CL 0x4230a4b0
D/dalvikvm(21798): Trying to load lib /data/app-lib/com.google.android.gms-2/libconscrypt_gmscore_jni.so 0x4230a4b0
D/dalvikvm(21798): Shared lib '/data/app-lib/com.google.android.gms-2/libconscrypt_gmscore_jni.so' already loaded in same CL 0x4230a4b0
D/DisplayPowerController(  821): updateAmbientLux:  mLightSensorListener lux is 3.0
D/WifiStateMachine(  821): handleMessage: E msg.what=131155
D/WifiStateMachine(  821): processMsg: ConnectedState
D/WifiStateMachine(  821): processMsg: L2ConnectedState
E/WifiManager(  821): calculateSignalLevel(), enter. rssi=-71 numLevels=5 getNameForPid(821)=system_server
D/WifiStateMachine(  821): handleMessage: X
I/ProviderInstaller(21798): Installed default security provider GmsCore_OpenSSL
D/AndroidMusic(21798): GMSCore installation verified
D/DisplayPowerController(  821): updateAmbientLux:  mLightSensorListener lux is 4.0
I/BaseStore(21798): ConfigStore database version: 1
I/MediaRouter(21798): Found default route: MediaRouter.RouteInfo{ uniqueId=android/.support.v7.media.SystemMediaRouteProvider:DEFAULT_ROUTE, name=Phone, description=null, iconUri=null, enabled=true, connecting=false, connectionState=0, canDisconnect=false, playbackType=0, playbackStream=3, deviceType=0, volumeHandling=1, volume=8, volumeMax=15, presentationDisplayId=-1, extras=null, settingsIntent=null, providerPackageName=android }
D/MusicLifecycle(21798): com.google.android.music.store.MediaStoreImportService$Receiver generated event: Broadcast received with context android.app.ReceiverRestrictedContext@423e5470 and intent Intent { act=android.intent.action.MEDIA_SCANNER_STARTED dat=file:///storage/emulated/0 flg=0x10 cmp=com.google.android.music/.store.MediaStoreImportService$Receiver }
D/AutotriggerReceiver(14449): [onReceive]  Intent { act=android.intent.action.DROPBOX_ENTRY_ADDED flg=0x10 cmp=com.qualcomm.logkit/.autotrigger.AutotriggerReceiver (has extras) }
D/DisplayPowerController(  821): ZTE_PM updateAutoBrightness: useAutoBrightness = true  mAmbientLuxValid = true  mAmbientLux = 22.51317
D/DisplayPowerController(  821): updateAutoBrightness: value=0.16660501 *255 = 42.484276
D/DisplayPowerController(  821): ZTE_PM mPowerRequest.screenState is 2
D/DisplayPowerController(  821): ZTE_PM_PROX disable ProxSensor while NO useProximitySensor 
D/DisplayPowerController(  821): ZTE_PM_PROX setProximitySensorEnabled enable = false
D/DisplayPowerController(  821): ZTE_PM  setLightSensorEnabled enable = true updateAutoBrightness = false
D/MusicLifecycle(21798): com.google.android.music.net.NetworkMonitor generated event: Service created
I/NetworkMonitor(21798): type=WIFI subType= reason=null isConnected=true
D/DisplayPowerState(  821): Updating screen state: onChanged=false, on= true, backlightChanged=true, backlight=38
E/MP_MediaScanner.java ( 3292): File has been modified:/storage/emulated/0/com.qualcomm.ftcrobotcontroller.logcat, lastModified:1455923364, modified in db:1455921747
D/MusicLifecycle(21798): com.google.android.music.preferences.MusicPreferenceService$MusicPreferenceServiceBinder generated event: Service created
D/MusicLifecycle(21798): com.google.android.music.download.cache.StorageMigrationService generated event: Service created
D/MusicLifecycle(21798): com.google.android.music.download.artwork.ArtDownloadService generated event: Service created
E/MP_MediaScanner.java ( 3292): File has been modified:/storage/emulated/0/.ftcdc, lastModified:1455921867, modified in db:1455921436
D/MusicLifecycle(21798): com.google.android.music.store.MediaStoreImportService generated event: Service created
D/MusicLifecycle(21798): com.google.android.music.net.NetworkMonitor$2 generated event: Broadcast received with context com.google.android.music.net.NetworkMonitor@423e7bf0 and intent Intent { act=android.net.conn.CONNECTIVITY_CHANGE flg=0x4000010 (has extras) }
I/NetworkMonitor(21798): type=WIFI subType= reason=null isConnected=true
D/ledlog_java_com(  821): Excessive delay setting light: 65ms
E/MP_MediaScanner.java ( 3292): File has been modified:/storage/emulated/0/com.qualcomm.ftcrobotcontroller.logcat.1.gz, lastModified:1455922211, modified in db:1455919070
D/DisplayPowerState(  821): Updating screen state: onChanged=false, on= true, backlightChanged=true, backlight=42
D/PowerManagerService(  821): sendPendingNotificationsLocked mSendGoToSleepFinishedNotificationWhenReady = false
D/MusicLifecycle(21798): com.google.android.music.download.ArtDownloadQueueService generated event: Service created
E/WifiManager(21798): createWifiLock(), enter. lockType=3 tag=DownloadQueueManager getNameForPid(21798)=com.google.android.music:main
D/StatusBar.NetworkController(  975): refreshViews: Data not connected!! Set no data type icon / Roaming
D/MusicLifecycle(21798): com.google.android.music.download.cache.ArtCacheService generated event: Service created
D/PowerManagerService(  821): sendPendingNotificationsLocked mSendGoToSleepFinishedNotificationWhenReady = false
D/ledlog_java_com(  821): Excessive delay setting light: 66ms
E/SQLiteLog( 3292): (1) table files has no column named filename_extension
E/SQLiteDatabase( 3292): Error inserting bucket_id=-1739773001 title_pinyin_key=VID_00000000000020150804_00000000000000163637 media_type=3 storage_id=65537 date_modified=1438720600 width=1280 album=Camera parent=10 format=12299 resolution=1280x720 bucket_display_name=Camera is_drm=false volume_id=-1 title=VID_20150804_163637 duration=2197 height=720 mime_type=video/mp4 date_added=1455923383 _display_name=VID_20150804_163637.mp4 filename_extension=mp4 attached=1 _size=878679 artist=<unknown> datetaken=1438720600000 _data=/storage/emulated/0/DCIM/Camera/VID_20150804_163637.mp4
E/SQLiteDatabase( 3292): android.database.sqlite.SQLiteException: table files has no column named filename_extension (code 1): , while compiling: INSERT INTO files(bucket_id,title_pinyin_key,media_type,storage_id,date_modified,width,album,parent,format,resolution,bucket_display_name,is_drm,volume_id,title,duration,height,mime_type,date_added,_display_name,filename_extension,attached,_size,artist,datetaken,_data) VALUES (?,?,?,?,?,?,?,?,?,?,?,?,?,?,?,?,?,?,?,?,?,?,?,?,?)
E/SQLiteDatabase( 3292): 	at android.database.sqlite.SQLiteConnection.nativePrepareStatement(Native Method)
E/SQLiteDatabase( 3292): 	at android.database.sqlite.SQLiteConnection.acquirePreparedStatement(SQLiteConnection.java:889)
E/SQLiteDatabase( 3292): 	at android.database.sqlite.SQLiteConnection.prepare(SQLiteConnection.java:500)
E/SQLiteDatabase( 3292): 	at android.database.sqlite.SQLiteSession.prepare(SQLiteSession.java:588)
E/SQLiteDatabase( 3292): 	at android.database.sqlite.SQLiteProgram.<init>(SQLiteProgram.java:58)
E/SQLiteDatabase( 3292): 	at android.database.sqlite.SQLiteStatement.<init>(SQLiteStatement.java:31)
E/SQLiteDatabase( 3292): 	at android.database.sqlite.SQLiteDatabase.insertWithOnConflict(SQLiteDatabase.java:1467)
E/SQLiteDatabase( 3292): 	at android.database.sqlite.SQLiteDatabase.insert(SQLiteDatabase.java:1339)
E/SQLiteDatabase( 3292): 	at com.android.providers.media.MediaProvider.insertFile(MediaProvider.java:4144)
E/SQLiteDatabase( 3292): 	at com.android.providers.media.MediaProvider.insertInternal(MediaProvider.java:4554)
E/SQLiteDatabase( 3292): 	at com.android.providers.media.MediaProvider.bulkInsert(MediaProvider.java:3619)
E/SQLiteDatabase( 3292): 	at android.content.ContentProvider$Transport.bulkInsert(ContentProvider.java:236)
E/SQLiteDatabase( 3292): 	at android.media.MediaInserter.flush(MediaInserter.java:97)
E/SQLiteDatabase( 3292): 	at android.media.MediaInserter.flushAll(MediaInserter.java:76)
E/SQLiteDatabase( 3292): 	at android.media.MediaScanner.scanDirectories(MediaScanner.java:1851)
E/SQLiteDatabase( 3292): 	at com.android.providers.media.MediaScannerService.scan(MediaScannerService.java:114)
E/SQLiteDatabase( 3292): 	at com.android.providers.media.MediaScannerService.access$300(MediaScannerService.java:44)
E/SQLiteDatabase( 3292): 	at com.android.providers.media.MediaScannerService$ServiceHandler.handleMessage(MediaScannerService.java:330)
E/SQLiteDatabase( 3292): 	at android.os.Handler.dispatchMessage(Handler.java:102)
E/SQLiteDatabase( 3292): 	at android.os.Looper.loop(Looper.java:136)
E/SQLiteDatabase( 3292): 	at com.android.providers.media.MediaScannerService.run(MediaScannerService.java:206)
E/SQLiteDatabase( 3292): 	at java.lang.Thread.run(Thread.java:841)
D/MusicLifecycle(21798): com.google.android.music.store.MediaStoreImportService generated event: Service destroyed
D/MusicLifecycle(21798): com.google.android.music.download.cache.StorageMigrationService generated event: Service destroyed
E/SQLiteLog( 3292): (1) table files has no column named filename_extension
E/SQLiteDatabase( 3292): Error inserting bucket_id=-1739773001 title_pinyin_key=VID_00000000000020150804_00000000000000163717 media_type=3 storage_id=65537 date_modified=1438720640 width=1280 album=Camera parent=10 format=12299 resolution=1280x720 bucket_display_name=Camera is_drm=false volume_id=-1 title=VID_20150804_163717 duration=2283 height=720 mime_type=video/mp4 date_added=1455923383 _display_name=VID_20150804_163717.mp4 filename_extension=mp4 attached=1 _size=899023 artist=<unknown> datetaken=1438720640000 _data=/storage/emulated/0/DCIM/Camera/VID_20150804_163717.mp4
E/SQLiteDatabase( 3292): android.database.sqlite.SQLiteException: table files has no column named filename_extension (code 1): , while compiling: INSERT INTO files(bucket_id,title_pinyin_key,media_type,storage_id,date_modified,width,album,parent,format,resolution,bucket_display_name,is_drm,volume_id,title,duration,height,mime_type,date_added,_display_name,filename_extension,attached,_size,artist,datetaken,_data) VALUES (?,?,?,?,?,?,?,?,?,?,?,?,?,?,?,?,?,?,?,?,?,?,?,?,?)
E/SQLiteDatabase( 3292): 	at android.database.sqlite.SQLiteConnection.nativePrepareStatement(Native Method)
E/SQLiteDatabase( 3292): 	at android.database.sqlite.SQLiteConnection.acquirePreparedStatement(SQLiteConnection.java:889)
E/SQLiteDatabase( 3292): 	at android.database.sqlite.SQLiteConnection.prepare(SQLiteConnection.java:500)
E/SQLiteDatabase( 3292): 	at android.database.sqlite.SQLiteSession.prepare(SQLiteSession.java:588)
E/SQLiteDatabase( 3292): 	at android.database.sqlite.SQLiteProgram.<init>(SQLiteProgram.java:58)
E/SQLiteDatabase( 3292): 	at android.database.sqlite.SQLiteStatement.<init>(SQLiteStatement.java:31)
E/SQLiteDatabase( 3292): 	at android.database.sqlite.SQLiteDatabase.insertWithOnConflict(SQLiteDatabase.java:1467)
E/SQLiteDatabase( 3292): 	at android.database.sqlite.SQLiteDatabase.insert(SQLiteDatabase.java:1339)
E/SQLiteDatabase( 3292): 	at com.android.providers.media.MediaProvider.insertFile(MediaProvider.java:4144)
E/SQLiteDatabase( 3292): 	at com.android.providers.media.MediaProvider.insertInternal(MediaProvider.java:4554)
E/SQLiteDatabase( 3292): 	at com.android.providers.media.MediaProvider.bulkInsert(MediaProvider.java:3619)
E/SQLiteDatabase( 3292): 	at android.content.ContentProvider$Transport.bulkInsert(ContentProvider.java:236)
E/SQLiteDatabase( 3292): 	at android.media.MediaInserter.flush(MediaInserter.java:97)
E/SQLiteDatabase( 3292): 	at android.media.MediaInserter.flushAll(MediaInserter.java:76)
E/SQLiteDatabase( 3292): 	at android.media.MediaScanner.scanDirectories(MediaScanner.java:1851)
E/SQLiteDatabase( 3292): 	at com.android.providers.media.MediaScannerService.scan(MediaScannerService.java:114)
E/SQLiteDatabase( 3292): 	at com.android.providers.media.MediaScannerService.access$300(MediaScannerService.java:44)
E/SQLiteDatabase( 3292): 	at com.android.providers.media.MediaScannerService$ServiceHandler.handleMessage(MediaScannerService.java:330)
E/SQLiteDatabase( 3292): 	at android.os.Handler.dispatchMessage(Handler.java:102)
E/SQLiteDatabase( 3292): 	at android.os.Looper.loop(Looper.java:136)
E/SQLiteDatabase( 3292): 	at com.android.providers.media.MediaScannerService.run(MediaScannerService.java:206)
E/SQLiteDatabase( 3292): 	at java.lang.Thread.run(Thread.java:841)
E/SQLiteLog( 3292): (1) table files has no column named filename_extension
E/SQLiteDatabase( 3292): Error inserting bucket_id=-1739773001 title_pinyin_key=VID_00000000000020150901_00000000000000115618 media_type=3 storage_id=65537 date_modified=1441122981 width=1280 album=Camera parent=10 format=12299 resolution=1280x720 bucket_display_name=Camera is_drm=false volume_id=-1 title=VID_20150901_115618 duration=2624 height=720 mime_type=video/mp4 date_added=1455923383 _display_name=VID_20150901_115618.mp4 filename_extension=mp4 attached=1 _size=4361195 artist=<unknown> datetaken=1441122981000 _data=/storage/emulated/0/DCIM/Camera/VID_20150901_115618.mp4
E/SQLiteDatabase( 3292): android.database.sqlite.SQLiteException: table files has no column named filename_extension (code 1): , while compiling: INSERT INTO files(bucket_id,title_pinyin_key,media_type,storage_id,date_modified,width,album,parent,format,resolution,bucket_display_name,is_drm,volume_id,title,duration,height,mime_type,date_added,_display_name,filename_extension,attached,_size,artist,datetaken,_data) VALUES (?,?,?,?,?,?,?,?,?,?,?,?,?,?,?,?,?,?,?,?,?,?,?,?,?)
E/SQLiteDatabase( 3292): 	at android.database.sqlite.SQLiteConnection.nativePrepareStatement(Native Method)
E/SQLiteDatabase( 3292): 	at android.database.sqlite.SQLiteConnection.acquirePreparedStatement(SQLiteConnection.java:889)
E/SQLiteDatabase( 3292): 	at android.database.sqlite.SQLiteConnection.prepare(SQLiteConnection.java:500)
E/SQLiteDatabase( 3292): 	at android.database.sqlite.SQLiteSession.prepare(SQLiteSession.java:588)
E/SQLiteDatabase( 3292): 	at android.database.sqlite.SQLiteProgram.<init>(SQLiteProgram.java:58)
E/SQLiteDatabase( 3292): 	at android.database.sqlite.SQLiteStatement.<init>(SQLiteStatement.java:31)
E/SQLiteDatabase( 3292): 	at android.database.sqlite.SQLiteDatabase.insertWithOnConflict(SQLiteDatabase.java:1467)
E/SQLiteDatabase( 3292): 	at android.database.sqlite.SQLiteDatabase.insert(SQLiteDatabase.java:1339)
E/SQLiteDatabase( 3292): 	at com.android.providers.media.MediaProvider.insertFile(MediaProvider.java:4144)
E/SQLiteDatabase( 3292): 	at com.android.providers.media.MediaProvider.insertInternal(MediaProvider.java:4554)
E/SQLiteDatabase( 3292): 	at com.android.providers.media.MediaProvider.bulkInsert(MediaProvider.java:3619)
E/SQLiteDatabase( 3292): 	at android.content.ContentProvider$Transport.bulkInsert(ContentProvider.java:236)
E/SQLiteDatabase( 3292): 	at android.media.MediaInserter.flush(MediaInserter.java:97)
E/SQLiteDatabase( 3292): 	at android.media.MediaInserter.flushAll(MediaInserter.java:76)
E/SQLiteDatabase( 3292): 	at android.media.MediaScanner.scanDirectories(MediaScanner.java:1851)
E/SQLiteDatabase( 3292): 	at com.android.providers.media.MediaScannerService.scan(MediaScannerService.java:114)
E/SQLiteDatabase( 3292): 	at com.android.providers.media.MediaScannerService.access$300(MediaScannerService.java:44)
E/SQLiteDatabase( 3292): 	at com.android.providers.media.MediaScannerService$ServiceHandler.handleMessage(MediaScannerService.java:330)
E/SQLiteDatabase( 3292): 	at android.os.Handler.dispatchMessage(Handler.java:102)
E/SQLiteDatabase( 3292): 	at android.os.Looper.loop(Looper.java:136)
E/SQLiteDatabase( 3292): 	at com.android.providers.media.MediaScannerService.run(MediaScannerService.java:206)
E/SQLiteDatabase( 3292): 	at java.lang.Thread.run(Thread.java:841)
E/SQLiteLog( 3292): (1) table files has no column named filename_extension
E/SQLiteDatabase( 3292): Error inserting bucket_id=-1739773001 title_pinyin_key=VID_00000000000020150901_00000000000000115731 media_type=3 storage_id=65537 date_modified=1441123057 width=1280 album=Camera parent=10 format=12299 resolution=1280x720 bucket_display_name=Camera is_drm=false volume_id=-1 title=VID_20150901_115731 duration=4629 height=720 mime_type=video/mp4 date_added=1455923383 _display_name=VID_20150901_115731.mp4 filename_extension=mp4 attached=1 _size=7377759 artist=<unknown> datetaken=1441123057000 _data=/storage/emulated/0/DCIM/Camera/VID_20150901_115731.mp4
E/SQLiteDatabase( 3292): android.database.sqlite.SQLiteException: table files has no column named filename_extension (code 1): , while compiling: INSERT INTO files(bucket_id,title_pinyin_key,media_type,storage_id,date_modified,width,album,parent,format,resolution,bucket_display_name,is_drm,volume_id,title,duration,height,mime_type,date_added,_display_name,filename_extension,attached,_size,artist,datetaken,_data) VALUES (?,?,?,?,?,?,?,?,?,?,?,?,?,?,?,?,?,?,?,?,?,?,?,?,?)
E/SQLiteDatabase( 3292): 	at android.database.sqlite.SQLiteConnection.nativePrepareStatement(Native Method)
E/SQLiteDatabase( 3292): 	at android.database.sqlite.SQLiteConnection.acquirePreparedStatement(SQLiteConnection.java:889)
E/SQLiteDatabase( 3292): 	at android.database.sqlite.SQLiteConnection.prepare(SQLiteConnection.java:500)
E/SQLiteDatabase( 3292): 	at android.database.sqlite.SQLiteSession.prepare(SQLiteSession.java:588)
E/SQLiteDatabase( 3292): 	at android.database.sqlite.SQLiteProgram.<init>(SQLiteProgram.java:58)
E/SQLiteDatabase( 3292): 	at android.database.sqlite.SQLiteStatement.<init>(SQLiteStatement.java:31)
E/SQLiteDatabase( 3292): 	at android.database.sqlite.SQLiteDatabase.insertWithOnConflict(SQLiteDatabase.java:1467)
E/SQLiteDatabase( 3292): 	at android.database.sqlite.SQLiteDatabase.insert(SQLiteDatabase.java:1339)
E/SQLiteDatabase( 3292): 	at com.android.providers.media.MediaProvider.insertFile(MediaProvider.java:4144)
E/SQLiteDatabase( 3292): 	at com.android.providers.media.MediaProvider.insertInternal(MediaProvider.java:4554)
E/SQLiteDatabase( 3292): 	at com.android.providers.media.MediaProvider.bulkInsert(MediaProvider.java:3619)
E/SQLiteDatabase( 3292): 	at android.content.ContentProvider$Transport.bulkInsert(ContentProvider.java:236)
E/SQLiteDatabase( 3292): 	at android.media.MediaInserter.flush(MediaInserter.java:97)
E/SQLiteDatabase( 3292): 	at android.media.MediaInserter.flushAll(MediaInserter.java:76)
E/SQLiteDatabase( 3292): 	at android.media.MediaScanner.scanDirectories(MediaScanner.java:1851)
E/SQLiteDatabase( 3292): 	at com.android.providers.media.MediaScannerService.scan(MediaScannerService.java:114)
E/SQLiteDatabase( 3292): 	at com.android.providers.media.MediaScannerService.access$300(MediaScannerService.java:44)
E/SQLiteDatabase( 3292): 	at com.android.providers.media.MediaScannerService$ServiceHandler.handleMessage(MediaScannerService.java:330)
E/SQLiteDatabase( 3292): 	at android.os.Handler.dispatchMessage(Handler.java:102)
E/SQLiteDatabase( 3292): 	at android.os.Looper.loop(Looper.java:136)
E/SQLiteDatabase( 3292): 	at com.android.providers.media.MediaScannerService.run(MediaScannerService.java:206)
E/SQLiteDatabase( 3292): 	at java.lang.Thread.run(Thread.java:841)
E/SQLiteLog( 3292): (1) table files has no column named filename_extension
E/SQLiteDatabase( 3292): Error inserting bucket_id=-1739773001 title_pinyin_key=VID_00000000000020160114_00000000000000182302 media_type=3 storage_id=65537 date_modified=1452813808 width=1280 album=Camera parent=10 format=12299 resolution=1280x720 bucket_display_name=Camera is_drm=false volume_id=-1 title=VID_20160114_182302 duration=25472 height=720 mime_type=video/mp4 date_added=1455923383 _display_name=VID_20160114_182302.mp4 filename_extension=mp4 attached=1 _size=44375269 artist=<unknown> datetaken=1452813808000 _data=/storage/emulated/0/DCIM/Camera/VID_20160114_182302.mp4
E/SQLiteDatabase( 3292): android.database.sqlite.SQLiteException: table files has no column named filename_extension (code 1): , while compiling: INSERT INTO files(bucket_id,title_pinyin_key,media_type,storage_id,date_modified,width,album,parent,format,resolution,bucket_display_name,is_drm,volume_id,title,duration,height,mime_type,date_added,_display_name,filename_extension,attached,_size,artist,datetaken,_data) VALUES (?,?,?,?,?,?,?,?,?,?,?,?,?,?,?,?,?,?,?,?,?,?,?,?,?)
E/SQLiteDatabase( 3292): 	at android.database.sqlite.SQLiteConnection.nativePrepareStatement(Native Method)
E/SQLiteDatabase( 3292): 	at android.database.sqlite.SQLiteConnection.acquirePreparedStatement(SQLiteConnection.java:889)
E/SQLiteDatabase( 3292): 	at android.database.sqlite.SQLiteConnection.prepare(SQLiteConnection.java:500)
E/SQLiteDatabase( 3292): 	at android.database.sqlite.SQLiteSession.prepare(SQLiteSession.java:588)
