D/DisplayPowerController(  821): updateAmbientLux:  mLightSensorListener lux is 492.0
D/DisplayPowerController(  821): updateAmbientLux:  mLightSensorListener lux is 493.0
D/DisplayPowerController(  821): updateAmbientLux:  mLightSensorListener lux is 495.0
D/DisplayPowerController(  821): updateAmbientLux:  mLightSensorListener lux is 496.0
D/DisplayPowerController(  821): updateAmbientLux:  mLightSensorListener lux is 497.0
D/DisplayPowerController(  821): updateAmbientLux:  mLightSensorListener lux is 495.0
D/DisplayPowerController(  821): updateAmbientLux:  mLightSensorListener lux is 494.0
D/DisplayPowerController(  821): updateAmbientLux:  mLightSensorListener lux is 355.0
D/DisplayPowerController(  821): updateAmbientLux:  mLightSensorListener lux is 237.0
D/PowerManagerService_DumpWakeLock(  821): Dump interval is: 59 s
D/PowerManagerService_DumpWakeLock(  821):  Current State is: Awake
D/PowerManagerService_DumpWakeLock(  821): Screen off timeout: 300000 ms
D/PowerManagerService_DumpWakeLock(  821): Screen dim duration: 7000 ms
D/PowerManagerService_DumpWakeLock(  821): Wake Locks: size=1
D/PowerManagerService_DumpWakeLock(  821):   SCREEN_BRIGHT_WAKE_LOCK        'WindowManager' ON_AFTER_RELEASE (uid=1000, pid=821, ws=WorkSource{10111})
D/PowerManagerService_DumpWakeLock(  821): Suspend Blockers: size=5
D/PowerManagerService_DumpWakeLock(  821):   PowerManagerService.WakeLocks: ref count=1
D/PowerManagerService_DumpWakeLock(  821):   PowerManagerService.Display: ref count=1
D/PowerManagerService_DumpWakeLock(  821):   PowerManagerService.Proximity: ref count=0
D/PowerManagerService_DumpWakeLock(  821):   PowerManagerService.Broadcasts: ref count=0
D/PowerManagerService_DumpWakeLock(  821):   PowerManagerService.WirelessChargerDetector: ref count=0
D/PowerManagerService_DumpWakeLock(  821): Screen On Blocker: held=false, mNestCount=0
D/PowerManagerService_DumpWakeLock(  821): Display Blanker: blanked=false
D/DisplayPowerController(  821): updateAmbientLux:  mLightSensorListener lux is 266.0
D/DisplayPowerController(  821): updateAmbientLux:  mLightSensorListener lux is 330.0
D/DisplayPowerController(  821): updateAmbientLux:  mLightSensorListener lux is 453.0
D/DisplayPowerController(  821): updateAmbientLux:  mLightSensorListener lux is 491.0
D/DisplayPowerController(  821): updateAmbientLux:  mLightSensorListener lux is 492.0
D/DisplayPowerController(  821): updateAmbientLux:  mLightSensorListener lux is 491.0
D/DisplayPowerController(  821): updateAmbientLux:  mLightSensorListener lux is 492.0
D/DisplayPowerController(  821): updateAmbientLux:  mLightSensorListener lux is 491.0
D/DisplayPowerController(  821): updateAmbientLux:  mLightSensorListener lux is 492.0
D/DisplayPowerController(  821): updateAmbientLux:  mLightSensorListener lux is 491.0
D/DisplayPowerController(  821): updateAmbientLux:  mLightSensorListener lux is 493.0
D/DisplayPowerController(  821): updateAmbientLux:  mLightSensorListener lux is 491.0
D/DisplayPowerController(  821): updateAmbientLux:  mLightSensorListener lux is 492.0
D/DisplayPowerController(  821): updateAmbientLux:  mLightSensorListener lux is 491.0
D/DisplayPowerController(  821): updateAmbientLux:  mLightSensorListener lux is 492.0
D/DisplayPowerController(  821): updateAmbientLux:  mLightSensorListener lux is 491.0
D/DisplayPowerController(  821): updateAmbientLux:  mLightSensorListener lux is 493.0
D/DisplayPowerController(  821): updateAmbientLux:  mLightSensorListener lux is 492.0
D/DisplayPowerController(  821): updateAmbientLux:  mLightSensorListener lux is 491.0
D/DisplayPowerController(  821): updateAmbientLux:  mLightSensorListener lux is 490.0
D/DisplayPowerController(  821): updateAmbientLux:  mLightSensorListener lux is 492.0
D/DisplayPowerController(  821): updateAmbientLux:  mLightSensorListener lux is 490.0
D/DisplayPowerController(  821): updateAmbientLux:  mLightSensorListener lux is 491.0
D/DisplayPowerController(  821): updateAmbientLux:  mLightSensorListener lux is 490.0
D/DisplayPowerController(  821): updateAmbientLux:  mLightSensorListener lux is 491.0
D/DisplayPowerController(  821): updateAmbientLux:  mLightSensorListener lux is 495.0
D/DisplayPowerController(  821): updateAmbientLux:  mLightSensorListener lux is 493.0
D/DisplayPowerController(  821): updateAmbientLux:  mLightSensorListener lux is 494.0
D/DisplayPowerController(  821): updateAmbientLux:  mLightSensorListener lux is 495.0
D/DisplayPowerController(  821): updateAmbientLux:  mLightSensorListener lux is 494.0
D/DisplayPowerController(  821): updateAmbientLux:  mLightSensorListener lux is 495.0
D/DisplayPowerController(  821): updateAmbientLux:  mLightSensorListener lux is 494.0
D/DisplayPowerController(  821): updateAmbientLux:  mLightSensorListener lux is 495.0
D/DisplayPowerController(  821): updateAmbientLux:  mLightSensorListener lux is 494.0
D/DisplayPowerController(  821): updateAmbientLux:  mLightSensorListener lux is 495.0
D/DisplayPowerController(  821): updateAmbientLux:  mLightSensorListener lux is 494.0
D/DisplayPowerController(  821): updateAmbientLux:  mLightSensorListener lux is 495.0
D/DisplayPowerController(  821): updateAmbientLux:  mLightSensorListener lux is 494.0
D/DisplayPowerController(  821): updateAmbientLux:  mLightSensorListener lux is 493.0
D/DisplayPowerController(  821): updateAmbientLux:  mLightSensorListener lux is 494.0
D/DisplayPowerController(  821): updateAmbientLux:  mLightSensorListener lux is 495.0
D/DisplayPowerController(  821): updateAmbientLux:  mLightSensorListener lux is 494.0
D/DisplayPowerController(  821): updateAmbientLux:  mLightSensorListener lux is 493.0
D/DisplayPowerController(  821): updateAmbientLux:  mLightSensorListener lux is 494.0
D/DisplayPowerController(  821): updateAmbientLux:  mLightSensorListener lux is 493.0
D/DisplayPowerController(  821): updateAmbientLux:  mLightSensorListener lux is 494.0
D/DisplayPowerController(  821): updateAmbientLux:  mLightSensorListener lux is 493.0
D/DisplayPowerController(  821): updateAmbientLux:  mLightSensorListener lux is 494.0
D/DisplayPowerController(  821): updateAmbientLux:  mLightSensorListener lux is 493.0
D/DisplayPowerController(  821): updateAmbientLux:  mLightSensorListener lux is 495.0
D/DisplayPowerController(  821): updateAmbientLux:  mLightSensorListener lux is 493.0
D/DisplayPowerController(  821): updateAmbientLux:  mLightSensorListener lux is 494.0
D/DisplayPowerController(  821): updateAmbientLux:  mLightSensorListener lux is 493.0
D/DisplayPowerController(  821): updateAmbientLux:  mLightSensorListener lux is 495.0
D/DisplayPowerController(  821): updateAmbientLux:  mLightSensorListener lux is 493.0
D/DisplayPowerController(  821): updateAmbientLux:  mLightSensorListener lux is 495.0
D/DisplayPowerController(  821): updateAmbientLux:  mLightSensorListener lux is 494.0
D/DisplayPowerController(  821): updateAmbientLux:  mLightSensorListener lux is 495.0
D/DisplayPowerController(  821): updateAmbientLux:  mLightSensorListener lux is 494.0
D/DisplayPowerController(  821): updateAmbientLux:  mLightSensorListener lux is 495.0
D/DisplayPowerController(  821): updateAmbientLux:  mLightSensorListener lux is 494.0
D/DisplayPowerController(  821): updateAmbientLux:  mLightSensorListener lux is 493.0
D/DisplayPowerController(  821): updateAmbientLux:  mLightSensorListener lux is 494.0
D/DisplayPowerController(  821): updateAmbientLux:  mLightSensorListener lux is 493.0
D/DisplayPowerController(  821): updateAmbientLux:  mLightSensorListener lux is 495.0
D/DisplayPowerController(  821): updateAmbientLux:  mLightSensorListener lux is 494.0
D/DisplayPowerController(  821): updateAmbientLux:  mLightSensorListener lux is 495.0
D/DisplayPowerController(  821): updateAmbientLux:  mLightSensorListener lux is 494.0
D/DisplayPowerController(  821): updateAmbientLux:  mLightSensorListener lux is 495.0
D/DisplayPowerController(  821): updateAmbientLux:  mLightSensorListener lux is 494.0
D/DisplayPowerController(  821): updateAmbientLux:  mLightSensorListener lux is 495.0
D/DisplayPowerController(  821): updateAmbientLux:  mLightSensorListener lux is 494.0
D/DisplayPowerController(  821): updateAmbientLux:  mLightSensorListener lux is 495.0
D/DisplayPowerController(  821): updateAmbientLux:  mLightSensorListener lux is 494.0
D/DisplayPowerController(  821): updateAmbientLux:  mLightSensorListener lux is 495.0
D/DisplayPowerController(  821): updateAmbientLux:  mLightSensorListener lux is 494.0
D/DisplayPowerController(  821): updateAmbientLux:  mLightSensorListener lux is 495.0
D/DisplayPowerController(  821): updateAmbientLux:  mLightSensorListener lux is 494.0
D/DisplayPowerController(  821): updateAmbientLux:  mLightSensorListener lux is 495.0
D/DisplayPowerController(  821): updateAmbientLux:  mLightSensorListener lux is 494.0
D/BatteryService(  821): ZTE Sending ACTION_BATTERY_CHANGED.  level:43, scale:100, status:3, health:2, present:true, voltage: 3711, temperature: 260, technology: Li-ion, AC powered:false, USB powered:false, Wireless powered:false, icon:17302952, invalid charger:0
D/PowerManagerService(  821): sendPendingNotificationsLocked mSendGoToSleepFinishedNotificationWhenReady = false
D/WifiController(  821): battery changed pluggedType: 0
D/DisplayPowerController(  821): updateAmbientLux:  mLightSensorListener lux is 495.0
D/DisplayPowerController(  821): updateAmbientLux:  mLightSensorListener lux is 493.0
D/DisplayPowerController(  821): updateAmbientLux:  mLightSensorListener lux is 495.0
D/DisplayPowerController(  821): updateAmbientLux:  mLightSensorListener lux is 494.0
D/DisplayPowerController(  821): updateAmbientLux:  mLightSensorListener lux is 495.0
D/DisplayPowerController(  821): updateAmbientLux:  mLightSensorListener lux is 494.0
D/DisplayPowerController(  821): updateAmbientLux:  mLightSensorListener lux is 495.0
D/DisplayPowerController(  821): updateAmbientLux:  mLightSensorListener lux is 494.0
D/DisplayPowerController(  821): updateAmbientLux:  mLightSensorListener lux is 493.0
D/DisplayPowerController(  821): updateAmbientLux:  mLightSensorListener lux is 495.0
D/DisplayPowerController(  821): updateAmbientLux:  mLightSensorListener lux is 494.0
D/DisplayPowerController(  821): ZTE_PM mPowerRequest.screenState is 2
D/DisplayPowerController(  821): ZTE_PM_PROX disable ProxSensor while NO useProximitySensor 
D/DisplayPowerController(  821): ZTE_PM_PROX setProximitySensorEnabled enable = false
D/DisplayPowerController(  821): ZTE_PM  setLightSensorEnabled enable = false updateAutoBrightness = false
D/PowerManagerService(  821): sendPendingNotificationsLocked mSendGoToSleepFinishedNotificationWhenReady = false
D/DisplayPowerState(  821): Updating screen state: onChanged=false, on= true, backlightChanged=true, backlight=135
D/DisplayPowerState(  821): Updating screen state: onChanged=false, on= true, backlightChanged=true, backlight=125
D/DisplayPowerState(  821): Updating screen state: onChanged=false, on= true, backlightChanged=true, backlight=112
D/DisplayPowerState(  821): Updating screen state: onChanged=false, on= true, backlightChanged=true, backlight=99
D/DisplayPowerState(  821): Updating screen state: onChanged=false, on= true, backlightChanged=true, backlight=85
D/DisplayPowerState(  821): Updating screen state: onChanged=false, on= true, backlightChanged=true, backlight=72
D/DisplayPowerState(  821): Updating screen state: onChanged=false, on= true, backlightChanged=true, backlight=59
D/DisplayPowerState(  821): Updating screen state: onChanged=false, on= true, backlightChanged=true, backlight=52
D/DisplayPowerState(  821): Updating screen state: onChanged=false, on= true, backlightChanged=true, backlight=39
D/DisplayPowerState(  821): Updating screen state: onChanged=false, on= true, backlightChanged=true, backlight=29
D/DisplayPowerState(  821): Updating screen state: onChanged=false, on= true, backlightChanged=true, backlight=19
D/DisplayPowerState(  821): Updating screen state: onChanged=false, on= true, backlightChanged=true, backlight=12
W/AlarmManager(  821): Alarm triggering: Alarm{42edc610 type 3 android}
D/PowerManagerService(  821): sendPendingNotificationsLocked mSendGoToSleepFinishedNotificationWhenReady = false
D/PowerManagerService(  821): sendPendingNotificationsLocked mSendGoToSleepFinishedNotificationWhenReady = false
D/PowerManagerService_DumpWakeLock(  821): Dump interval is: 60 s
D/PowerManagerService_DumpWakeLock(  821):  Current State is: Awake
D/PowerManagerService_DumpWakeLock(  821): Screen off timeout: 300000 ms
D/PowerManagerService_DumpWakeLock(  821): Screen dim duration: 7000 ms
D/PowerManagerService_DumpWakeLock(  821): Wake Locks: size=1
D/PowerManagerService_DumpWakeLock(  821):   SCREEN_BRIGHT_WAKE_LOCK        'WindowManager' ON_AFTER_RELEASE (uid=1000, pid=821, ws=WorkSource{10111})
D/PowerManagerService_DumpWakeLock(  821): Suspend Blockers: size=5
D/PowerManagerService_DumpWakeLock(  821):   PowerManagerService.WakeLocks: ref count=1
D/PowerManagerService_DumpWakeLock(  821):   PowerManagerService.Display: ref count=1
D/PowerManagerService_DumpWakeLock(  821):   PowerManagerService.Proximity: ref count=0
D/PowerManagerService_DumpWakeLock(  821):   PowerManagerService.Broadcasts: ref count=0
D/PowerManagerService_DumpWakeLock(  821):   PowerManagerService.WirelessChargerDetector: ref count=0
D/PowerManagerService_DumpWakeLock(  821): Screen On Blocker: held=false, mNestCount=0
D/PowerManagerService_DumpWakeLock(  821): Display Blanker: blanked=false
D/BatteryService(  821): ZTE Sending ACTION_BATTERY_CHANGED.  level:42, scale:100, status:3, health:2, present:true, voltage: 3719, temperature: 260, technology: Li-ion, AC powered:false, USB powered:false, Wireless powered:false, icon:17302952, invalid charger:0
D/WifiController(  821): battery changed pluggedType: 0
D/PowerManagerService(  821): sendPendingNotificationsLocked mSendGoToSleepFinishedNotificationWhenReady = false
D/BatteryService(  821): ZTE Sending ACTION_BATTERY_CHANGED.  level:42, scale:100, status:3, health:2, present:true, voltage: 3726, temperature: 260, technology: Li-ion, AC powered:false, USB powered:false, Wireless powered:false, icon:17302952, invalid charger:0
D/WifiController(  821): battery changed pluggedType: 0
D/PowerManagerService(  821): sendPendingNotificationsLocked mSendGoToSleepFinishedNotificationWhenReady = false
W/AlarmManager(  821): Alarm triggering: Alarm{42d1e5a8 type 3 android}
D/PowerManagerService(  821): sendPendingNotificationsLocked mSendGoToSleepFinishedNotificationWhenReady = false
D/PowerManagerService(  821): sendPendingNotificationsLocked mSendGoToSleepFinishedNotificationWhenReady = false
D/PowerManagerService_DumpWakeLock(  821): Dump interval is: 60 s
D/PowerManagerService_DumpWakeLock(  821):  Current State is: Awake
D/PowerManagerService_DumpWakeLock(  821): Screen off timeout: 300000 ms
D/PowerManagerService_DumpWakeLock(  821): Screen dim duration: 7000 ms
D/PowerManagerService_DumpWakeLock(  821): Wake Locks: size=1
D/PowerManagerService_DumpWakeLock(  821):   SCREEN_BRIGHT_WAKE_LOCK        'WindowManager' ON_AFTER_RELEASE (uid=1000, pid=821, ws=WorkSource{10111})
D/PowerManagerService_DumpWakeLock(  821): Suspend Blockers: size=5
D/PowerManagerService_DumpWakeLock(  821):   PowerManagerService.WakeLocks: ref count=1
D/PowerManagerService_DumpWakeLock(  821):   PowerManagerService.Display: ref count=1
D/PowerManagerService_DumpWakeLock(  821):   PowerManagerService.Proximity: ref count=0
D/PowerManagerService_DumpWakeLock(  821):   PowerManagerService.Broadcasts: ref count=0
D/PowerManagerService_DumpWakeLock(  821):   PowerManagerService.WirelessChargerDetector: ref count=0
D/PowerManagerService_DumpWakeLock(  821): Screen On Blocker: held=false, mNestCount=0
D/PowerManagerService_DumpWakeLock(  821): Display Blanker: blanked=false
D/BatteryService(  821): ZTE Sending ACTION_BATTERY_CHANGED.  level:42, scale:100, status:3, health:2, present:true, voltage: 3725, temperature: 260, technology: Li-ion, AC powered:false, USB powered:false, Wireless powered:false, icon:17302952, invalid charger:0
D/WifiController(  821): battery changed pluggedType: 0
D/PowerManagerService(  821): sendPendingNotificationsLocked mSendGoToSleepFinishedNotificationWhenReady = false
W/AlarmManager(  821): Alarm triggering: Alarm{42e5bd48 type 3 android}
D/PowerManagerService(  821): sendPendingNotificationsLocked mSendGoToSleepFinishedNotificationWhenReady = false
D/PowerManagerService(  821): sendPendingNotificationsLocked mSendGoToSleepFinishedNotificationWhenReady = false
D/PowerManagerService_DumpWakeLock(  821): Dump interval is: 60 s
D/PowerManagerService_DumpWakeLock(  821):  Current State is: Awake
D/PowerManagerService_DumpWakeLock(  821): Screen off timeout: 300000 ms
D/PowerManagerService_DumpWakeLock(  821): Screen dim duration: 7000 ms
D/PowerManagerService_DumpWakeLock(  821): Wake Locks: size=1
D/PowerManagerService_DumpWakeLock(  821):   SCREEN_BRIGHT_WAKE_LOCK        'WindowManager' ON_AFTER_RELEASE (uid=1000, pid=821, ws=WorkSource{10111})
D/PowerManagerService_DumpWakeLock(  821): Suspend Blockers: size=5
D/PowerManagerService_DumpWakeLock(  821):   PowerManagerService.WakeLocks: ref count=1
D/PowerManagerService_DumpWakeLock(  821):   PowerManagerService.Display: ref count=1
D/PowerManagerService_DumpWakeLock(  821):   PowerManagerService.Proximity: ref count=0
D/PowerManagerService_DumpWakeLock(  821):   PowerManagerService.Broadcasts: ref count=0
D/PowerManagerService_DumpWakeLock(  821):   PowerManagerService.WirelessChargerDetector: ref count=0
D/PowerManagerService_DumpWakeLock(  821): Screen On Blocker: held=false, mNestCount=0
D/PowerManagerService_DumpWakeLock(  821): Display Blanker: blanked=false
D/BatteryService(  821): ZTE Sending ACTION_BATTERY_CHANGED.  level:42, scale:100, status:3, health:2, present:true, voltage: 3713, temperature: 260, technology: Li-ion, AC powered:false, USB powered:false, Wireless powered:false, icon:17302952, invalid charger:0
D/PowerManagerService(  821): sendPendingNotificationsLocked mSendGoToSleepFinishedNotificationWhenReady = false
D/WifiController(  821): battery changed pluggedType: 0
W/AlarmManager(  821): Alarm triggering: Alarm{432914c8 type 3 android}
D/PowerManagerService(  821): sendPendingNotificationsLocked mSendGoToSleepFinishedNotificationWhenReady = false
D/PowerManagerService(  821): sendPendingNotificationsLocked mSendGoToSleepFinishedNotificationWhenReady = false
D/PowerManagerService_DumpWakeLock(  821): Dump interval is: 60 s
D/PowerManagerService_DumpWakeLock(  821):  Current State is: Awake
D/PowerManagerService_DumpWakeLock(  821): Screen off timeout: 300000 ms
D/PowerManagerService_DumpWakeLock(  821): Screen dim duration: 7000 ms
D/PowerManagerService_DumpWakeLock(  821): Wake Locks: size=1
D/PowerManagerService_DumpWakeLock(  821):   SCREEN_BRIGHT_WAKE_LOCK        'WindowManager' ON_AFTER_RELEASE (uid=1000, pid=821, ws=WorkSource{10111})
D/PowerManagerService_DumpWakeLock(  821): Suspend Blockers: size=5
D/PowerManagerService_DumpWakeLock(  821):   PowerManagerService.WakeLocks: ref count=1
D/PowerManagerService_DumpWakeLock(  821):   PowerManagerService.Display: ref count=1
D/PowerManagerService_DumpWakeLock(  821):   PowerManagerService.Proximity: ref count=0
D/PowerManagerService_DumpWakeLock(  821):   PowerManagerService.Broadcasts: ref count=0
D/PowerManagerService_DumpWakeLock(  821):   PowerManagerService.WirelessChargerDetector: ref count=0
D/PowerManagerService_DumpWakeLock(  821): Screen On Blocker: held=false, mNestCount=0
D/PowerManagerService_DumpWakeLock(  821): Display Blanker: blanked=false
D/BatteryService(  821): ZTE Sending ACTION_BATTERY_CHANGED.  level:41, scale:100, status:3, health:2, present:true, voltage: 3706, temperature: 260, technology: Li-ion, AC powered:false, USB powered:false, Wireless powered:false, icon:17302952, invalid charger:0
D/WifiController(  821): battery changed pluggedType: 0
D/PowerManagerService(  821): sendPendingNotificationsLocked mSendGoToSleepFinishedNotificationWhenReady = false
--------- beginning of /dev/log/main
D/WifiStateMachine(  821): handleMessage: E msg.what=131155
D/WifiStateMachine(  821): processMsg: ConnectedState
D/WifiStateMachine(  821): processMsg: L2ConnectedState
E/WifiManager(  821): calculateSignalLevel(), enter. rssi=-74 numLevels=5 getNameForPid(821)=system_server
D/WifiStateMachine(  821): handleMessage: X
D/dalvikvm(21228): GC_CONCURRENT freed 1980K, 46% free 6109K/11144K, paused 2ms+4ms, total 32ms
D/dalvikvm(21228): GC_CONCURRENT freed 1987K, 46% free 6117K/11144K, paused 2ms+5ms, total 43ms
D/dalvikvm(21228): GC_CONCURRENT freed 2025K, 46% free 6122K/11144K, paused 3ms+6ms, total 55ms
D/dalvikvm(21228): GC_CONCURRENT freed 1995K, 46% free 6126K/11144K, paused 4ms+7ms, total 56ms
D/WifiStateMachine(  821): handleMessage: E msg.what=131155
D/WifiStateMachine(  821): processMsg: ConnectedState
D/WifiStateMachine(  821): processMsg: L2ConnectedState
E/WifiManager(  821): calculateSignalLevel(), enter. rssi=-74 numLevels=5 getNameForPid(821)=system_server
D/WifiStateMachine(  821): handleMessage: X
D/dalvikvm(21228): GC_CONCURRENT freed 1984K, 46% free 6118K/11144K, paused 3ms+3ms, total 41ms
D/dalvikvm(21228): GC_CONCURRENT freed 1987K, 45% free 6143K/11144K, paused 3ms+3ms, total 50ms
D/dalvikvm(21228): GC_CONCURRENT freed 1999K, 46% free 6120K/11144K, paused 3ms+4ms, total 42ms
D/dalvikvm(21228): GC_CONCURRENT freed 1994K, 46% free 6122K/11144K, paused 3ms+4ms, total 44ms
D/WifiStateMachine(  821): handleMessage: E msg.what=131155
D/WifiStateMachine(  821): processMsg: ConnectedState
D/WifiStateMachine(  821): processMsg: L2ConnectedState
E/WifiManager(  821): calculateSignalLevel(), enter. rssi=-74 numLevels=5 getNameForPid(821)=system_server
D/WifiStateMachine(  821): handleMessage: X
D/dalvikvm(21228): GC_CONCURRENT freed 1978K, 46% free 6116K/11144K, paused 3ms+3ms, total 40ms
D/dalvikvm(21228): GC_CONCURRENT freed 1976K, 46% free 6120K/11144K, paused 1ms+6ms, total 37ms
D/dalvikvm(21228): GC_CONCURRENT freed 1989K, 46% free 6110K/11144K, paused 2ms+4ms, total 34ms
D/StatusBar.NetworkController(  975): refreshViews: Data not connected!! Set no data type icon / Roaming
D/dalvikvm(21228): GC_CONCURRENT freed 1979K, 46% free 6120K/11144K, paused 3ms+3ms, total 37ms
D/dalvikvm(21228): GC_CONCURRENT freed 1971K, 46% free 6128K/11144K, paused 3ms+4ms, total 47ms
D/WifiStateMachine(  821): handleMessage: E msg.what=131155
D/WifiStateMachine(  821): processMsg: ConnectedState
D/WifiStateMachine(  821): processMsg: L2ConnectedState
E/WifiManager(  821): calculateSignalLevel(), enter. rssi=-74 numLevels=5 getNameForPid(821)=system_server
D/WifiStateMachine(  821): handleMessage: X
D/dalvikvm(21228): GC_CONCURRENT freed 1998K, 46% free 6121K/11144K, paused 1ms+4ms, total 40ms
D/dalvikvm(21228): GC_CONCURRENT freed 1978K, 46% free 6108K/11144K, paused 3ms+4ms, total 31ms
D/dalvikvm(21228): GC_CONCURRENT freed 2001K, 46% free 6122K/11144K, paused 3ms+3ms, total 48ms
D/dalvikvm(21228): GC_CONCURRENT freed 1986K, 46% free 6117K/11144K, paused 2ms+4ms, total 36ms
D/WifiStateMachine(  821): handleMessage: E msg.what=131155
D/WifiStateMachine(  821): processMsg: ConnectedState
D/WifiStateMachine(  821): processMsg: L2ConnectedState
E/WifiManager(  821): calculateSignalLevel(), enter. rssi=-74 numLevels=5 getNameForPid(821)=system_server
D/WifiStateMachine(  821): handleMessage: X
D/StatusBar.NetworkController(  975): refreshViews: Data not connected!! Set no data type icon / Roaming
D/PowerManagerService(  821): sendPendingNotificationsLocked mSendGoToSleepFinishedNotificationWhenReady = false
D/dalvikvm(21228): GC_CONCURRENT freed 1993K, 46% free 6113K/11144K, paused 3ms+3ms, total 41ms
D/dalvikvm(21228): GC_CONCURRENT freed 1991K, 45% free 6133K/11144K, paused 3ms+4ms, total 54ms
D/dalvikvm(21228): GC_CONCURRENT freed 1996K, 46% free 6128K/11144K, paused 3ms+4ms, total 52ms
D/dalvikvm(21228): GC_CONCURRENT freed 1978K, 46% free 6126K/11144K, paused 3ms+5ms, total 35ms
D/WifiStateMachine(  821): handleMessage: E msg.what=131155
D/WifiStateMachine(  821): processMsg: ConnectedState
D/WifiStateMachine(  821): processMsg: L2ConnectedState
E/WifiManager(  821): calculateSignalLevel(), enter. rssi=-73 numLevels=5 getNameForPid(821)=system_server
D/WifiStateMachine(  821): handleMessage: X
D/dalvikvm(21228): GC_CONCURRENT freed 2006K, 45% free 6129K/11144K, paused 3ms+5ms, total 53ms
D/dalvikvm(21228): GC_CONCURRENT freed 2013K, 46% free 6114K/11144K, paused 3ms+4ms, total 43ms
D/dalvikvm(21228): GC_CONCURRENT freed 1965K, 45% free 6132K/11144K, paused 2ms+3ms, total 40ms
D/dalvikvm(21228): GC_CONCURRENT freed 2011K, 45% free 6135K/11144K, paused 4ms+4ms, total 55ms
D/WifiStateMachine(  821): handleMessage: E msg.what=131155
D/WifiStateMachine(  821): processMsg: ConnectedState
D/WifiStateMachine(  821): processMsg: L2ConnectedState
E/WifiManager(  821): calculateSignalLevel(), enter. rssi=-76 numLevels=5 getNameForPid(821)=system_server
D/WifiStateMachine(  821): handleMessage: X
D/dalvikvm(21228): GC_CONCURRENT freed 2019K, 45% free 6135K/11144K, paused 3ms+4ms, total 55ms
D/dalvikvm(21228): GC_CONCURRENT freed 1994K, 46% free 6126K/11144K, paused 3ms+4ms, total 46ms
D/PowerManagerService(  821): sendPendingNotificationsLocked mSendGoToSleepFinishedNotificationWhenReady = false
D/dalvikvm(21228): GC_CONCURRENT freed 1977K, 46% free 6117K/11144K, paused 2ms+3ms, total 36ms
D/dalvikvm(21228): GC_CONCURRENT freed 1979K, 46% free 6115K/11144K, paused 2ms+2ms, total 44ms
D/WifiStateMachine(  821): handleMessage: E msg.what=131155
D/WifiStateMachine(  821): processMsg: ConnectedState
D/WifiStateMachine(  821): processMsg: L2ConnectedState
E/WifiManager(  821): calculateSignalLevel(), enter. rssi=-74 numLevels=5 getNameForPid(821)=system_server
D/WifiStateMachine(  821): handleMessage: X
D/dalvikvm(21228): GC_CONCURRENT freed 1971K, 46% free 6112K/11144K, paused 3ms+4ms, total 36ms
D/LockScreen_KeyguardUpdateMonitor(  975): received broadcast android.intent.action.TIME_TICK
D/LockScreen_DMLockCodeController(  975): canAcceptIntent - can: false
D/LockScreen_CMASAlertController(  975): canAcceptIntent - can: false
D/LockScreen_KeyguardUpdateMonitor(  975): handleTimeUpdate
W/AlarmManager(  821): Alarm triggering: Alarm{42ca35a8 type 3 android}
D/PowerManagerService(  821): sendPendingNotificationsLocked mSendGoToSleepFinishedNotificationWhenReady = false
E/niejiyong(  975): WeatherService is Running
E/niejiyong(  975): Weather process is Running
E/niejiyong(  975): WeatherService is Running
E/niejiyong(  975): Weather process is Running
D/haha    ( 1045): mDateTimeReceiver intent::Intent { act=android.intent.action.TIME_TICK flg=0x50000014 (has extras) }
E/niejiyong( 1045): TypeBWeatherWidget :: performUpdate..
E/niejiyong( 1045): TypeBWeatherWidget :: performUpdate..cityLocationId = cityId:2127968
D/haha    ( 1045): WeatherWidget update  AmPm=1,  Hour=6,  Minute=2
D/PowerManagerService(  821): sendPendingNotificationsLocked mSendGoToSleepFinishedNotificationWhenReady = false
D/dalvikvm(21228): GC_CONCURRENT freed 1975K, 46% free 6110K/11144K, paused 3ms+3ms, total 33ms
D/dalvikvm(21228): GC_CONCURRENT freed 1995K, 46% free 6120K/11144K, paused 3ms+3ms, total 41ms
D/dalvikvm(21228): GC_CONCURRENT freed 2005K, 45% free 6130K/11144K, paused 3ms+3ms, total 54ms
D/WifiStateMachine(  821): handleMessage: E msg.what=131155
D/WifiStateMachine(  821): processMsg: ConnectedState
D/WifiStateMachine(  821): processMsg: L2ConnectedState
E/WifiManager(  821): calculateSignalLevel(), enter. rssi=-73 numLevels=5 getNameForPid(821)=system_server
D/WifiStateMachine(  821): handleMessage: X
D/dalvikvm(21228): GC_CONCURRENT freed 1988K, 46% free 6126K/11144K, paused 3ms+4ms, total 37ms
D/dalvikvm(21228): GC_CONCURRENT freed 1998K, 46% free 6121K/11144K, paused 3ms+5ms, total 48ms
D/dalvikvm(21228): GC_CONCURRENT freed 1988K, 46% free 6124K/11144K, paused 3ms+3ms, total 52ms
D/dalvikvm(21228): GC_CONCURRENT freed 1988K, 45% free 6132K/11144K, paused 3ms+4ms, total 40ms
D/WifiStateMachine(  821): handleMessage: E msg.what=131155
D/WifiStateMachine(  821): processMsg: ConnectedState
D/WifiStateMachine(  821): processMsg: L2ConnectedState
E/WifiManager(  821): calculateSignalLevel(), enter. rssi=-75 numLevels=5 getNameForPid(821)=system_server
D/WifiStateMachine(  821): handleMessage: X
D/dalvikvm(21228): GC_CONCURRENT freed 1984K, 45% free 6155K/11144K, paused 2ms+5ms, total 50ms
D/dalvikvm(21228): GC_CONCURRENT freed 2022K, 46% free 6115K/11144K, paused 3ms+4ms, total 39ms
D/StatusBar.NetworkController(  975): refreshViews: Data not connected!! Set no data type icon / Roaming
D/dalvikvm(21228): GC_CONCURRENT freed 1977K, 46% free 6122K/11144K, paused 2ms+4ms, total 46ms
D/dalvikvm(21228): GC_CONCURRENT freed 1967K, 46% free 6110K/11144K, paused 3ms+2ms, total 32ms
D/WifiStateMachine(  821): handleMessage: E msg.what=131155
D/WifiStateMachine(  821): processMsg: ConnectedState
D/WifiStateMachine(  821): processMsg: L2ConnectedState
E/WifiManager(  821): calculateSignalLevel(), enter. rssi=-74 numLevels=5 getNameForPid(821)=system_server
D/WifiStateMachine(  821): handleMessage: X
D/dalvikvm(21228): GC_CONCURRENT freed 1966K, 46% free 6122K/11144K, paused 3ms+5ms, total 41ms
D/dalvikvm(21228): GC_CONCURRENT freed 1989K, 46% free 6124K/11144K, paused 4ms+4ms, total 55ms
D/StatusBar.NetworkController(  975): refreshViews: Data not connected!! Set no data type icon / Roaming
D/PowerManagerService_DumpWakeLock(  821): Dump interval is: 60 s
D/PowerManagerService_DumpWakeLock(  821):  Current State is: Awake
D/PowerManagerService_DumpWakeLock(  821): Screen off timeout: 300000 ms
D/PowerManagerService_DumpWakeLock(  821): Screen dim duration: 7000 ms
D/PowerManagerService_DumpWakeLock(  821): Wake Locks: size=1
D/PowerManagerService_DumpWakeLock(  821):   SCREEN_BRIGHT_WAKE_LOCK        'WindowManager' ON_AFTER_RELEASE (uid=1000, pid=821, ws=WorkSource{10111})
D/PowerManagerService_DumpWakeLock(  821): Suspend Blockers: size=5
D/PowerManagerService_DumpWakeLock(  821):   PowerManagerService.WakeLocks: ref count=1
D/PowerManagerService_DumpWakeLock(  821):   PowerManagerService.Display: ref count=1
D/PowerManagerService_DumpWakeLock(  821):   PowerManagerService.Proximity: ref count=0
D/PowerManagerService_DumpWakeLock(  821):   PowerManagerService.Broadcasts: ref count=0
D/PowerManagerService_DumpWakeLock(  821):   PowerManagerService.WirelessChargerDetector: ref count=0
D/PowerManagerService_DumpWakeLock(  821): Screen On Blocker: held=false, mNestCount=0
D/PowerManagerService_DumpWakeLock(  821): Display Blanker: blanked=false
D/dalvikvm(21228): GC_CONCURRENT freed 2020K, 46% free 6124K/11144K, paused 2ms+6ms, total 61ms
D/StatusBar.NetworkController(  975): refreshViews: Data not connected!! Set no data type icon / Roaming
D/dalvikvm(21228): GC_CONCURRENT freed 1986K, 46% free 6117K/11144K, paused 1ms+3ms, total 36ms
I/RobotCore(21228): Battery Checker, Level Remaining: 41.0
D/WifiStateMachine(  821): handleMessage: E msg.what=131155
D/WifiStateMachine(  821): processMsg: ConnectedState
D/WifiStateMachine(  821): processMsg: L2ConnectedState
E/WifiManager(  821): calculateSignalLevel(), enter. rssi=-73 numLevels=5 getNameForPid(821)=system_server
D/WifiStateMachine(  821): handleMessage: X
D/dalvikvm(21228): GC_CONCURRENT freed 1983K, 46% free 6118K/11144K, paused 2ms+4ms, total 38ms
D/StatusBar.NetworkController(  975): refreshViews: Data not connected!! Set no data type icon / Roaming
D/dalvikvm(21228): GC_CONCURRENT freed 1979K, 45% free 6130K/11144K, paused 3ms+3ms, total 37ms
D/dalvikvm(21228): GC_CONCURRENT freed 2006K, 46% free 6118K/11144K, paused 3ms+7ms, total 44ms
D/dalvikvm(21228): GC_CONCURRENT freed 1986K, 45% free 6146K/11144K, paused 3ms+3ms, total 51ms
D/dalvikvm(21228): GC_CONCURRENT freed 2008K, 46% free 6126K/11144K, paused 2ms+3ms, total 44ms
D/WifiStateMachine(  821): handleMessage: E msg.what=131155
D/WifiStateMachine(  821): processMsg: ConnectedState
D/WifiStateMachine(  821): processMsg: L2ConnectedState
E/WifiManager(  821): calculateSignalLevel(), enter. rssi=-73 numLevels=5 getNameForPid(821)=system_server
D/WifiStateMachine(  821): handleMessage: X
D/StatusBar.NetworkController(  975): refreshViews: Data not connected!! Set no data type icon / Roaming
D/dalvikvm(21228): GC_CONCURRENT freed 1983K, 46% free 6127K/11144K, paused 3ms+6ms, total 51ms
D/StatusBar.NetworkController(  975): refreshViews: Data not connected!! Set no data type icon / Roaming
D/dalvikvm(21228): GC_CONCURRENT freed 2006K, 46% free 6120K/11144K, paused 3ms+3ms, total 44ms
D/dalvikvm(21228): GC_CONCURRENT freed 2010K, 45% free 6134K/11144K, paused 3ms+5ms, total 58ms
D/dalvikvm(21228): GC_CONCURRENT freed 2041K, 46% free 6118K/11144K, paused 4ms+4ms, total 52ms
D/WifiStateMachine(  821): handleMessage: E msg.what=131155
D/WifiStateMachine(  821): processMsg: ConnectedState
D/WifiStateMachine(  821): processMsg: L2ConnectedState
E/WifiManager(  821): calculateSignalLevel(), enter. rssi=-74 numLevels=5 getNameForPid(821)=system_server
D/WifiStateMachine(  821): handleMessage: X
D/dalvikvm(21228): GC_CONCURRENT freed 2003K, 45% free 6141K/11144K, paused 3ms+5ms, total 54ms
D/StatusBar.NetworkController(  975): refreshViews: Data not connected!! Set no data type icon / Roaming
D/dalvikvm(21228): GC_CONCURRENT freed 2023K, 46% free 6119K/11144K, paused 2ms+4ms, total 45ms
D/StatusBar.NetworkController(  975): refreshViews: Data not connected!! Set no data type icon / Roaming
D/dalvikvm(21228): GC_CONCURRENT freed 1980K, 46% free 6125K/11144K, paused 3ms+5ms, total 49ms
D/dalvikvm(21228): GC_CONCURRENT freed 1980K, 46% free 6125K/11144K, paused 2ms+4ms, total 42ms
D/WifiStateMachine(  821): handleMessage: E msg.what=131155
D/WifiStateMachine(  821): processMsg: ConnectedState
D/WifiStateMachine(  821): processMsg: L2ConnectedState
E/WifiManager(  821): calculateSignalLevel(), enter. rssi=-73 numLevels=5 getNameForPid(821)=system_server
D/WifiStateMachine(  821): handleMessage: X
D/dalvikvm(21228): GC_CONCURRENT freed 1976K, 46% free 6120K/11144K, paused 2ms+3ms, total 35ms
D/PowerManagerService(  821): sendPendingNotificationsLocked mSendGoToSleepFinishedNotificationWhenReady = false
D/LightsService(  821):  Trun on the button and after 2000s,then turn off the button !
D/LockScreen_KeyguardViewMediator(  975): setHidden false
D/LockScreen_KeyguardUpdateMonitor(  975): sendKeyguardVisibilityChanged(true)
D/LockScreen_KeyguardUpdateMonitor(  975): handleKeyguardVisibilityChanged(1)
D/LockScreen_KeyguardViewMediator(  975): setHidden false
D/LockScreen_KeyguardUpdateMonitor(  975): sendKeyguardVisibilityChanged(true)
D/LockScreen_KeyguardUpdateMonitor(  975): handleKeyguardVisibilityChanged(1)
D/LockScreen_KeyguardViewMediator(  975): setHidden false
D/LockScreen_KeyguardUpdateMonitor(  975): sendKeyguardVisibilityChanged(true)
D/LockScreen_KeyguardUpdateMonitor(  975): handleKeyguardVisibilityChanged(1)
D/LockScreen_KeyguardViewMediator(  975): setHidden false
D/LockScreen_KeyguardUpdateMonitor(  975): sendKeyguardVisibilityChanged(true)
D/LockScreen_KeyguardUpdateMonitor(  975): handleKeyguardVisibilityChanged(1)
D/LockScreen_KeyguardViewMediator(  975): setHidden false
D/LockScreen_KeyguardUpdateMonitor(  975): sendKeyguardVisibilityChanged(true)
D/LockScreen_KeyguardUpdateMonitor(  975): handleKeyguardVisibilityChanged(1)
D/LockScreen_KeyguardViewMediator(  975): setHidden false
D/LockScreen_KeyguardUpdateMonitor(  975): sendKeyguardVisibilityChanged(true)
D/LockScreen_KeyguardUpdateMonitor(  975): handleKeyguardVisibilityChanged(1)
D/dalvikvm(21228): GC_CONCURRENT freed 1974K, 45% free 6130K/11144K, paused 1ms+5ms, total 39ms
D/dalvikvm(21228): GC_CONCURRENT freed 1976K, 46% free 6121K/11144K, paused 2ms+4ms, total 32ms
D/StatusBar.NetworkController(  975): refreshViews: Data not connected!! Set no data type icon / Roaming
D/PowerManagerService(  821): sendPendingNotificationsLocked mSendGoToSleepFinishedNotificationWhenReady = false
D/LightsService(  821):  Trun on the button and after 2000s,then turn off the button !
D/WallpaperService(  821): mWallpaperDir=/data/system/users/0, path=package-restrictions.xml
D/WallpaperService(  821): mWallpaperDir=/data/system/users/0, path=package-restrictions-backup.xml
I/ActivityManager(  821): START u0 {act=com.qualcomm.ftccommon.FtcRobotControllerSettingsActivity.intent.action.Launch cmp=com.qualcomm.ftcrobotcontroller/com.qualcomm.ftccommon.FtcRobotControllerSettingsActivity} from pid 21228
D/PowerManagerService(  821): sendPendingNotificationsLocked mSendGoToSleepFinishedNotificationWhenReady = false
D/LockScreen_KeyguardViewMediator(  975): setHidden false
D/LockScreen_KeyguardUpdateMonitor(  975): sendKeyguardVisibilityChanged(true)
D/LockScreen_KeyguardUpdateMonitor(  975): handleKeyguardVisibilityChanged(1)
D/LockScreen_KeyguardViewMediator(  975): setHidden false
D/LockScreen_KeyguardUpdateMonitor(  975): sendKeyguardVisibilityChanged(true)
D/LockScreen_KeyguardUpdateMonitor(  975): handleKeyguardVisibilityChanged(1)
D/LockScreen_KeyguardViewMediator(  975): setHidden false
D/LockScreen_KeyguardUpdateMonitor(  975): sendKeyguardVisibilityChanged(true)
D/LockScreen_KeyguardUpdateMonitor(  975): handleKeyguardVisibilityChanged(1)
D/dalvikvm(21228): GC_CONCURRENT freed 1973K, 45% free 6172K/11144K, paused 3ms+4ms, total 37ms
D/LockScreen_KeyguardViewMediator(  975): setHidden false
D/LockScreen_KeyguardUpdateMonitor(  975): sendKeyguardVisibilityChanged(true)
D/LockScreen_KeyguardUpdateMonitor(  975): handleKeyguardVisibilityChanged(1)
D/LockScreen_KeyguardViewMediator(  975): setHidden false
D/LockScreen_KeyguardUpdateMonitor(  975): sendKeyguardVisibilityChanged(true)
D/LockScreen_KeyguardUpdateMonitor(  975): handleKeyguardVisibilityChanged(1)
D/LockScreen_KeyguardViewMediator(  975): setHidden false
D/LockScreen_KeyguardUpdateMonitor(  975): sendKeyguardVisibilityChanged(true)
D/LockScreen_KeyguardUpdateMonitor(  975): handleKeyguardVisibilityChanged(1)
D/LockScreen_KeyguardViewMediator(  975): setHidden false
D/LockScreen_KeyguardUpdateMonitor(  975): sendKeyguardVisibilityChanged(true)
D/LockScreen_KeyguardUpdateMonitor(  975): handleKeyguardVisibilityChanged(1)
I/ActivityManager(  821): Displayed com.qualcomm.ftcrobotcontroller/com.qualcomm.ftccommon.FtcRobotControllerSettingsActivity: +203ms
D/LockScreen_KeyguardViewMediator(  975): setHidden false
D/LockScreen_KeyguardUpdateMonitor(  975): sendKeyguardVisibilityChanged(true)
D/LockScreen_KeyguardUpdateMonitor(  975): handleKeyguardVisibilityChanged(1)
D/LockScreen_KeyguardViewMediator(  975): setHidden false
D/LockScreen_KeyguardUpdateMonitor(  975): sendKeyguardVisibilityChanged(true)
D/LockScreen_KeyguardUpdateMonitor(  975): handleKeyguardVisibilityChanged(1)
I/Timeline(21228): Timeline: Activity_idle id: android.os.BinderProxy@4282d800 time:9483623
D/PowerManagerService(  821): sendPendingNotificationsLocked mSendGoToSleepFinishedNotificationWhenReady = false
D/WifiStateMachine(  821): handleMessage: E msg.what=131155
D/WifiStateMachine(  821): processMsg: ConnectedState
D/WifiStateMachine(  821): processMsg: L2ConnectedState
E/WifiManager(  821): calculateSignalLevel(), enter. rssi=-72 numLevels=5 getNameForPid(821)=system_server
D/WifiStateMachine(  821): handleMessage: X
D/StatusBar.NetworkController(  975): refreshViews: Data not connected!! Set no data type icon / Roaming
I/Timeline(  821): Timeline: Activity_windows_visible id: ActivityRecord{42cbcd80 u0 com.qualcomm.ftcrobotcontroller/com.qualcomm.ftccommon.FtcRobotControllerSettingsActivity t41} time:9483779
D/LockScreen_KeyguardViewMediator(  975): setHidden false
D/LockScreen_KeyguardUpdateMonitor(  975): sendKeyguardVisibilityChanged(true)
D/LockScreen_KeyguardUpdateMonitor(  975): handleKeyguardVisibilityChanged(1)
D/SensorManager(  821): android: registerListenerImpl  handle=0, light
D/SensorService(  821): xym SensorService::enable---on 0
D/LockScreen_KeyguardViewMediator(  975): setHidden false
D/LockScreen_KeyguardUpdateMonitor(  975): sendKeyguardVisibilityChanged(true)
D/LockScreen_KeyguardUpdateMonitor(  975): handleKeyguardVisibilityChanged(1)
D/PowerManagerService(  821): sendPendingNotificationsLocked mSendGoToSleepFinishedNotificationWhenReady = false
D/LightsService(  821):  Trun on the button and after 2000s,then turn off the button !
D/PowerManagerService(  821): sendPendingNotificationsLocked mSendGoToSleepFinishedNotificationWhenReady = false
D/DisplayPowerController(  821): ZTE_PM mPowerRequest.screenState is 2
D/DisplayPowerController(  821): ZTE_PM_PROX disable ProxSensor while NO useProximitySensor 
D/DisplayPowerController(  821): ZTE_PM_PROX setProximitySensorEnabled enable = false
D/DisplayPowerController(  821): ZTE_PM  setLightSensorEnabled enable = true updateAutoBrightness = false
W/SurfaceFlinger(  260): couldn't log to binary event log: overflow.
W/SurfaceFlinger(  260): couldn't log to binary event log: overflow.
D/LockScreen_KeyguardViewMediator(  975): setHidden false
D/LockScreen_KeyguardUpdateMonitor(  975): sendKeyguardVisibilityChanged(true)
D/LockScreen_KeyguardUpdateMonitor(  975): handleKeyguardVisibilityChanged(1)
D/WifiService(  821): releaseWifiLockLocked: WifiLock{ type=3 binder=android.os.BinderProxy@42842aa8}
I/FIRST   (21228): Stopping FTC Controller Service
V/RobotCore(21228): There are 0 Wifi Direct Assistant Clients (-)
V/RobotCore(21228): Disabling Wifi Direct Assistant
D/RobotCore(21228): RobocolDatagramSocket receive error: java.net.SocketException: Socket closed
V/RobotCore(21228): thread: ...terminating 'RecvRunnable.run()'
D/RobotCore(21228): RobocolDatagramSocket is closed
V/RobotCore(21228): thread: ...terminating 'ScheduledSendRunnable.run()'
V/RobotCore(21228): EventLoopRunnable interrupted
V/RobotCore(21228): EventLoopManager state is STOPPED
I/FIRST   (21228): Robot Status: stopped
I/FIRST   (21228): ======= TEARDOWN =======
D/RobotCore(21228): LinearOpMode received an Interrupted Exception; shutting down this linear op mode
V/RobotCore(21228): thread: ...terminating 'LinearOpModeHelper.run()'
I/FIRST   (21228): Stopping DC Motor Controller Motor Controller 3
V/RobotCore(21228): Shutting down device AL00VXQT
D/WifiP2pService(  821): GroupCreatedState{ when=-1ms what=139268 target=com.android.internal.util.StateMachine$SmHandler }  > STOP_DISCOVERY
D/WifiP2pService(  821): P2pEnabledState{ when=-1ms what=139268 target=com.android.internal.util.StateMachine$SmHandler }  > STOP_DISCOVERY
D/WifiP2pService(  821): GroupCreatedState{ when=0 what=139274 target=com.android.internal.util.StateMachine$SmHandler }  > CANCEL_CONNECT
D/WifiP2pService(  821): P2pEnabledState{ when=0 what=139274 target=com.android.internal.util.StateMachine$SmHandler }  > CANCEL_CONNECT
D/WifiP2pService(  821): DefaultState =139274
D/ProcessRequestThread::(21228): Device has been closed.
W/System.err(21228): java.lang.InterruptedException
W/System.err(21228): 	at java.util.concurrent.locks.AbstractQueuedSynchronizer.doAcquireSharedInterruptibly(AbstractQueuedSynchronizer.java:975)
W/System.err(21228): 	at java.util.concurrent.locks.AbstractQueuedSynchronizer.acquireSharedInterruptibly(AbstractQueuedSynchronizer.java:1281)
W/System.err(21228): 	at java.util.concurrent.Semaphore.acquire(Semaphore.java:283)
W/System.err(21228): 	at com.ftdi.j2xx.o.c(SourceFile:2294)
W/System.err(21228): 	at com.ftdi.j2xx.p.run(SourceFile:2764)
W/System.err(21228): 	at java.lang.Thread.run(Thread.java:841)
D/UsbDeviceConnectionJNI(21228): close
W/System.err(21228): java.lang.NullPointerException
W/System.err(21228): 	at com.ftdi.j2xx.o.e(SourceFile:2311)
W/System.err(21228): 	at com.ftdi.j2xx.a.run(SourceFile:2866)
W/System.err(21228): 	at java.lang.Thread.run(Thread.java:841)
I/FIRST   (21228): Stopping DC Motor Controller Motor Controller 5
E/BulkIn::(21228): Fatal error in BulkIn thread
V/RobotCore(21228): thread: ...terminating 'r/w loop for device AL00VXQT'
V/RobotCore(21228): Shutting down device AL00VWAX
D/ProcessRequestThread::(21228): Device has been closed.
W/System.err(21228): java.lang.InterruptedException
W/System.err(21228): 	at java.util.concurrent.locks.AbstractQueuedSynchronizer.doAcquireSharedInterruptibly(AbstractQueuedSynchronizer.java:975)
W/System.err(21228): 	at java.util.concurrent.locks.AbstractQueuedSynchronizer.acquireSharedInterruptibly(AbstractQueuedSynchronizer.java:1281)
W/System.err(21228): 	at java.util.concurrent.Semaphore.acquire(Semaphore.java:283)
W/System.err(21228): 	at com.ftdi.j2xx.o.c(SourceFile:2294)
W/System.err(21228): 	at com.ftdi.j2xx.p.run(SourceFile:2764)
W/System.err(21228): 	at java.lang.Thread.run(Thread.java:841)
D/UsbDeviceConnectionJNI(21228): close
I/FIRST   (21228): Stopping DC Motor Controller Motor Controller 1
V/RobotCore(21228): thread: ...terminating 'r/w loop for device AL00VWAX'
V/RobotCore(21228): Shutting down device AL00VW59
D/ProcessRequestThread::(21228): Device has been closed.
W/System.err(21228): java.lang.InterruptedException
W/System.err(21228): 	at java.util.concurrent.locks.AbstractQueuedSynchronizer.doAcquireSharedInterruptibly(AbstractQueuedSynchronizer.java:975)
W/System.err(21228): 	at java.util.concurrent.locks.AbstractQueuedSynchronizer.acquireSharedInterruptibly(AbstractQueuedSynchronizer.java:1281)
W/System.err(21228): 	at java.util.concurrent.Semaphore.acquire(Semaphore.java:283)
W/System.err(21228): 	at com.ftdi.j2xx.o.c(SourceFile:2294)
W/System.err(21228): 	at com.ftdi.j2xx.p.run(SourceFile:2764)
W/System.err(21228): 	at java.lang.Thread.run(Thread.java:841)
D/UsbDeviceConnectionJNI(21228): close
I/FIRST   (21228): Stopping Servo Controller Servo Controller 2
V/RobotCore(21228): thread: ...terminating 'r/w loop for device AL00VW59'
V/RobotCore(21228): Shutting down device AL00XP1Z
D/ProcessRequestThread::(21228): Device has been closed.
W/System.err(21228): java.lang.InterruptedException
W/System.err(21228): 	at java.util.concurrent.locks.AbstractQueuedSynchronizer.doAcquireSharedInterruptibly(AbstractQueuedSynchronizer.java:975)
W/System.err(21228): 	at java.util.concurrent.locks.AbstractQueuedSynchronizer.acquireSharedInterruptibly(AbstractQueuedSynchronizer.java:1281)
W/System.err(21228): 	at java.util.concurrent.Semaphore.acquire(Semaphore.java:283)
W/System.err(21228): 	at com.ftdi.j2xx.o.c(SourceFile:2294)
W/System.err(21228): 	at com.ftdi.j2xx.p.run(SourceFile:2764)
W/System.err(21228): 	at java.lang.Thread.run(Thread.java:841)
D/UsbDeviceConnectionJNI(21228): close
V/RobotCore(21228): thread: ...terminating 'r/w loop for device AL00XP1Z'
I/FIRST   (21228): Stopping Core Interface Device Module Device Interface Module 4
V/RobotCore(21228): Shutting down device AL00VGNT
D/BulkIn::(21228): Stop BulkIn thread
W/System.err(21228): java.lang.NullPointerException
W/System.err(21228): 	at com.ftdi.j2xx.o.f(SourceFile:2672)
W/System.err(21228): 	at com.ftdi.j2xx.a.run(SourceFile:2879)
W/System.err(21228): 	at java.lang.Thread.run(Thread.java:841)
D/ProcessRequestThread::(21228): Device has been closed.
W/System.err(21228): java.lang.InterruptedException
D/UsbDeviceConnectionJNI(21228): close
W/System.err(21228): 	at java.util.concurrent.locks.AbstractQueuedSynchronizer.doAcquireSharedInterruptibly(AbstractQueuedSynchronizer.java:975)
W/System.err(21228): 	at java.util.concurrent.locks.AbstractQueuedSynchronizer.acquireSharedInterruptibly(AbstractQueuedSynchronizer.java:1281)
W/System.err(21228): 	at java.util.concurrent.Semaphore.acquire(Semaphore.java:283)
W/System.err(21228): 	at com.ftdi.j2xx.o.c(SourceFile:2294)
W/System.err(21228): 	at com.ftdi.j2xx.p.run(SourceFile:2764)
W/System.err(21228): 	at java.lang.Thread.run(Thread.java:841)
V/RobotCore(21228): thread: ...terminating 'r/w loop for device AL00VGNT'
I/FIRST   (21228): ======= TEARDOWN COMPLETE =======
V/RobotCore(21228): EventLoopRunnable has exited
V/RobotCore(21228): thread: ...terminating 'EventLoopRunnable.run()'
D/BulkIn::(21228): Stop BulkIn thread
W/System.err(21228): java.lang.NullPointerException
W/System.err(21228): 	at com.ftdi.j2xx.o.f(SourceFile:2672)
W/System.err(21228): 	at com.ftdi.j2xx.a.run(SourceFile:2879)
W/System.err(21228): 	at java.lang.Thread.run(Thread.java:841)
D/SensorService(  821): xym 1 active sensors
E/SensorManager(  821): SensorListener android: light, 
D/PowerManagerService(  821): sendPendingNotificationsLocked mSendGoToSleepFinishedNotificationWhenReady = false
D/DisplayPowerState(  821): Updating screen state: onChanged=false, on= true, backlightChanged=true, backlight=15
D/ledlog_java_com(  821): Excessive delay setting light: 67ms
V/RobotCore(21228): EventLoopManager state is STOPPED
I/FIRST   (21228): Robot Status: stopped
D/RobotCore(21228): RobocolDatagramSocket is closed
I/FIRST   (21228): Robot Status: null
D/DisplayPowerState(  821): Updating screen state: onChanged=false, on= true, backlightChanged=true, backlight=29
D/ledlog_java_com(  821): Excessive delay setting light: 65ms
D/DisplayPowerState(  821): Updating screen state: onChanged=false, on= true, backlightChanged=true, backlight=42
D/ledlog_java_com(  821): Excessive delay setting light: 64ms
D/DisplayPowerState(  821): Updating screen state: onChanged=false, on= true, backlightChanged=true, backlight=52
